ASxxxx Linker V03.00 + NoICE + sdld,  page 1.
Hexadecimal  [32-Bits]

Area                                    Addr        Size        Decimal Bytes (Attributes)
--------------------------------        ----        ----        ------- ----- ------------
CABS                                00000000    00000000 =           0. bytes (ABS,CON,CODE)

      Value  Global                              Global Defined In Module
      -----  --------------------------------   ------------------------
C:   00000000  l_BIT_BANK                      
C:   00000000  l_CABS                          
C:   00000000  l_GSINIT1                       
C:   00000000  l_GSINIT5                       
C:   00000000  l_IABS                          
C:   00000000  l_PSEG                          
C:   00000000  l_REG_BANK_1                    
C:   00000000  l_REG_BANK_2                    
C:   00000000  l_REG_BANK_3                    
C:   00000000  l_RSEG                          
C:   00000000  l_RSEG0                         
C:   00000000  l_RSEG1                         
C:   00000000  l_XABS                          
C:   00000000  l_XINIT                         
C:   00000000  l_XISEG                         
C:   00000000  l__CODE                         
C:   00000000  s_BSEG                          
C:   00000000  s_CABS                          
C:   00000000  s_DSEG                          
C:   00000000  s_HOME                          
C:   00000000  s_IABS                          
C:   00000000  s_REG_BANK_0                    
C:   00000000  s_RSEG                          
C:   00000000  s_RSEG0                         
C:   00000000  s_RSEG1                         
C:   00000000  s_XABS                          
C:   00000001  s_PSEG                          
C:   00000001  s_XSEG                          
C:   00000002  l_BSEG_BYTES                    
C:   00000003  l_GSFINAL                       
C:   00000003  l_GSINIT0                       
C:   00000006  l_ISEG                          
C:   00000006  l_OSEG                          
C:   00000008  l_REG_BANK_0                    
C:   00000008  s_REG_BANK_1                    
C:   0000000A  l_BSEG                          
C:   0000000A  l_GSINIT2                       
C:   00000010  s_REG_BANK_2                    
C:   00000011  s_OSEG                          
C:   00000017  s_ISEG                          
C:   00000018  s_BIT_BANK                      
C:   00000018  s_REG_BANK_3                    
C:   0000001B  l_GSINIT                        
C:   00000020  s_BSEG_BYTES                    
C:   00000020  s__CODE                         
C:   00000022  l_GSINIT3                       
C:   0000002A  l_GSINIT4                       
C:   00000050  l_XSEG                          
C:   00000051  l_HOME                          
C:   00000051  s_GSINIT0                       
ASxxxx Linker V03.00 + NoICE + sdld,  page 2.
Hexadecimal  [32-Bits]

Area                                    Addr        Size        Decimal Bytes (Attributes)
--------------------------------        ----        ----        ------- ----- ------------
CABS                                00000000    00000000 =           0. bytes (ABS,CON,CODE)

      Value  Global                              Global Defined In Module
      -----  --------------------------------   ------------------------
C:   00000051  s_XISEG                         
C:   00000054  s_GSINIT1                       
C:   00000054  s_GSINIT2                       
C:   0000005E  s_GSINIT3                       
C:   0000006E  s_SSEG                          
C:   0000007D  l_DSEG                          
C:   00000080  s_GSINIT4                       
C:   00000092  l_SSEG                          
C:   000000AA  s_GSINIT                        
C:   000000AA  s_GSINIT5                       
C:   000000C5  s_GSFINAL                       
C:   000000C8  s_CSEG                          
C:   000000DC  l_CONST                         
C:   00000100  l_IRAM                          
C:   00001506  l_CSEG                          
C:   000015CE  s_CONST                         
C:   000016AA  s_XINIT                         

ASxxxx Linker V03.00 + NoICE + sdld,  page 3.
Hexadecimal  [32-Bits]

Area                                    Addr        Size        Decimal Bytes (Attributes)
--------------------------------        ----        ----        ------- ----- ------------
.  .ABS.                            00000000    00000000 =           0. bytes (ABS,CON)

      Value  Global                              Global Defined In Module
      -----  --------------------------------   ------------------------
     00000000  .__.ABS.                           _fsget1arg
     00000080  G$P0$0$0                           lab3_3
     00000080  G$P0_0$0$0                         lab3_3
     00000080  _P0                                lab3_3
     00000080  _P0_0                              lab3_3
     00000081  G$P0_1$0$0                         lab3_3
     00000081  G$SP$0$0                           lab3_3
     00000081  _P0_1                              lab3_3
     00000081  _SP                                lab3_3
     00000082  G$DPL$0$0                          lab3_3
     00000082  G$P0_2$0$0                         lab3_3
     00000082  _DPL                               lab3_3
     00000082  _P0_2                              lab3_3
     00000083  G$BUS_SCL$0$0                      lab3_3
     00000083  G$DPH$0$0                          lab3_3
     00000083  G$P0_3$0$0                         lab3_3
     00000083  _BUS_SCL                           lab3_3
     00000083  _DPH                               lab3_3
     00000083  _P0_3                              lab3_3
     00000084  G$P0_4$0$0                         lab3_3
     00000084  G$P4$0$0                           lab3_3
     00000084  _P0_4                              lab3_3
     00000084  _P4                                lab3_3
     00000085  G$P0_5$0$0                         lab3_3
     00000085  G$P5$0$0                           lab3_3
     00000085  _P0_5                              lab3_3
     00000085  _P5                                lab3_3
     00000086  G$P0_6$0$0                         lab3_3
     00000086  G$P6$0$0                           lab3_3
     00000086  _P0_6                              lab3_3
     00000086  _P6                                lab3_3
     00000087  G$P0_7$0$0                         lab3_3
     00000087  G$PCON$0$0                         lab3_3
     00000087  _P0_7                              lab3_3
     00000087  _PCON                              lab3_3
     00000088  G$IT0$0$0                          lab3_3
     00000088  G$TCON$0$0                         lab3_3
     00000088  _IT0                               lab3_3
     00000088  _TCON                              lab3_3
     00000089  G$IE0$0$0                          lab3_3
     00000089  G$TMOD$0$0                         lab3_3
     00000089  _IE0                               lab3_3
     00000089  _TMOD                              lab3_3
     0000008A  G$IT1$0$0                          lab3_3
     0000008A  G$TL0$0$0                          lab3_3
     0000008A  _IT1                               lab3_3
     0000008A  _TL0                               lab3_3
     0000008B  G$IE1$0$0                          lab3_3
     0000008B  G$TL1$0$0                          lab3_3
     0000008B  _IE1                               lab3_3
ASxxxx Linker V03.00 + NoICE + sdld,  page 4.
Hexadecimal  [32-Bits]

Area                                    Addr        Size        Decimal Bytes (Attributes)
--------------------------------        ----        ----        ------- ----- ------------
.  .ABS.                            00000000    00000000 =           0. bytes (ABS,CON)

      Value  Global                              Global Defined In Module
      -----  --------------------------------   ------------------------
     0000008B  _TL1                               lab3_3
     0000008C  G$TH0$0$0                          lab3_3
     0000008C  G$TR0$0$0                          lab3_3
     0000008C  _TH0                               lab3_3
     0000008C  _TR0                               lab3_3
     0000008D  G$TF0$0$0                          lab3_3
     0000008D  G$TH1$0$0                          lab3_3
     0000008D  _TF0                               lab3_3
     0000008D  _TH1                               lab3_3
     0000008E  G$CKCON$0$0                        lab3_3
     0000008E  G$TR1$0$0                          lab3_3
     0000008E  _CKCON                             lab3_3
     0000008E  _TR1                               lab3_3
     0000008F  G$PSCTL$0$0                        lab3_3
     0000008F  G$TF1$0$0                          lab3_3
     0000008F  _PSCTL                             lab3_3
     0000008F  _TF1                               lab3_3
     00000090  G$P1$0$0                           lab3_3
     00000090  G$P1_0$0$0                         lab3_3
     00000090  _P1                                lab3_3
     00000090  _P1_0                              lab3_3
     00000091  G$P1_1$0$0                         lab3_3
     00000091  G$TMR3CN$0$0                       lab3_3
     00000091  _P1_1                              lab3_3
     00000091  _TMR3CN                            lab3_3
     00000092  G$P1_2$0$0                         lab3_3
     00000092  G$TMR3RLL$0$0                      lab3_3
     00000092  _P1_2                              lab3_3
     00000092  _TMR3RLL                           lab3_3
     00000093  G$P1_3$0$0                         lab3_3
     00000093  G$TMR3RLH$0$0                      lab3_3
     00000093  _P1_3                              lab3_3
     00000093  _TMR3RLH                           lab3_3
     00000094  G$P1_4$0$0                         lab3_3
     00000094  G$TMR3L$0$0                        lab3_3
     00000094  _P1_4                              lab3_3
     00000094  _TMR3L                             lab3_3
     00000095  G$P1_5$0$0                         lab3_3
     00000095  G$TMR3H$0$0                        lab3_3
     00000095  _P1_5                              lab3_3
     00000095  _TMR3H                             lab3_3
     00000096  G$P1_6$0$0                         lab3_3
     00000096  G$P7$0$0                           lab3_3
     00000096  _P1_6                              lab3_3
     00000096  _P7                                lab3_3
     00000097  G$P1_7$0$0                         lab3_3
     00000097  _P1_7                              lab3_3
     00000098  G$RI$0$0                           lab3_3
     00000098  G$RI0$0$0                          lab3_3
     00000098  G$SCON$0$0                         lab3_3
     00000098  G$SCON0$0$0                        lab3_3
ASxxxx Linker V03.00 + NoICE + sdld,  page 5.
Hexadecimal  [32-Bits]

Area                                    Addr        Size        Decimal Bytes (Attributes)
--------------------------------        ----        ----        ------- ----- ------------
.  .ABS.                            00000000    00000000 =           0. bytes (ABS,CON)

      Value  Global                              Global Defined In Module
      -----  --------------------------------   ------------------------
     00000098  _RI                                lab3_3
     00000098  _RI0                               lab3_3
     00000098  _SCON                              lab3_3
     00000098  _SCON0                             lab3_3
     00000099  G$SBUF$0$0                         lab3_3
     00000099  G$SBUF0$0$0                        lab3_3
     00000099  G$TI$0$0                           lab3_3
     00000099  G$TI0$0$0                          lab3_3
     00000099  _SBUF                              lab3_3
     00000099  _SBUF0                             lab3_3
     00000099  _TI                                lab3_3
     00000099  _TI0                               lab3_3
     0000009A  G$RB8$0$0                          lab3_3
     0000009A  G$RB80$0$0                         lab3_3
     0000009A  G$SPI0CFG$0$0                      lab3_3
     0000009A  _RB8                               lab3_3
     0000009A  _RB80                              lab3_3
     0000009A  _SPI0CFG                           lab3_3
     0000009B  G$SPI0DAT$0$0                      lab3_3
     0000009B  G$TB8$0$0                          lab3_3
     0000009B  G$TB80$0$0                         lab3_3
     0000009B  _SPI0DAT                           lab3_3
     0000009B  _TB8                               lab3_3
     0000009B  _TB80                              lab3_3
     0000009C  G$ADC1$0$0                         lab3_3
     0000009C  G$REN$0$0                          lab3_3
     0000009C  G$REN0$0$0                         lab3_3
     0000009C  _ADC1                              lab3_3
     0000009C  _REN                               lab3_3
     0000009C  _REN0                              lab3_3
     0000009D  G$MCE0$0$0                         lab3_3
     0000009D  G$SM2$0$0                          lab3_3
     0000009D  G$SM20$0$0                         lab3_3
     0000009D  G$SPI0CKR$0$0                      lab3_3
     0000009D  _MCE0                              lab3_3
     0000009D  _SM2                               lab3_3
     0000009D  _SM20                              lab3_3
     0000009D  _SPI0CKR                           lab3_3
     0000009E  G$CPT0CN$0$0                       lab3_3
     0000009E  G$SM1$0$0                          lab3_3
     0000009E  G$SM10$0$0                         lab3_3
     0000009E  _CPT0CN                            lab3_3
     0000009E  _SM1                               lab3_3
     0000009E  _SM10                              lab3_3
     0000009F  G$CPT1CN$0$0                       lab3_3
     0000009F  G$S0MODE$0$0                       lab3_3
     0000009F  G$SM0$0$0                          lab3_3
     0000009F  G$SM00$0$0                         lab3_3
     0000009F  _CPT1CN                            lab3_3
     0000009F  _S0MODE                            lab3_3
     0000009F  _SM0                               lab3_3
ASxxxx Linker V03.00 + NoICE + sdld,  page 6.
Hexadecimal  [32-Bits]

Area                                    Addr        Size        Decimal Bytes (Attributes)
--------------------------------        ----        ----        ------- ----- ------------
.  .ABS.                            00000000    00000000 =           0. bytes (ABS,CON)

      Value  Global                              Global Defined In Module
      -----  --------------------------------   ------------------------
     0000009F  _SM00                              lab3_3
     000000A0  G$P2$0$0                           lab3_3
     000000A0  G$P2_0$0$0                         lab3_3
     000000A0  _P2                                lab3_3
     000000A0  _P2_0                              lab3_3
     000000A1  G$EMI0TC$0$0                       lab3_3
     000000A1  G$P2_1$0$0                         lab3_3
     000000A1  _EMI0TC                            lab3_3
     000000A1  _P2_1                              lab3_3
     000000A2  G$P2_2$0$0                         lab3_3
     000000A2  _P2_2                              lab3_3
     000000A3  G$EMI0CF$0$0                       lab3_3
     000000A3  G$P2_3$0$0                         lab3_3
     000000A3  _EMI0CF                            lab3_3
     000000A3  _P2_3                              lab3_3
     000000A4  G$P0MDOUT$0$0                      lab3_3
     000000A4  G$P2_4$0$0                         lab3_3
     000000A4  G$PRT0CF$0$0                       lab3_3
     000000A4  _P0MDOUT                           lab3_3
     000000A4  _P2_4                              lab3_3
     000000A4  _PRT0CF                            lab3_3
     000000A5  G$P1MDOUT$0$0                      lab3_3
     000000A5  G$P2_5$0$0                         lab3_3
     000000A5  G$PRT1CF$0$0                       lab3_3
     000000A5  _P1MDOUT                           lab3_3
     000000A5  _P2_5                              lab3_3
     000000A5  _PRT1CF                            lab3_3
     000000A6  G$P2MDOUT$0$0                      lab3_3
     000000A6  G$P2_6$0$0                         lab3_3
     000000A6  G$PRT2CF$0$0                       lab3_3
     000000A6  _P2MDOUT                           lab3_3
     000000A6  _P2_6                              lab3_3
     000000A6  _PRT2CF                            lab3_3
     000000A7  G$P2_7$0$0                         lab3_3
     000000A7  G$P3MDOUT$0$0                      lab3_3
     000000A7  G$PRT3CF$0$0                       lab3_3
     000000A7  _P2_7                              lab3_3
     000000A7  _P3MDOUT                           lab3_3
     000000A7  _PRT3CF                            lab3_3
     000000A8  G$EX0$0$0                          lab3_3
     000000A8  G$IE$0$0                           lab3_3
     000000A8  _EX0                               lab3_3
     000000A8  _IE                                lab3_3
     000000A9  G$ET0$0$0                          lab3_3
     000000A9  G$SADDR0$0$0                       lab3_3
     000000A9  _ET0                               lab3_3
     000000A9  _SADDR0                            lab3_3
     000000AA  G$ADC1CN$0$0                       lab3_3
     000000AA  G$EX1$0$0                          lab3_3
     000000AA  _ADC1CN                            lab3_3
     000000AA  _EX1                               lab3_3
ASxxxx Linker V03.00 + NoICE + sdld,  page 7.
Hexadecimal  [32-Bits]

Area                                    Addr        Size        Decimal Bytes (Attributes)
--------------------------------        ----        ----        ------- ----- ------------
.  .ABS.                            00000000    00000000 =           0. bytes (ABS,CON)

      Value  Global                              Global Defined In Module
      -----  --------------------------------   ------------------------
     000000AB  G$ADC1CF$0$0                       lab3_3
     000000AB  G$ET1$0$0                          lab3_3
     000000AB  _ADC1CF                            lab3_3
     000000AB  _ET1                               lab3_3
     000000AC  G$AMX1SL$0$0                       lab3_3
     000000AC  G$ES$0$0                           lab3_3
     000000AC  G$ES0$0$0                          lab3_3
     000000AC  _AMX1SL                            lab3_3
     000000AC  _ES                                lab3_3
     000000AC  _ES0                               lab3_3
     000000AD  G$ET2$0$0                          lab3_3
     000000AD  G$P3IF$0$0                         lab3_3
     000000AD  _ET2                               lab3_3
     000000AD  _P3IF                              lab3_3
     000000AE  G$SADEN1$0$0                       lab3_3
     000000AE  _SADEN1                            lab3_3
     000000AF  G$EA$0$0                           lab3_3
     000000AF  G$EMI0CN$0$0                       lab3_3
     000000AF  G$_XPAGE$0$0                       lab3_3
     000000AF  _EA                                lab3_3
     000000AF  _EMI0CN                            lab3_3
     000000AF  __XPAGE                            lab3_3
     000000B0  G$P3$0$0                           lab3_3
     000000B0  G$P3_0$0$0                         lab3_3
     000000B0  _P3                                lab3_3
     000000B0  _P3_0                              lab3_3
     000000B1  G$OSCXCN$0$0                       lab3_3
     000000B1  G$P3_1$0$0                         lab3_3
     000000B1  _OSCXCN                            lab3_3
     000000B1  _P3_1                              lab3_3
     000000B2  G$OSCICN$0$0                       lab3_3
     000000B2  G$P3_2$0$0                         lab3_3
     000000B2  _OSCICN                            lab3_3
     000000B2  _P3_2                              lab3_3
     000000B3  G$P3_3$0$0                         lab3_3
     000000B3  _P3_3                              lab3_3
     000000B4  G$P3_4$0$0                         lab3_3
     000000B4  _P3_4                              lab3_3
     000000B5  G$P3_5$0$0                         lab3_3
     000000B5  G$P74OUT$0$0                       lab3_3
     000000B5  _P3_5                              lab3_3
     000000B5  _P74OUT                            lab3_3
     000000B6  G$FLSCL$0$0                        lab3_3
     000000B6  G$P3_6$0$0                         lab3_3
     000000B6  G$SS2$0$0                          lab3_3
     000000B6  _FLSCL                             lab3_3
     000000B6  _P3_6                              lab3_3
     000000B6  _SS2                               lab3_3
     000000B7  G$FLACL$0$0                        lab3_3
     000000B7  G$P3_7$0$0                         lab3_3
     000000B7  G$SS1$0$0                          lab3_3
ASxxxx Linker V03.00 + NoICE + sdld,  page 8.
Hexadecimal  [32-Bits]

Area                                    Addr        Size        Decimal Bytes (Attributes)
--------------------------------        ----        ----        ------- ----- ------------
.  .ABS.                            00000000    00000000 =           0. bytes (ABS,CON)

      Value  Global                              Global Defined In Module
      -----  --------------------------------   ------------------------
     000000B7  _FLACL                             lab3_3
     000000B7  _P3_7                              lab3_3
     000000B7  _SS1                               lab3_3
     000000B8  G$IP$0$0                           lab3_3
     000000B8  G$PX0$0$0                          lab3_3
     000000B8  _IP                                lab3_3
     000000B8  _PX0                               lab3_3
     000000B9  G$PT0$0$0                          lab3_3
     000000B9  G$SADEN0$0$0                       lab3_3
     000000B9  _PT0                               lab3_3
     000000B9  _SADEN0                            lab3_3
     000000BA  G$AMX0CF$0$0                       lab3_3
     000000BA  G$PX1$0$0                          lab3_3
     000000BA  _AMX0CF                            lab3_3
     000000BA  _PX1                               lab3_3
     000000BB  G$AMX0SL$0$0                       lab3_3
     000000BB  G$PT1$0$0                          lab3_3
     000000BB  _AMX0SL                            lab3_3
     000000BB  _PT1                               lab3_3
     000000BC  G$ADC0CF$0$0                       lab3_3
     000000BC  G$PS$0$0                           lab3_3
     000000BC  G$PS0$0$0                          lab3_3
     000000BC  _ADC0CF                            lab3_3
     000000BC  _PS                                lab3_3
     000000BC  _PS0                               lab3_3
     000000BD  G$P1MDIN$0$0                       lab3_3
     000000BD  G$PT2$0$0                          lab3_3
     000000BD  _P1MDIN                            lab3_3
     000000BD  _PT2                               lab3_3
     000000BE  G$ADC0L$0$0                        lab3_3
     000000BE  _ADC0L                             lab3_3
     000000BF  G$ADC0H$0$0                        lab3_3
     000000BF  _ADC0H                             lab3_3
     000000C0  G$BUS_TOE$0$0                      lab3_3
     000000C0  G$SMB0CN$0$0                       lab3_3
     000000C0  G$SMBTOE$0$0                       lab3_3
     000000C0  _BUS_TOE                           lab3_3
     000000C0  _SMB0CN                            lab3_3
     000000C0  _SMBTOE                            lab3_3
     000000C1  G$BUS_FTE$0$0                      lab3_3
     000000C1  G$SMB0STA$0$0                      lab3_3
     000000C1  G$SMBFTE$0$0                       lab3_3
     000000C1  _BUS_FTE                           lab3_3
     000000C1  _SMB0STA                           lab3_3
     000000C1  _SMBFTE                            lab3_3
     000000C2  G$AA$0$0                           lab3_3
     000000C2  G$BUS_AA$0$0                       lab3_3
     000000C2  G$SMB0DAT$0$0                      lab3_3
     000000C2  _AA                                lab3_3
     000000C2  _BUS_AA                            lab3_3
     000000C2  _SMB0DAT                           lab3_3
ASxxxx Linker V03.00 + NoICE + sdld,  page 9.
Hexadecimal  [32-Bits]

Area                                    Addr        Size        Decimal Bytes (Attributes)
--------------------------------        ----        ----        ------- ----- ------------
.  .ABS.                            00000000    00000000 =           0. bytes (ABS,CON)

      Value  Global                              Global Defined In Module
      -----  --------------------------------   ------------------------
     000000C3  G$BUS_INT$0$0                      lab3_3
     000000C3  G$SI$0$0                           lab3_3
     000000C3  G$SMB0ADR$0$0                      lab3_3
     000000C3  _BUS_INT                           lab3_3
     000000C3  _SI                                lab3_3
     000000C3  _SMB0ADR                           lab3_3
     000000C4  G$ADC0GTL$0$0                      lab3_3
     000000C4  G$BUS_STOP$0$0                     lab3_3
     000000C4  G$STO$0$0                          lab3_3
     000000C4  _ADC0GTL                           lab3_3
     000000C4  _BUS_STOP                          lab3_3
     000000C4  _STO                               lab3_3
     000000C5  G$ADC0GTH$0$0                      lab3_3
     000000C5  G$BUS_START$0$0                    lab3_3
     000000C5  G$STA$0$0                          lab3_3
     000000C5  _ADC0GTH                           lab3_3
     000000C5  _BUS_START                         lab3_3
     000000C5  _STA                               lab3_3
     000000C6  G$ADC0LTL$0$0                      lab3_3
     000000C6  G$BUS_EN$0$0                       lab3_3
     000000C6  G$ENSMB$0$0                        lab3_3
     000000C6  _ADC0LTL                           lab3_3
     000000C6  _BUS_EN                            lab3_3
     000000C6  _ENSMB                             lab3_3
     000000C7  G$ADC0LTH$0$0                      lab3_3
     000000C7  G$BUSY$0$0                         lab3_3
     000000C7  G$BUS_BUSY$0$0                     lab3_3
     000000C7  _ADC0LTH                           lab3_3
     000000C7  _BUSY                              lab3_3
     000000C7  _BUS_BUSY                          lab3_3
     000000C8  G$CPRL2$0$0                        lab3_3
     000000C8  G$T2CON$0$0                        lab3_3
     000000C8  _CPRL2                             lab3_3
     000000C8  _T2CON                             lab3_3
     000000C9  G$CT2$0$0                          lab3_3
     000000C9  G$T4CON$0$0                        lab3_3
     000000C9  _CT2                               lab3_3
     000000C9  _T4CON                             lab3_3
     000000CA  G$RCAP2L$0$0                       lab3_3
     000000CA  G$TR2$0$0                          lab3_3
     000000CA  _RCAP2L                            lab3_3
     000000CA  _TR2                               lab3_3
     000000CB  G$EXEN2$0$0                        lab3_3
     000000CB  G$RCAP2H$0$0                       lab3_3
     000000CB  _EXEN2                             lab3_3
     000000CB  _RCAP2H                            lab3_3
     000000CC  G$TCLK$0$0                         lab3_3
     000000CC  G$TL2$0$0                          lab3_3
     000000CC  _TCLK                              lab3_3
     000000CC  _TL2                               lab3_3
     000000CD  G$RCLK$0$0                         lab3_3
ASxxxx Linker V03.00 + NoICE + sdld,  page 10.
Hexadecimal  [32-Bits]

Area                                    Addr        Size        Decimal Bytes (Attributes)
--------------------------------        ----        ----        ------- ----- ------------
.  .ABS.                            00000000    00000000 =           0. bytes (ABS,CON)

      Value  Global                              Global Defined In Module
      -----  --------------------------------   ------------------------
     000000CD  G$TH2$0$0                          lab3_3
     000000CD  _RCLK                              lab3_3
     000000CD  _TH2                               lab3_3
     000000CE  G$EXF2$0$0                         lab3_3
     000000CE  _EXF2                              lab3_3
     000000CF  G$SMB0CR$0$0                       lab3_3
     000000CF  G$TF2$0$0                          lab3_3
     000000CF  _SMB0CR                            lab3_3
     000000CF  _TF2                               lab3_3
     000000D0  G$P$0$0                            lab3_3
     000000D0  G$PSW$0$0                          lab3_3
     000000D0  _P                                 lab3_3
     000000D0  _PSW                               lab3_3
     000000D1  G$F1$0$0                           lab3_3
     000000D1  G$REF0CN$0$0                       lab3_3
     000000D1  _F1                                lab3_3
     000000D1  _REF0CN                            lab3_3
     000000D2  G$DAC0L$0$0                        lab3_3
     000000D2  G$OV$0$0                           lab3_3
     000000D2  _DAC0L                             lab3_3
     000000D2  _OV                                lab3_3
     000000D3  G$DAC0H$0$0                        lab3_3
     000000D3  G$RS0$0$0                          lab3_3
     000000D3  _DAC0H                             lab3_3
     000000D3  _RS0                               lab3_3
     000000D4  G$DAC0CN$0$0                       lab3_3
     000000D4  G$RS1$0$0                          lab3_3
     000000D4  _DAC0CN                            lab3_3
     000000D4  _RS1                               lab3_3
     000000D5  G$DAC1L$0$0                        lab3_3
     000000D5  G$F0$0$0                           lab3_3
     000000D5  _DAC1L                             lab3_3
     000000D5  _F0                                lab3_3
     000000D6  G$AC$0$0                           lab3_3
     000000D6  G$DAC1H$0$0                        lab3_3
     000000D6  _AC                                lab3_3
     000000D6  _DAC1H                             lab3_3
     000000D7  G$CY$0$0                           lab3_3
     000000D7  G$DAC1CN$0$0                       lab3_3
     000000D7  _CY                                lab3_3
     000000D7  _DAC1CN                            lab3_3
     000000D8  G$CCF0$0$0                         lab3_3
     000000D8  G$PCA0CN$0$0                       lab3_3
     000000D8  _CCF0                              lab3_3
     000000D8  _PCA0CN                            lab3_3
     000000D9  G$CCF1$0$0                         lab3_3
     000000D9  G$PCA0MD$0$0                       lab3_3
     000000D9  _CCF1                              lab3_3
     000000D9  _PCA0MD                            lab3_3
     000000DA  G$CCF2$0$0                         lab3_3
     000000DA  G$PCA0CPM0$0$0                     lab3_3
ASxxxx Linker V03.00 + NoICE + sdld,  page 11.
Hexadecimal  [32-Bits]

Area                                    Addr        Size        Decimal Bytes (Attributes)
--------------------------------        ----        ----        ------- ----- ------------
.  .ABS.                            00000000    00000000 =           0. bytes (ABS,CON)

      Value  Global                              Global Defined In Module
      -----  --------------------------------   ------------------------
     000000DA  _CCF2                              lab3_3
     000000DA  _PCA0CPM0                          lab3_3
     000000DB  G$CCF3$0$0                         lab3_3
     000000DB  G$PCA0CPM1$0$0                     lab3_3
     000000DB  _CCF3                              lab3_3
     000000DB  _PCA0CPM1                          lab3_3
     000000DC  G$CCF4$0$0                         lab3_3
     000000DC  G$PCA0CPM2$0$0                     lab3_3
     000000DC  _CCF4                              lab3_3
     000000DC  _PCA0CPM2                          lab3_3
     000000DD  G$PCA0CPM3$0$0                     lab3_3
     000000DD  _PCA0CPM3                          lab3_3
     000000DE  G$CR$0$0                           lab3_3
     000000DE  G$PCA0CPM4$0$0                     lab3_3
     000000DE  _CR                                lab3_3
     000000DE  _PCA0CPM4                          lab3_3
     000000DF  G$CF$0$0                           lab3_3
     000000DF  _CF                                lab3_3
     000000E0  G$ACC$0$0                          lab3_3
     000000E0  _ACC                               lab3_3
     000000E1  G$XBR0$0$0                         lab3_3
     000000E1  _XBR0                              lab3_3
     000000E2  G$XBR1$0$0                         lab3_3
     000000E2  _XBR1                              lab3_3
     000000E3  G$XBR2$0$0                         lab3_3
     000000E3  _XBR2                              lab3_3
     000000E4  G$RCAP4L$0$0                       lab3_3
     000000E4  _RCAP4L                            lab3_3
     000000E5  G$RCAP4H$0$0                       lab3_3
     000000E5  _RCAP4H                            lab3_3
     000000E6  G$EIE1$0$0                         lab3_3
     000000E6  _EIE1                              lab3_3
     000000E7  G$EIE2$0$0                         lab3_3
     000000E7  _EIE2                              lab3_3
     000000E8  G$AD0LJST$0$0                      lab3_3
     000000E8  G$ADC0CN$0$0                       lab3_3
     000000E8  G$ADLJST$0$0                       lab3_3
     000000E8  _AD0LJST                           lab3_3
     000000E8  _ADC0CN                            lab3_3
     000000E8  _ADLJST                            lab3_3
     000000E9  G$AD0WINT$0$0                      lab3_3
     000000E9  G$ADWINT$0$0                       lab3_3
     000000E9  G$PCA0L$0$0                        lab3_3
     000000E9  _AD0WINT                           lab3_3
     000000E9  _ADWINT                            lab3_3
     000000E9  _PCA0L                             lab3_3
     000000EA  G$AD0CM0$0$0                       lab3_3
     000000EA  G$ADSTM0$0$0                       lab3_3
     000000EA  G$PCA0CPL0$0$0                     lab3_3
     000000EA  _AD0CM0                            lab3_3
     000000EA  _ADSTM0                            lab3_3
ASxxxx Linker V03.00 + NoICE + sdld,  page 12.
Hexadecimal  [32-Bits]

Area                                    Addr        Size        Decimal Bytes (Attributes)
--------------------------------        ----        ----        ------- ----- ------------
.  .ABS.                            00000000    00000000 =           0. bytes (ABS,CON)

      Value  Global                              Global Defined In Module
      -----  --------------------------------   ------------------------
     000000EA  _PCA0CPL0                          lab3_3
     000000EB  G$AD0CM1$0$0                       lab3_3
     000000EB  G$ADSTM1$0$0                       lab3_3
     000000EB  G$PCA0CPL1$0$0                     lab3_3
     000000EB  _AD0CM1                            lab3_3
     000000EB  _ADSTM1                            lab3_3
     000000EB  _PCA0CPL1                          lab3_3
     000000EC  G$AD0BUSY$0$0                      lab3_3
     000000EC  G$ADBUSY$0$0                       lab3_3
     000000EC  G$PCA0CPL2$0$0                     lab3_3
     000000EC  _AD0BUSY                           lab3_3
     000000EC  _ADBUSY                            lab3_3
     000000EC  _PCA0CPL2                          lab3_3
     000000ED  G$AD0INT$0$0                       lab3_3
     000000ED  G$ADCINT$0$0                       lab3_3
     000000ED  G$PCA0CPL3$0$0                     lab3_3
     000000ED  _AD0INT                            lab3_3
     000000ED  _ADCINT                            lab3_3
     000000ED  _PCA0CPL3                          lab3_3
     000000EE  G$AD0TM$0$0                        lab3_3
     000000EE  G$ADCTM$0$0                        lab3_3
     000000EE  G$PCA0CPL4$0$0                     lab3_3
     000000EE  _AD0TM                             lab3_3
     000000EE  _ADCTM                             lab3_3
     000000EE  _PCA0CPL4                          lab3_3
     000000EF  G$AD0EN$0$0                        lab3_3
     000000EF  G$ADCEN$0$0                        lab3_3
     000000EF  G$RSTSRC$0$0                       lab3_3
     000000EF  _AD0EN                             lab3_3
     000000EF  _ADCEN                             lab3_3
     000000EF  _RSTSRC                            lab3_3
     000000F0  G$B$0$0                            lab3_3
     000000F0  _B                                 lab3_3
     000000F1  G$SCON1$0$0                        lab3_3
     000000F1  _SCON1                             lab3_3
     000000F2  G$SBUF1$0$0                        lab3_3
     000000F2  _SBUF1                             lab3_3
     000000F3  G$SADDR1$0$0                       lab3_3
     000000F3  _SADDR1                            lab3_3
     000000F4  G$TL4$0$0                          lab3_3
     000000F4  _TL4                               lab3_3
     000000F5  G$TH4$0$0                          lab3_3
     000000F5  _B_5                               _gptrget
     000000F5  _TH4                               lab3_3
     000000F6  G$EIP1$0$0                         lab3_3
     000000F6  _B_6                               _gptrget
     000000F6  _EIP1                              lab3_3
     000000F7  G$EIP2$0$0                         lab3_3
     000000F7  _B_7                               _gptrget
     000000F7  _EIP2                              lab3_3
     000000F8  G$SPI0CN$0$0                       lab3_3
ASxxxx Linker V03.00 + NoICE + sdld,  page 13.
Hexadecimal  [32-Bits]

Area                                    Addr        Size        Decimal Bytes (Attributes)
--------------------------------        ----        ----        ------- ----- ------------
.  .ABS.                            00000000    00000000 =           0. bytes (ABS,CON)

      Value  Global                              Global Defined In Module
      -----  --------------------------------   ------------------------
     000000F8  G$SPIEN$0$0                        lab3_3
     000000F8  _SPI0CN                            lab3_3
     000000F8  _SPIEN                             lab3_3
     000000F9  G$MSTEN$0$0                        lab3_3
     000000F9  G$PCA0H$0$0                        lab3_3
     000000F9  _MSTEN                             lab3_3
     000000F9  _PCA0H                             lab3_3
     000000FA  G$PCA0CPH0$0$0                     lab3_3
     000000FA  G$SLVSEL$0$0                       lab3_3
     000000FA  _PCA0CPH0                          lab3_3
     000000FA  _SLVSEL                            lab3_3
     000000FB  G$PCA0CPH1$0$0                     lab3_3
     000000FB  G$TXBSY$0$0                        lab3_3
     000000FB  _PCA0CPH1                          lab3_3
     000000FB  _TXBSY                             lab3_3
     000000FC  G$PCA0CPH2$0$0                     lab3_3
     000000FC  G$RXOVRN$0$0                       lab3_3
     000000FC  _PCA0CPH2                          lab3_3
     000000FC  _RXOVRN                            lab3_3
     000000FD  G$MODF$0$0                         lab3_3
     000000FD  G$PCA0CPH3$0$0                     lab3_3
     000000FD  _MODF                              lab3_3
     000000FD  _PCA0CPH3                          lab3_3
     000000FE  G$PCA0CPH4$0$0                     lab3_3
     000000FE  G$WCOL$0$0                         lab3_3
     000000FE  _PCA0CPH4                          lab3_3
     000000FE  _WCOL                              lab3_3
     000000FF  G$SPIF$0$0                         lab3_3
     000000FF  G$WDTCN$0$0                        lab3_3
     000000FF  _SPIF                              lab3_3
     000000FF  _WDTCN                             lab3_3
     00008C8A  G$TMR0$0$0                         lab3_3
     00008C8A  _TMR0                              lab3_3
     00008D8B  G$TMR1$0$0                         lab3_3
     00008D8B  _TMR1                              lab3_3
     00009392  G$TMR3RL$0$0                       lab3_3
     00009392  _TMR3RL                            lab3_3
     00009594  G$TMR3$0$0                         lab3_3
     00009594  _TMR3                              lab3_3
     0000BFBE  G$ADC0$0$0                         lab3_3
     0000BFBE  _ADC0                              lab3_3
     0000C5C4  G$ADC0GT$0$0                       lab3_3
     0000C5C4  _ADC0GT                            lab3_3
     0000C7C6  G$ADC0LT$0$0                       lab3_3
     0000C7C6  _ADC0LT                            lab3_3
     0000CBCA  G$RCAP2$0$0                        lab3_3
     0000CBCA  _RCAP2                             lab3_3
     0000CDCC  G$TMR2$0$0                         lab3_3
     0000CDCC  _TMR2                              lab3_3
     0000D3D2  G$DAC0$0$0                         lab3_3
     0000D3D2  _DAC0                              lab3_3
ASxxxx Linker V03.00 + NoICE + sdld,  page 14.
Hexadecimal  [32-Bits]

Area                                    Addr        Size        Decimal Bytes (Attributes)
--------------------------------        ----        ----        ------- ----- ------------
.  .ABS.                            00000000    00000000 =           0. bytes (ABS,CON)

      Value  Global                              Global Defined In Module
      -----  --------------------------------   ------------------------
     0000D6D5  G$DAC1$0$0                         lab3_3
     0000D6D5  _DAC1                              lab3_3
     0000E5E4  G$RCAP4$0$0                        lab3_3
     0000E5E4  _RCAP4                             lab3_3
     0000F5F4  G$TMR4$0$0                         lab3_3
     0000F5F4  _TMR4                              lab3_3
     0000F9E9  G$PCA0$0$0                         lab3_3
     0000F9E9  _PCA0                              lab3_3
     0000FAEA  G$PCA0CP0$0$0                      lab3_3
     0000FAEA  _PCA0CP0                           lab3_3
     0000FBEB  G$PCA0CP1$0$0                      lab3_3
     0000FBEB  _PCA0CP1                           lab3_3
     0000FCEC  G$PCA0CP2$0$0                      lab3_3
     0000FCEC  _PCA0CP2                           lab3_3
     0000FDED  G$PCA0CP3$0$0                      lab3_3
     0000FDED  _PCA0CP3                           lab3_3
     0000FEEE  G$PCA0CP4$0$0                      lab3_3
     0000FEEE  _PCA0CP4                           lab3_3

ASxxxx Linker V03.00 + NoICE + sdld,  page 15.
Hexadecimal  [32-Bits]

Area                                    Addr        Size        Decimal Bytes (Attributes)
--------------------------------        ----        ----        ------- ----- ------------
BSEG_BYTES                          00000020    00000002 =           2. bytes (REL,CON)

      Value  Global                              Global Defined In Module
      -----  --------------------------------   ------------------------
ASxxxx Linker V03.00 + NoICE + sdld,  page 16.
Hexadecimal  [32-Bits]

Area                                    Addr        Size        Decimal Bytes (Attributes)
--------------------------------        ----        ----        ------- ----- ------------
REG_BANK_0                          00000000    00000008 =           8. bytes (REL,OVR)

      Value  Global                              Global Defined In Module
      -----  --------------------------------   ------------------------
ASxxxx Linker V03.00 + NoICE + sdld,  page 17.
Hexadecimal  [32-Bits]

Area                                    Addr        Size        Decimal Bytes (Attributes)
--------------------------------        ----        ----        ------- ----- ------------
DSEG                                00000000    0000007D =         125. bytes (REL,CON)

      Value  Global                              Global Defined In Module
      -----  --------------------------------   ------------------------
     00000008  _vsprintf_PARM_2                   sprintf
     0000000B  _vsprintf_PARM_3                   sprintf
     0000000F  _bp                                _bp
     00000010  _vprintf_PARM_2                    vprintf
     00000022  G$Data2$0$0                        lab3_3
     00000022  _Data2                             lab3_3
     00000025  Llab3_3.aligned_alloc$size$1$39    lab3_3
     00000025  _aligned_alloc_PARM_2              lab3_3
     00000027  Llab3_3.lcd_clear$NumBytes$1$85    lab3_3
     00000028  Llab3_3.lcd_clear$Cmd$1$85         lab3_3
     0000002A  Llab3_3.read_keypad$Data$1$86      lab3_3
     0000002C  Llab3_3.i2c_write_data$start_reg   lab3_3
     0000002C  _i2c_write_data_PARM_2             lab3_3
     0000002D  Llab3_3.i2c_write_data$buffer$1$   lab3_3
     0000002D  _i2c_write_data_PARM_3             lab3_3
     00000030  Llab3_3.i2c_write_data$num_bytes   lab3_3
     00000030  _i2c_write_data_PARM_4             lab3_3
     00000031  Llab3_3.i2c_read_data$start_reg$   lab3_3
     00000031  _i2c_read_data_PARM_2              lab3_3
     00000032  Llab3_3.i2c_read_data$buffer$1$1   lab3_3
     00000032  _i2c_read_data_PARM_3              lab3_3
     00000035  Llab3_3.i2c_read_data$num_bytes$   lab3_3
     00000035  _i2c_read_data_PARM_4              lab3_3
     00000036  G$PW_DM$0$0                        lab3_3
     00000036  _PW_DM                             lab3_3
     00000038  G$PW_SS$0$0                        lab3_3
     00000038  _PW_SS                             lab3_3
     0000003A  G$r_count$0$0                      lab3_3
     0000003A  _r_count                           lab3_3
     0000003C  G$h_count$0$0                      lab3_3
     0000003C  _h_count                           lab3_3
     0000003E  G$counts$0$0                       lab3_3
     0000003E  _counts                            lab3_3
     00000040  G$desired_heading$0$0              lab3_3
     00000040  _desired_heading                   lab3_3
     00000042  G$actual_heading$0$0               lab3_3
     00000042  _actual_heading                    lab3_3
     00000044  G$error$0$0                        lab3_3
     00000044  _error                             lab3_3
     00000046  G$addr$0$0                         lab3_3
     00000046  _addr                              lab3_3
     00000047  G$start_reg$0$0                    lab3_3
     00000047  _start_reg                         lab3_3
     00000048  G$num_bytes$0$0                    lab3_3
     00000048  _num_bytes                         lab3_3
     00000049  G$new_range$0$0                    lab3_3
     00000049  _new_range                         lab3_3
     0000004A  G$range$0$0                        lab3_3
     0000004A  _range                             lab3_3
     0000004B  G$new_heading$0$0                  lab3_3
ASxxxx Linker V03.00 + NoICE + sdld,  page 18.
Hexadecimal  [32-Bits]

Area                                    Addr        Size        Decimal Bytes (Attributes)
--------------------------------        ----        ----        ------- ----- ------------
DSEG                                00000000    0000007D =         125. bytes (REL,CON)

      Value  Global                              Global Defined In Module
      -----  --------------------------------   ------------------------
     0000004B  _new_heading                       lab3_3
     0000004C  G$Data$0$0                         lab3_3
     0000004C  _Data                              lab3_3
     0000004F  G$input$0$0                        lab3_3
     0000004F  _input                             lab3_3
     00000050  Llab3_3.ReadRanger$Data$1$145      lab3_3
     00000052  Llab3_3.ReadCompass$Data$1$147     lab3_3
     00000060  __print_format_PARM_2              printf_large
     00000063  __print_format_PARM_3              printf_large
     00000066  __print_format_PARM_4              printf_large
ASxxxx Linker V03.00 + NoICE + sdld,  page 19.
Hexadecimal  [32-Bits]

Area                                    Addr        Size        Decimal Bytes (Attributes)
--------------------------------        ----        ----        ------- ----- ------------
OSEG                                00000011    00000006 =           6. bytes (REL,OVR)

      Value  Global                              Global Defined In Module
      -----  --------------------------------   ------------------------
     00000011  __gptrput_PARM_2                   _gptrput
     00000011  __mulint_PARM_2                    _mulint

ASxxxx Linker V03.00 + NoICE + sdld,  page 20.
Hexadecimal  [32-Bits]

Area                                    Addr        Size        Decimal Bytes (Attributes)
--------------------------------        ----        ----        ------- ----- ------------
ISEG                                00000017    00000006 =           6. bytes (REL,CON)

      Value  Global                              Global Defined In Module
      -----  --------------------------------   ------------------------
ASxxxx Linker V03.00 + NoICE + sdld,  page 21.
Hexadecimal  [32-Bits]

Area                                    Addr        Size        Decimal Bytes (Attributes)
--------------------------------        ----        ----        ------- ----- ------------
SSEG                                0000006E    00000092 =         146. bytes (REL,OVR)

      Value  Global                              Global Defined In Module
      -----  --------------------------------   ------------------------
     0000006E  __start__stack                     lab3_3

ASxxxx Linker V03.00 + NoICE + sdld,  page 22.
Hexadecimal  [32-Bits]

Area                                    Addr        Size        Decimal Bytes (Attributes)
--------------------------------        ----        ----        ------- ----- ------------
XSEG                                00000001    00000050 =          80. bytes (REL,CON,XDATA)

      Value  Global                              Global Defined In Module
      -----  --------------------------------   ------------------------
D:   00000001  Llab3_3.lcd_print$text$1$81        lab3_3

ASxxxx Linker V03.00 + NoICE + sdld,  page 23.
Hexadecimal  [32-Bits]

Area                                    Addr        Size        Decimal Bytes (Attributes)
--------------------------------        ----        ----        ------- ----- ------------
HOME                                00000000    00000051 =          81. bytes (REL,CON,CODE)

      Value  Global                              Global Defined In Module
      -----  --------------------------------   ------------------------
C:   00000000  A$lab3-3$1098                      lab3_3
C:   00000003  A$lab3-3$1099                      lab3_3
C:   0000000B  A$lab3-3$1101                      lab3_3
C:   00000013  A$lab3-3$1103                      lab3_3
C:   0000001B  A$lab3-3$1105                      lab3_3
C:   00000023  A$lab3-3$1107                      lab3_3
C:   0000002B  A$lab3-3$1109                      lab3_3
C:   00000033  A$lab3-3$1111                      lab3_3
C:   0000003B  A$lab3-3$1113                      lab3_3
C:   00000043  A$lab3-3$1115                      lab3_3
C:   0000004B  A$lab3-3$1117                      lab3_3
C:   0000004E  A$lab3-3$1164                      lab3_3
C:   0000004E  __sdcc_program_startup             lab3_3

ASxxxx Linker V03.00 + NoICE + sdld,  page 24.
Hexadecimal  [32-Bits]

Area                                    Addr        Size        Decimal Bytes (Attributes)
--------------------------------        ----        ----        ------- ----- ------------
GSINIT0                             00000051    00000003 =           3. bytes (REL,CON,CODE)

      Value  Global                              Global Defined In Module
      -----  --------------------------------   ------------------------
C:   00000051  __sdcc_gsinit_startup              

ASxxxx Linker V03.00 + NoICE + sdld,  page 25.
Hexadecimal  [32-Bits]

Area                                    Addr        Size        Decimal Bytes (Attributes)
--------------------------------        ----        ----        ------- ----- ------------
GSINIT2                             00000054    0000000A =          10. bytes (REL,CON,CODE)

      Value  Global                              Global Defined In Module
      -----  --------------------------------   ------------------------
ASxxxx Linker V03.00 + NoICE + sdld,  page 26.
Hexadecimal  [32-Bits]

Area                                    Addr        Size        Decimal Bytes (Attributes)
--------------------------------        ----        ----        ------- ----- ------------
GSINIT3                             0000005E    00000022 =          34. bytes (REL,CON,CODE)

      Value  Global                              Global Defined In Module
      -----  --------------------------------   ------------------------
C:   0000005E  __mcs51_genXINIT                   

ASxxxx Linker V03.00 + NoICE + sdld,  page 27.
Hexadecimal  [32-Bits]

Area                                    Addr        Size        Decimal Bytes (Attributes)
--------------------------------        ----        ----        ------- ----- ------------
GSINIT4                             00000080    0000002A =          42. bytes (REL,CON,CODE)

      Value  Global                              Global Defined In Module
      -----  --------------------------------   ------------------------
C:   00000080  __mcs51_genRAMCLEAR                
C:   00000086  __mcs51_genXRAMCLEAR               

ASxxxx Linker V03.00 + NoICE + sdld,  page 28.
Hexadecimal  [32-Bits]

Area                                    Addr        Size        Decimal Bytes (Attributes)
--------------------------------        ----        ----        ------- ----- ------------
GSINIT                              000000AA    0000001B =          27. bytes (REL,CON,CODE)

      Value  Global                              Global Defined In Module
      -----  --------------------------------   ------------------------
C:   000000AA  A$lab3-3$1133                      lab3_3
C:   000000AB  A$lab3-3$1134                      lab3_3
C:   000000AD  A$lab3-3$1135                      lab3_3
C:   000000AF  A$lab3-3$1138                      lab3_3
C:   000000AF  C$lab3_3.c$30$1$156                lab3_3
C:   000000B1  A$lab3-3$1139                      lab3_3
C:   000000B3  A$lab3-3$1142                      lab3_3
C:   000000B5  A$lab3-3$1143                      lab3_3
C:   000000B7  A$lab3-3$1146                      lab3_3
C:   000000B9  A$lab3-3$1147                      lab3_3
C:   000000BB  A$lab3-3$1150                      lab3_3
C:   000000BB  C$lab3_3.c$31$1$156                lab3_3
C:   000000BD  A$lab3-3$1151                      lab3_3
C:   000000BF  A$lab3-3$1154                      lab3_3
C:   000000BF  C$lab3_3.c$32$1$156                lab3_3
C:   000000C2  A$lab3-3$1155                      lab3_3

ASxxxx Linker V03.00 + NoICE + sdld,  page 29.
Hexadecimal  [32-Bits]

Area                                    Addr        Size        Decimal Bytes (Attributes)
--------------------------------        ----        ----        ------- ----- ------------
GSFINAL                             000000C5    00000003 =           3. bytes (REL,CON,CODE)

      Value  Global                              Global Defined In Module
      -----  --------------------------------   ------------------------
C:   000000C5  A$lab3-3$1157                      lab3_3

ASxxxx Linker V03.00 + NoICE + sdld,  page 30.
Hexadecimal  [32-Bits]

Area                                    Addr        Size        Decimal Bytes (Attributes)
--------------------------------        ----        ----        ------- ----- ------------
CSEG                                000000C8    00001506 =        5382. bytes (REL,CON,CODE)

      Value  Global                              Global Defined In Module
      -----  --------------------------------   ------------------------
C:   000000C8  A$lab3-3$1192                      lab3_3
C:   000000C8  C$c8051_SDCC.h$42$0$0              lab3_3
C:   000000C8  C$c8051_SDCC.h$46$1$2              lab3_3
C:   000000C8  G$SYSCLK_Init$0$0                  lab3_3
C:   000000C8  _SYSCLK_Init                       lab3_3
C:   000000CB  A$lab3-3$1195                      lab3_3
C:   000000CB  C$c8051_SDCC.h$49$1$2              lab3_3
C:   000000CD  A$lab3-3$1196                      lab3_3
C:   000000CF  A$lab3-3$1198                      lab3_3
C:   000000D0  A$lab3-3$1199                      lab3_3
C:   000000D2  A$lab3-3$1200                      lab3_3
C:   000000D3  A$lab3-3$1201                      lab3_3
C:   000000D4  A$lab3-3$1202                      lab3_3
C:   000000D6  A$lab3-3$1203                      lab3_3
C:   000000D7  A$lab3-3$1204                      lab3_3
C:   000000D9  A$lab3-3$1205                      lab3_3
C:   000000DB  A$lab3-3$1206                      lab3_3
C:   000000DC  A$lab3-3$1207                      lab3_3
C:   000000DD  A$lab3-3$1208                      lab3_3
C:   000000DF  A$lab3-3$1212                      lab3_3
C:   000000DF  C$c8051_SDCC.h$51$1$2              lab3_3
C:   000000E1  A$lab3-3$1213                      lab3_3
C:   000000E4  A$lab3-3$1216                      lab3_3
C:   000000E4  C$c8051_SDCC.h$53$1$2              lab3_3
C:   000000E7  A$lab3-3$1219                      lab3_3
C:   000000E7  C$c8051_SDCC.h$56$1$2              lab3_3
C:   000000E7  XG$SYSCLK_Init$0$0                 lab3_3
C:   000000E8  A$lab3-3$1232                      lab3_3
C:   000000E8  C$c8051_SDCC.h$64$1$2              lab3_3
C:   000000E8  C$c8051_SDCC.h$66$1$4              lab3_3
C:   000000E8  G$UART0_Init$0$0                   lab3_3
C:   000000E8  _UART0_Init                        lab3_3
C:   000000EB  A$lab3-3$1235                      lab3_3
C:   000000EB  C$c8051_SDCC.h$67$1$4              lab3_3
C:   000000EE  A$lab3-3$1238                      lab3_3
C:   000000EE  C$c8051_SDCC.h$68$1$4              lab3_3
C:   000000F1  A$lab3-3$1241                      lab3_3
C:   000000F1  C$c8051_SDCC.h$69$1$4              lab3_3
C:   000000F3  A$lab3-3$1244                      lab3_3
C:   000000F3  C$c8051_SDCC.h$70$1$4              lab3_3
C:   000000F6  A$lab3-3$1247                      lab3_3
C:   000000F6  C$c8051_SDCC.h$71$1$4              lab3_3
C:   000000F9  A$lab3-3$1250                      lab3_3
C:   000000F9  C$c8051_SDCC.h$73$1$4              lab3_3
C:   000000FB  A$lab3-3$1253                      lab3_3
C:   000000FB  C$c8051_SDCC.h$74$1$4              lab3_3
C:   000000FE  A$lab3-3$1256                      lab3_3
C:   000000FE  C$c8051_SDCC.h$75$1$4              lab3_3
C:   000000FE  XG$UART0_Init$0$0                  lab3_3
C:   000000FF  A$lab3-3$1269                      lab3_3
ASxxxx Linker V03.00 + NoICE + sdld,  page 31.
Hexadecimal  [32-Bits]

Area                                    Addr        Size        Decimal Bytes (Attributes)
--------------------------------        ----        ----        ------- ----- ------------
CSEG                                000000C8    00001506 =        5382. bytes (REL,CON,CODE)

      Value  Global                              Global Defined In Module
      -----  --------------------------------   ------------------------
C:   000000FF  C$c8051_SDCC.h$83$1$4              lab3_3
C:   000000FF  C$c8051_SDCC.h$85$1$6              lab3_3
C:   000000FF  G$Sys_Init$0$0                     lab3_3
C:   000000FF  _Sys_Init                          lab3_3
C:   00000102  A$lab3-3$1272                      lab3_3
C:   00000102  C$c8051_SDCC.h$86$1$6              lab3_3
C:   00000105  A$lab3-3$1275                      lab3_3
C:   00000105  C$c8051_SDCC.h$88$1$6              lab3_3
C:   00000108  A$lab3-3$1278                      lab3_3
C:   00000108  C$c8051_SDCC.h$89$1$6              lab3_3
C:   0000010B  A$lab3-3$1281                      lab3_3
C:   0000010B  C$c8051_SDCC.h$91$1$6              lab3_3
C:   0000010E  A$lab3-3$1284                      lab3_3
C:   0000010E  C$c8051_SDCC.h$92$1$6              lab3_3
C:   00000111  A$lab3-3$1287                      lab3_3
C:   00000111  C$c8051_SDCC.h$93$1$6              lab3_3
C:   00000111  XG$Sys_Init$0$0                    lab3_3
C:   00000112  A$lab3-3$1300                      lab3_3
C:   00000112  C$c8051_SDCC.h$98$1$6              lab3_3
C:   00000112  G$putchar$0$0                      lab3_3
C:   00000112  _putchar                           lab3_3
C:   00000114  A$lab3-3$1306                      lab3_3
C:   00000114  C$c8051_SDCC.h$100$1$8             lab3_3
C:   00000114  C$c8051_SDCC.h$101$1$8             lab3_3
C:   00000117  A$lab3-3$1307                      lab3_3
C:   00000119  A$lab3-3$1311                      lab3_3
C:   00000119  C$c8051_SDCC.h$102$1$8             lab3_3
C:   0000011B  A$lab3-3$1314                      lab3_3
C:   0000011B  C$c8051_SDCC.h$103$1$8             lab3_3
C:   0000011B  XG$putchar$0$0                     lab3_3
C:   0000011C  A$lab3-3$1332                      lab3_3
C:   0000011C  C$c8051_SDCC.h$108$1$8             lab3_3
C:   0000011C  C$c8051_SDCC.h$111$1$10            lab3_3
C:   0000011C  C$c8051_SDCC.h$112$1$10            lab3_3
C:   0000011C  G$getchar$0$0                      lab3_3
C:   0000011F  A$lab3-3$1333                      lab3_3
C:   00000121  A$lab3-3$1337                      lab3_3
C:   00000121  C$c8051_SDCC.h$113$1$10            lab3_3
C:   00000124  A$lab3-3$1340                      lab3_3
C:   00000124  C$c8051_SDCC.h$114$1$10            lab3_3
C:   00000127  A$lab3-3$1343                      lab3_3
C:   00000127  C$c8051_SDCC.h$115$1$10            lab3_3
C:   0000012A  A$lab3-3$1346                      lab3_3
C:   0000012A  C$c8051_SDCC.h$116$1$10            lab3_3
C:   0000012A  XG$getchar$0$0                     lab3_3
C:   0000012B  A$lab3-3$1361                      lab3_3
C:   0000012B  C$c8051_SDCC.h$121$1$10            lab3_3
C:   0000012B  C$c8051_SDCC.h$124$1$12            lab3_3
C:   0000012B  G$getchar_nw$0$0                   lab3_3
C:   0000012B  _getchar_nw                        lab3_3
C:   0000012E  A$lab3-3$1362                      lab3_3
ASxxxx Linker V03.00 + NoICE + sdld,  page 32.
Hexadecimal  [32-Bits]

Area                                    Addr        Size        Decimal Bytes (Attributes)
--------------------------------        ----        ----        ------- ----- ------------
CSEG                                000000C8    00001506 =        5382. bytes (REL,CON,CODE)

      Value  Global                              Global Defined In Module
      -----  --------------------------------   ------------------------
C:   00000131  A$lab3-3$1363                      lab3_3
C:   00000133  A$lab3-3$1367                      lab3_3
C:   00000133  C$c8051_SDCC.h$127$2$13            lab3_3
C:   00000135  A$lab3-3$1370                      lab3_3
C:   00000135  C$c8051_SDCC.h$128$2$13            lab3_3
C:   00000138  A$lab3-3$1373                      lab3_3
C:   00000138  C$c8051_SDCC.h$129$2$13            lab3_3
C:   0000013B  A$lab3-3$1376                      lab3_3
C:   0000013B  C$c8051_SDCC.h$130$2$13            lab3_3
C:   0000013E  A$lab3-3$1380                      lab3_3
C:   0000013E  C$c8051_SDCC.h$132$1$12            lab3_3
C:   0000013E  XG$getchar_nw$0$0                  lab3_3
C:   0000013F  A$lab3-3$1397                      lab3_3
C:   0000013F  C$i2c.h$84$1$12                    lab3_3
C:   0000013F  G$lcd_print$0$0                    lab3_3
C:   0000013F  _lcd_print                         lab3_3
C:   00000141  A$lab3-3$1398                      lab3_3
C:   00000144  A$lab3-3$1401                      lab3_3
C:   00000144  C$i2c.h$90$1$81                    lab3_3
C:   00000146  A$lab3-3$1402                      lab3_3
C:   00000148  A$lab3-3$1403                      lab3_3
C:   00000149  A$lab3-3$1404                      lab3_3
C:   0000014B  A$lab3-3$1405                      lab3_3
C:   0000014C  A$lab3-3$1406                      lab3_3
C:   0000014E  A$lab3-3$1407                      lab3_3
C:   0000014F  A$lab3-3$1408                      lab3_3
C:   00000151  A$lab3-3$1409                      lab3_3
C:   00000154  A$lab3-3$1410                      lab3_3
C:   00000156  A$lab3-3$1411                      lab3_3
C:   00000159  A$lab3-3$1412                      lab3_3
C:   0000015B  A$lab3-3$1413                      lab3_3
C:   0000015D  A$lab3-3$1414                      lab3_3
C:   0000015F  A$lab3-3$1418                      lab3_3
C:   0000015F  C$i2c.h$92$2$82                    lab3_3
C:   00000161  A$lab3-3$1419                      lab3_3
C:   00000163  A$lab3-3$1420                      lab3_3
C:   00000164  A$lab3-3$1421                      lab3_3
C:   00000166  A$lab3-3$1424                      lab3_3
C:   00000166  C$i2c.h$93$1$81                    lab3_3
C:   00000168  A$lab3-3$1425                      lab3_3
C:   0000016A  A$lab3-3$1426                      lab3_3
C:   0000016B  A$lab3-3$1427                      lab3_3
C:   0000016D  A$lab3-3$1428                      lab3_3
C:   0000016E  A$lab3-3$1429                      lab3_3
C:   00000170  A$lab3-3$1430                      lab3_3
C:   00000171  A$lab3-3$1431                      lab3_3
C:   00000173  A$lab3-3$1432                      lab3_3
C:   00000176  A$lab3-3$1433                      lab3_3
C:   00000179  A$lab3-3$1434                      lab3_3
C:   0000017C  A$lab3-3$1437                      lab3_3
C:   0000017C  C$i2c.h$96$1$81                    lab3_3
ASxxxx Linker V03.00 + NoICE + sdld,  page 33.
Hexadecimal  [32-Bits]

Area                                    Addr        Size        Decimal Bytes (Attributes)
--------------------------------        ----        ----        ------- ----- ------------
CSEG                                000000C8    00001506 =        5382. bytes (REL,CON,CODE)

      Value  Global                              Global Defined In Module
      -----  --------------------------------   ------------------------
C:   0000017F  A$lab3-3$1438                      lab3_3
C:   00000182  A$lab3-3$1439                      lab3_3
C:   00000185  A$lab3-3$1440                      lab3_3
C:   00000187  A$lab3-3$1443                      lab3_3
C:   00000189  A$lab3-3$1445                      lab3_3
C:   0000018A  A$lab3-3$1446                      lab3_3
C:   0000018B  A$lab3-3$1447                      lab3_3
C:   0000018C  A$lab3-3$1448                      lab3_3
C:   0000018E  A$lab3-3$1451                      lab3_3
C:   0000018E  C$i2c.h$99$2$84                    lab3_3
C:   0000018F  A$lab3-3$1452                      lab3_3
C:   00000191  A$lab3-3$1453                      lab3_3
C:   00000193  A$lab3-3$1454                      lab3_3
C:   00000194  A$lab3-3$1455                      lab3_3
C:   00000196  A$lab3-3$1456                      lab3_3
C:   00000198  A$lab3-3$1457                      lab3_3
C:   00000199  A$lab3-3$1458                      lab3_3
C:   0000019A  A$lab3-3$1459                      lab3_3
C:   0000019D  A$lab3-3$1460                      lab3_3
C:   0000019E  A$lab3-3$1461                      lab3_3
C:   000001A0  A$lab3-3$1462                      lab3_3
C:   000001A2  A$lab3-3$1463                      lab3_3
C:   000001A3  A$lab3-3$1464                      lab3_3
C:   000001A5  A$lab3-3$1465                      lab3_3
C:   000001A7  A$lab3-3$1466                      lab3_3
C:   000001A9  A$lab3-3$1467                      lab3_3
C:   000001AA  A$lab3-3$1471                      lab3_3
C:   000001AA  C$i2c.h$97$1$81                    lab3_3
C:   000001AB  A$lab3-3$1472                      lab3_3
C:   000001AD  A$lab3-3$1476                      lab3_3
C:   000001AD  C$i2c.h$102$1$81                   lab3_3
C:   000001B0  A$lab3-3$1477                      lab3_3
C:   000001B3  A$lab3-3$1478                      lab3_3
C:   000001B6  A$lab3-3$1479                      lab3_3
C:   000001B9  A$lab3-3$1480                      lab3_3
C:   000001BB  A$lab3-3$1481                      lab3_3
C:   000001BE  A$lab3-3$1482                      lab3_3
C:   000001C1  A$lab3-3$1484                      lab3_3
C:   000001C3  A$lab3-3$1487                      lab3_3
C:   000001C3  C$i2c.h$103$1$81                   lab3_3
C:   000001C3  XG$lcd_print$0$0                   lab3_3
C:   000001C4  A$lab3-3$1503                      lab3_3
C:   000001C4  C$i2c.h$106$1$81                   lab3_3
C:   000001C4  C$i2c.h$108$1$81                   lab3_3
C:   000001C4  G$lcd_clear$0$0                    lab3_3
C:   000001C4  _lcd_clear                         lab3_3
C:   000001C7  A$lab3-3$1507                      lab3_3
C:   000001C7  C$i2c.h$110$1$85                   lab3_3
C:   000001C9  A$lab3-3$1508                      lab3_3
C:   000001CB  A$lab3-3$1509                      lab3_3
C:   000001CD  A$lab3-3$1510                      lab3_3
ASxxxx Linker V03.00 + NoICE + sdld,  page 34.
Hexadecimal  [32-Bits]

Area                                    Addr        Size        Decimal Bytes (Attributes)
--------------------------------        ----        ----        ------- ----- ------------
CSEG                                000000C8    00001506 =        5382. bytes (REL,CON,CODE)

      Value  Global                              Global Defined In Module
      -----  --------------------------------   ------------------------
C:   000001D0  A$lab3-3$1511                      lab3_3
C:   000001D3  A$lab3-3$1512                      lab3_3
C:   000001D6  A$lab3-3$1513                      lab3_3
C:   000001D9  A$lab3-3$1514                      lab3_3
C:   000001DC  A$lab3-3$1515                      lab3_3
C:   000001DF  A$lab3-3$1516                      lab3_3
C:   000001E2  A$lab3-3$1517                      lab3_3
C:   000001E4  A$lab3-3$1521                      lab3_3
C:   000001E4  C$i2c.h$112$1$85                   lab3_3
C:   000001E7  A$lab3-3$1524                      lab3_3
C:   000001E7  C$i2c.h$113$1$85                   lab3_3
C:   000001EA  A$lab3-3$1525                      lab3_3
C:   000001ED  A$lab3-3$1526                      lab3_3
C:   000001F0  A$lab3-3$1527                      lab3_3
C:   000001F3  A$lab3-3$1528                      lab3_3
C:   000001F6  A$lab3-3$1529                      lab3_3
C:   000001F9  A$lab3-3$1530                      lab3_3
C:   000001FC  A$lab3-3$1533                      lab3_3
C:   000001FC  C$i2c.h$114$1$85                   lab3_3
C:   000001FC  XG$lcd_clear$0$0                   lab3_3
C:   000001FD  A$lab3-3$1549                      lab3_3
C:   000001FD  C$i2c.h$117$1$85                   lab3_3
C:   000001FD  C$i2c.h$121$1$86                   lab3_3
C:   000001FD  G$read_keypad$0$0                  lab3_3
C:   000001FD  _read_keypad                       lab3_3
C:   00000200  A$lab3-3$1550                      lab3_3
C:   00000203  A$lab3-3$1551                      lab3_3
C:   00000206  A$lab3-3$1552                      lab3_3
C:   00000209  A$lab3-3$1553                      lab3_3
C:   0000020C  A$lab3-3$1554                      lab3_3
C:   0000020F  A$lab3-3$1555                      lab3_3
C:   00000212  A$lab3-3$1558                      lab3_3
C:   00000212  C$i2c.h$122$1$86                   lab3_3
C:   00000214  A$lab3-3$1559                      lab3_3
C:   00000217  A$lab3-3$1560                      lab3_3
C:   0000021A  A$lab3-3$1561                      lab3_3
C:   0000021C  A$lab3-3$1565                      lab3_3
C:   0000021E  A$lab3-3$1566                      lab3_3
C:   00000220  A$lab3-3$1570                      lab3_3
C:   00000220  C$i2c.h$126$2$87                   lab3_3
C:   00000222  A$lab3-3$1571                      lab3_3
C:   00000224  A$lab3-3$1572                      lab3_3
C:   00000226  A$lab3-3$1573                      lab3_3
C:   00000228  A$lab3-3$1574                      lab3_3
C:   0000022A  A$lab3-3$1576                      lab3_3
C:   0000022B  A$lab3-3$1577                      lab3_3
C:   0000022C  A$lab3-3$1578                      lab3_3
C:   0000022D  A$lab3-3$1579                      lab3_3
C:   0000022E  A$lab3-3$1580                      lab3_3
C:   0000022F  A$lab3-3$1581                      lab3_3
C:   00000230  A$lab3-3$1583                      lab3_3
ASxxxx Linker V03.00 + NoICE + sdld,  page 35.
Hexadecimal  [32-Bits]

Area                                    Addr        Size        Decimal Bytes (Attributes)
--------------------------------        ----        ----        ------- ----- ------------
CSEG                                000000C8    00001506 =        5382. bytes (REL,CON,CODE)

      Value  Global                              Global Defined In Module
      -----  --------------------------------   ------------------------
C:   00000233  A$lab3-3$1584                      lab3_3
C:   00000235  A$lab3-3$1585                      lab3_3
C:   00000237  A$lab3-3$1586                      lab3_3
C:   00000238  A$lab3-3$1587                      lab3_3
C:   0000023A  A$lab3-3$1588                      lab3_3
C:   0000023B  A$lab3-3$1589                      lab3_3
C:   0000023D  A$lab3-3$1590                      lab3_3
C:   0000023E  A$lab3-3$1591                      lab3_3
C:   0000023F  A$lab3-3$1592                      lab3_3
C:   00000241  A$lab3-3$1595                      lab3_3
C:   00000241  C$i2c.h$127$2$87                   lab3_3
C:   00000243  A$lab3-3$1596                      lab3_3
C:   00000244  A$lab3-3$1597                      lab3_3
C:   00000246  A$lab3-3$1598                      lab3_3
C:   00000248  A$lab3-3$1602                      lab3_3
C:   00000248  C$i2c.h$124$1$86                   lab3_3
C:   00000249  A$lab3-3$1603                      lab3_3
C:   0000024B  A$lab3-3$1604                      lab3_3
C:   0000024E  A$lab3-3$1606                      lab3_3
C:   00000250  A$lab3-3$1609                      lab3_3
C:   00000250  C$i2c.h$130$1$86                   lab3_3
C:   00000252  A$lab3-3$1610                      lab3_3
C:   00000255  A$lab3-3$1611                      lab3_3
C:   00000258  A$lab3-3$1612                      lab3_3
C:   0000025A  A$lab3-3$1616                      lab3_3
C:   0000025A  C$i2c.h$132$1$86                   lab3_3
C:   0000025C  A$lab3-3$1617                      lab3_3
C:   0000025F  A$lab3-3$1618                      lab3_3
C:   00000262  A$lab3-3$1619                      lab3_3
C:   00000264  A$lab3-3$1623                      lab3_3
C:   00000264  C$i2c.h$134$1$86                   lab3_3
C:   00000266  A$lab3-3$1624                      lab3_3
C:   00000269  A$lab3-3$1625                      lab3_3
C:   0000026C  A$lab3-3$1626                      lab3_3
C:   0000026E  A$lab3-3$1630                      lab3_3
C:   0000026E  C$i2c.h$136$1$86                   lab3_3
C:   00000270  A$lab3-3$1631                      lab3_3
C:   00000273  A$lab3-3$1632                      lab3_3
C:   00000276  A$lab3-3$1633                      lab3_3
C:   00000278  A$lab3-3$1637                      lab3_3
C:   00000278  C$i2c.h$138$1$86                   lab3_3
C:   0000027B  A$lab3-3$1641                      lab3_3
C:   0000027B  C$i2c.h$139$1$86                   lab3_3
C:   0000027B  XG$read_keypad$0$0                 lab3_3
C:   0000027C  A$lab3-3$1657                      lab3_3
C:   0000027C  C$i2c.h$151$1$86                   lab3_3
C:   0000027C  G$kpd_input$0$0                    lab3_3
C:   0000027C  _kpd_input                         lab3_3
C:   0000027E  A$lab3-3$1662                      lab3_3
C:   0000027E  C$i2c.h$156$1$89                   lab3_3
C:   0000027E  C$i2c.h$159$1$89                   lab3_3
ASxxxx Linker V03.00 + NoICE + sdld,  page 36.
Hexadecimal  [32-Bits]

Area                                    Addr        Size        Decimal Bytes (Attributes)
--------------------------------        ----        ----        ------- ----- ------------
CSEG                                000000C8    00001506 =        5382. bytes (REL,CON,CODE)

      Value  Global                              Global Defined In Module
      -----  --------------------------------   ------------------------
C:   0000027F  A$lab3-3$1663                      lab3_3
C:   00000280  A$lab3-3$1664                      lab3_3
C:   00000281  A$lab3-3$1665                      lab3_3
C:   00000282  A$lab3-3$1666                      lab3_3
C:   00000284  A$lab3-3$1667                      lab3_3
C:   00000286  A$lab3-3$1668                      lab3_3
C:   00000288  A$lab3-3$1669                      lab3_3
C:   0000028A  A$lab3-3$1670                      lab3_3
C:   0000028C  A$lab3-3$1671                      lab3_3
C:   0000028E  A$lab3-3$1672                      lab3_3
C:   00000290  A$lab3-3$1673                      lab3_3
C:   00000292  A$lab3-3$1674                      lab3_3
C:   00000294  A$lab3-3$1675                      lab3_3
C:   00000297  A$lab3-3$1676                      lab3_3
C:   00000299  A$lab3-3$1677                      lab3_3
C:   0000029B  A$lab3-3$1678                      lab3_3
C:   0000029D  A$lab3-3$1679                      lab3_3
C:   0000029F  A$lab3-3$1680                      lab3_3
C:   000002A1  A$lab3-3$1684                      lab3_3
C:   000002A1  C$i2c.h$161$1$89                   lab3_3
C:   000002A3  A$lab3-3$1685                      lab3_3
C:   000002A5  A$lab3-3$1686                      lab3_3
C:   000002A7  A$lab3-3$1687                      lab3_3
C:   000002A9  A$lab3-3$1688                      lab3_3
C:   000002AA  A$lab3-3$1689                      lab3_3
C:   000002AC  A$lab3-3$1690                      lab3_3
C:   000002AE  A$lab3-3$1691                      lab3_3
C:   000002B0  A$lab3-3$1692                      lab3_3
C:   000002B1  A$lab3-3$1693                      lab3_3
C:   000002B3  A$lab3-3$1694                      lab3_3
C:   000002B5  A$lab3-3$1695                      lab3_3
C:   000002B7  A$lab3-3$1696                      lab3_3
C:   000002B8  A$lab3-3$1697                      lab3_3
C:   000002BA  A$lab3-3$1698                      lab3_3
C:   000002BC  A$lab3-3$1699                      lab3_3
C:   000002BE  A$lab3-3$1700                      lab3_3
C:   000002BF  A$lab3-3$1701                      lab3_3
C:   000002C1  A$lab3-3$1702                      lab3_3
C:   000002C3  A$lab3-3$1703                      lab3_3
C:   000002C5  A$lab3-3$1704                      lab3_3
C:   000002C6  A$lab3-3$1705                      lab3_3
C:   000002C8  A$lab3-3$1706                      lab3_3
C:   000002CA  A$lab3-3$1707                      lab3_3
C:   000002CC  A$lab3-3$1708                      lab3_3
C:   000002CE  A$lab3-3$1709                      lab3_3
C:   000002D0  A$lab3-3$1710                      lab3_3
C:   000002D2  A$lab3-3$1711                      lab3_3
C:   000002D4  A$lab3-3$1712                      lab3_3
C:   000002D7  A$lab3-3$1713                      lab3_3
C:   000002D9  A$lab3-3$1714                      lab3_3
C:   000002DB  A$lab3-3$1715                      lab3_3
ASxxxx Linker V03.00 + NoICE + sdld,  page 37.
Hexadecimal  [32-Bits]

Area                                    Addr        Size        Decimal Bytes (Attributes)
[...]
C:   00000A2C  A$lab3-3$3228                      lab3_3
C:   00000A2E  A$lab3-3$3229                      lab3_3
C:   00000A2F  A$lab3-3$3230                      lab3_3
C:   00000A31  A$lab3-3$3231                      lab3_3
C:   00000A33  A$lab3-3$3232                      lab3_3
C:   00000A35  A$lab3-3$3233                      lab3_3
C:   00000A37  A$lab3-3$3234                      lab3_3
C:   00000A39  A$lab3-3$3235                      lab3_3
C:   00000A3B  A$lab3-3$3236                      lab3_3
C:   00000A3C  A$lab3-3$3237                      lab3_3
C:   00000A3F  A$lab3-3$3238                      lab3_3
C:   00000A42  A$lab3-3$3239                      lab3_3
C:   00000A45  A$lab3-3$3240                      lab3_3
C:   00000A48  A$lab3-3$3244                      lab3_3
C:   00000A48  C$lab3_3.c$217$1$156               lab3_3
C:   00000A49  A$lab3-3$3245                      lab3_3
C:   00000A4B  A$lab3-3$3246                      lab3_3
C:   00000A4D  A$lab3-3$3247                      lab3_3
C:   00000A4F  A$lab3-3$3248                      lab3_3
C:   00000A52  A$lab3-3$3249                      lab3_3
C:   00000A55  A$lab3-3$3250                      lab3_3
C:   00000A57  A$lab3-3$3251                      lab3_3
C:   00000A59  A$lab3-3$3254                      lab3_3
C:   00000A59  C$lab3_3.c$218$1$156               lab3_3
C:   00000A5C  A$lab3-3$3255                      lab3_3
C:   00000A5F  A$lab3-3$3256                      lab3_3
C:   00000A62  A$lab3-3$3257                      lab3_3
C:   00000A64  A$lab3-3$3258                      lab3_3
C:   00000A66  A$lab3-3$3259                      lab3_3
C:   00000A68  A$lab3-3$3260                      lab3_3
C:   00000A69  A$lab3-3$3261                      lab3_3
C:   00000A6B  A$lab3-3$3262                      lab3_3
C:   00000A6D  A$lab3-3$3263                      lab3_3
C:   00000A6F  A$lab3-3$3264                      lab3_3
C:   00000A71  A$lab3-3$3265                      lab3_3
C:   00000A74  A$lab3-3$3266                      lab3_3
C:   00000A77  A$lab3-3$3267                      lab3_3
ASxxxx Linker V03.00 + NoICE + sdld,  page 60.
Hexadecimal  [32-Bits]

Area                                    Addr        Size        Decimal Bytes (Attributes)
--------------------------------        ----        ----        ------- ----- ------------
CSEG                                000000C8    00001506 =        5382. bytes (REL,CON,CODE)

      Value  Global                              Global Defined In Module
      -----  --------------------------------   ------------------------
C:   00000A79  A$lab3-3$3268                      lab3_3
C:   00000A7C  A$lab3-3$3269                      lab3_3
C:   00000A7E  A$lab3-3$3270                      lab3_3
C:   00000A80  A$lab3-3$3271                      lab3_3
C:   00000A82  A$lab3-3$3272                      lab3_3
C:   00000A83  A$lab3-3$3273                      lab3_3
C:   00000A85  A$lab3-3$3274                      lab3_3
C:   00000A87  A$lab3-3$3275                      lab3_3
C:   00000A89  A$lab3-3$3276                      lab3_3
C:   00000A8A  A$lab3-3$3277                      lab3_3
C:   00000A8C  A$lab3-3$3278                      lab3_3
C:   00000A8E  A$lab3-3$3279                      lab3_3
C:   00000A90  A$lab3-3$3280                      lab3_3
C:   00000A92  A$lab3-3$3281                      lab3_3
C:   00000A94  A$lab3-3$3282                      lab3_3
C:   00000A96  A$lab3-3$3283                      lab3_3
C:   00000A98  A$lab3-3$3284                      lab3_3
C:   00000A9A  A$lab3-3$3285                      lab3_3
C:   00000A9C  A$lab3-3$3286                      lab3_3
C:   00000A9E  A$lab3-3$3287                      lab3_3
C:   00000A9F  A$lab3-3$3288                      lab3_3
C:   00000AA2  A$lab3-3$3289                      lab3_3
C:   00000AA4  A$lab3-3$3290                      lab3_3
C:   00000AA6  A$lab3-3$3291                      lab3_3
C:   00000AA8  A$lab3-3$3292                      lab3_3
C:   00000AA9  A$lab3-3$3293                      lab3_3
C:   00000AAB  A$lab3-3$3294                      lab3_3
C:   00000AAD  A$lab3-3$3295                      lab3_3
C:   00000AAF  A$lab3-3$3296                      lab3_3
C:   00000AB1  A$lab3-3$3297                      lab3_3
C:   00000AB3  A$lab3-3$3298                      lab3_3
C:   00000AB5  A$lab3-3$3299                      lab3_3
C:   00000AB6  A$lab3-3$3300                      lab3_3
C:   00000AB9  A$lab3-3$3301                      lab3_3
C:   00000ABC  A$lab3-3$3302                      lab3_3
C:   00000ABF  A$lab3-3$3303                      lab3_3
C:   00000AC1  A$lab3-3$3307                      lab3_3
C:   00000AC1  C$lab3_3.c$219$1$156               lab3_3
C:   00000AC2  A$lab3-3$3308                      lab3_3
C:   00000AC4  A$lab3-3$3309                      lab3_3
C:   00000AC6  A$lab3-3$3310                      lab3_3
C:   00000AC8  A$lab3-3$3311                      lab3_3
C:   00000ACA  A$lab3-3$3312                      lab3_3
C:   00000ACC  A$lab3-3$3313                      lab3_3
C:   00000ACE  A$lab3-3$3316                      lab3_3
C:   00000ACE  C$lab3_3.c$220$1$156               lab3_3
C:   00000AD1  A$lab3-3$3317                      lab3_3
C:   00000AD4  A$lab3-3$3318                      lab3_3
C:   00000AD7  A$lab3-3$3319                      lab3_3
C:   00000AD9  A$lab3-3$3320                      lab3_3
C:   00000ADB  A$lab3-3$3321                      lab3_3
ASxxxx Linker V03.00 + NoICE + sdld,  page 61.
Hexadecimal  [32-Bits]

Area                                    Addr        Size        Decimal Bytes (Attributes)
--------------------------------        ----        ----        ------- ----- ------------
CSEG                                000000C8    00001506 =        5382. bytes (REL,CON,CODE)

      Value  Global                              Global Defined In Module
      -----  --------------------------------   ------------------------
C:   00000ADD  A$lab3-3$3322                      lab3_3
C:   00000ADE  A$lab3-3$3323                      lab3_3
C:   00000AE0  A$lab3-3$3324                      lab3_3
C:   00000AE2  A$lab3-3$3325                      lab3_3
C:   00000AE4  A$lab3-3$3326                      lab3_3
C:   00000AE6  A$lab3-3$3327                      lab3_3
C:   00000AE9  A$lab3-3$3328                      lab3_3
C:   00000AEC  A$lab3-3$3329                      lab3_3
C:   00000AEE  A$lab3-3$3330                      lab3_3
C:   00000AF1  A$lab3-3$3331                      lab3_3
C:   00000AF3  A$lab3-3$3332                      lab3_3
C:   00000AF5  A$lab3-3$3333                      lab3_3
C:   00000AF7  A$lab3-3$3334                      lab3_3
C:   00000AF8  A$lab3-3$3335                      lab3_3
C:   00000AFA  A$lab3-3$3336                      lab3_3
C:   00000AFC  A$lab3-3$3337                      lab3_3
C:   00000AFE  A$lab3-3$3338                      lab3_3
C:   00000B00  A$lab3-3$3339                      lab3_3
C:   00000B02  A$lab3-3$3340                      lab3_3
C:   00000B04  A$lab3-3$3341                      lab3_3
C:   00000B06  A$lab3-3$3342                      lab3_3
C:   00000B09  A$lab3-3$3343                      lab3_3
C:   00000B0C  A$lab3-3$3344                      lab3_3
C:   00000B0E  A$lab3-3$3345                      lab3_3
C:   00000B11  A$lab3-3$3346                      lab3_3
C:   00000B13  A$lab3-3$3347                      lab3_3
C:   00000B15  A$lab3-3$3348                      lab3_3
C:   00000B17  A$lab3-3$3349                      lab3_3
C:   00000B18  A$lab3-3$3350                      lab3_3
C:   00000B1A  A$lab3-3$3351                      lab3_3
C:   00000B1C  A$lab3-3$3352                      lab3_3
C:   00000B1E  A$lab3-3$3353                      lab3_3
C:   00000B20  A$lab3-3$3354                      lab3_3
C:   00000B22  A$lab3-3$3355                      lab3_3
C:   00000B24  A$lab3-3$3356                      lab3_3
C:   00000B25  A$lab3-3$3357                      lab3_3
C:   00000B28  A$lab3-3$3358                      lab3_3
C:   00000B2B  A$lab3-3$3359                      lab3_3
C:   00000B2E  A$lab3-3$3363                      lab3_3
C:   00000B2E  C$lab3_3.c$222$1$156               lab3_3
C:   00000B2F  A$lab3-3$3364                      lab3_3
C:   00000B31  A$lab3-3$3365                      lab3_3
C:   00000B33  A$lab3-3$3366                      lab3_3
C:   00000B35  A$lab3-3$3367                      lab3_3
C:   00000B37  A$lab3-3$3368                      lab3_3
C:   00000B39  A$lab3-3$3371                      lab3_3
C:   00000B39  C$lab3_3.c$223$2$161               lab3_3
C:   00000B3C  A$lab3-3$3372                      lab3_3
C:   00000B3F  A$lab3-3$3373                      lab3_3
C:   00000B41  A$lab3-3$3377                      lab3_3
C:   00000B41  C$lab3_3.c$224$1$156               lab3_3
ASxxxx Linker V03.00 + NoICE + sdld,  page 62.
Hexadecimal  [32-Bits]

Area                                    Addr        Size        Decimal Bytes (Attributes)
--------------------------------        ----        ----        ------- ----- ------------
CSEG                                000000C8    00001506 =        5382. bytes (REL,CON,CODE)

      Value  Global                              Global Defined In Module
      -----  --------------------------------   ------------------------
C:   00000B42  A$lab3-3$3378                      lab3_3
C:   00000B44  A$lab3-3$3379                      lab3_3
C:   00000B46  A$lab3-3$3380                      lab3_3
C:   00000B48  A$lab3-3$3381                      lab3_3
C:   00000B4A  A$lab3-3$3382                      lab3_3
C:   00000B4C  A$lab3-3$3385                      lab3_3
C:   00000B4C  C$lab3_3.c$225$2$162               lab3_3
C:   00000B4F  A$lab3-3$3386                      lab3_3
C:   00000B52  A$lab3-3$3390                      lab3_3
C:   00000B52  C$lab3_3.c$227$1$156               lab3_3
C:   00000B54  A$lab3-3$3391                      lab3_3
C:   00000B56  A$lab3-3$3392                      lab3_3
C:   00000B58  A$lab3-3$3393                      lab3_3
C:   00000B5A  A$lab3-3$3394                      lab3_3
C:   00000B5C  A$lab3-3$3395                      lab3_3
C:   00000B5E  A$lab3-3$3396                      lab3_3
C:   00000B60  A$lab3-3$3397                      lab3_3
C:   00000B62  A$lab3-3$3398                      lab3_3
C:   00000B65  A$lab3-3$3399                      lab3_3
C:   00000B67  A$lab3-3$3400                      lab3_3
C:   00000B69  A$lab3-3$3401                      lab3_3
C:   00000B6B  A$lab3-3$3404                      lab3_3
C:   00000B6B  C$lab3_3.c$228$1$156               lab3_3
C:   00000B6D  A$lab3-3$3405                      lab3_3
C:   00000B6F  A$lab3-3$3406                      lab3_3
C:   00000B71  A$lab3-3$3407                      lab3_3
C:   00000B73  A$lab3-3$3408                      lab3_3
C:   00000B75  A$lab3-3$3409                      lab3_3
C:   00000B77  A$lab3-3$3410                      lab3_3
C:   00000B79  A$lab3-3$3411                      lab3_3
C:   00000B7B  A$lab3-3$3412                      lab3_3
C:   00000B7E  A$lab3-3$3413                      lab3_3
C:   00000B80  A$lab3-3$3414                      lab3_3
C:   00000B82  A$lab3-3$3415                      lab3_3
C:   00000B84  A$lab3-3$3418                      lab3_3
C:   00000B84  C$lab3_3.c$229$1$156               lab3_3
C:   00000B86  A$lab3-3$3419                      lab3_3
C:   00000B88  A$lab3-3$3420                      lab3_3
C:   00000B8A  A$lab3-3$3421                      lab3_3
C:   00000B8C  A$lab3-3$3422                      lab3_3
C:   00000B8E  A$lab3-3$3423                      lab3_3
C:   00000B90  A$lab3-3$3424                      lab3_3
C:   00000B92  A$lab3-3$3425                      lab3_3
C:   00000B94  A$lab3-3$3426                      lab3_3
C:   00000B97  A$lab3-3$3427                      lab3_3
C:   00000B99  A$lab3-3$3428                      lab3_3
C:   00000B9B  A$lab3-3$3429                      lab3_3
C:   00000B9D  A$lab3-3$3432                      lab3_3
C:   00000B9D  C$lab3_3.c$230$1$156               lab3_3
C:   00000B9F  A$lab3-3$3433                      lab3_3
C:   00000BA0  A$lab3-3$3434                      lab3_3
ASxxxx Linker V03.00 + NoICE + sdld,  page 63.
Hexadecimal  [32-Bits]

Area                                    Addr        Size        Decimal Bytes (Attributes)
--------------------------------        ----        ----        ------- ----- ------------
CSEG                                000000C8    00001506 =        5382. bytes (REL,CON,CODE)

      Value  Global                              Global Defined In Module
      -----  --------------------------------   ------------------------
C:   00000BA2  A$lab3-3$3435                      lab3_3
C:   00000BA4  A$lab3-3$3436                      lab3_3
C:   00000BA6  A$lab3-3$3437                      lab3_3
C:   00000BA8  A$lab3-3$3438                      lab3_3
C:   00000BAA  A$lab3-3$3441                      lab3_3
C:   00000BAA  C$lab3_3.c$232$1$156               lab3_3
C:   00000BAA  XG$Steering_Servo$0$0              lab3_3
C:   00000BAB  ___fssub                           _fssub
C:   00000BB6  ___fsmul                           _fsmul
C:   00000C59  fsgetargs                          _fsget2args
C:   00000C87  fs_normalize_a                     _fsnormalize
C:   00000CBA  __gptrput                          _gptrput
C:   00000CD5  __mulint                           _mulint
C:   00000CD5  __mulint_dummy                     _mulint
C:   00000D62  _vsprintf                          sprintf
C:   00000D9F  _sprintf                           sprintf
C:   00000DED  ___fsadd                           _fsadd
C:   00000DF0  fsadd_direct_entry                 _fsadd
C:   00000E46  ___sint2fs                         _sint2fs
C:   00000E53  ___fs2uint                         _fs2uint
C:   00000E5E  ___uint2fs                         _uint2fs
C:   00000E6A  fs_round_and_return                _fsreturnval
C:   00000E82  fs_zerocheck_return                _fsreturnval
C:   00000E8B  fs_return_zero                     _fsreturnval
C:   00000E93  fs_direct_return                   _fsreturnval
C:   00000EA1  fs_return_inf                      _fsreturnval
C:   00000EAE  fs_return_nan                      _fsreturnval
C:   00000EC4  _vprintf                           vprintf
C:   00000EDD  _printf                            vprintf
C:   00000FB4  __print_format                     printf_large
C:   000014C0  fs_swap_a_b                        _fsswapargs
C:   000014DA  _strlen                            _strlen
C:   000014F2  __gptrget                          _gptrget
C:   0000150E  ___slong2fs                        _slong2fs
C:   00001517  slong2fs_doit                      _slong2fs
C:   0000153B  ___ulong2fs                        _ulong2fs
C:   00001544  ulong2fs_doit                      _ulong2fs
C:   0000154E  fs_rshift_a                        _fsrshift
C:   00001591  __sdcc_external_startup            _startup
C:   00001595  ___fs2ulong                        _fs2ulong
C:   00001597  fs2ulong_begin                     _fs2ulong
C:   000015BC  fsgetarg                           _fsget1arg

ASxxxx Linker V03.00 + NoICE + sdld,  page 64.
Hexadecimal  [32-Bits]

Area                                    Addr        Size        Decimal Bytes (Attributes)
--------------------------------        ----        ----        ------- ----- ------------
CONST                               000015CE    000000DC =         220. bytes (REL,CON,CODE)

      Value  Global                              Global Defined In Module
      -----  --------------------------------   ------------------------
C:   000015CE  Flab3_3$__str_0$0$0                lab3_3
C:   000015E4  Flab3_3$__str_1$0$0                lab3_3
C:   000015F4  Flab3_3$__str_2$0$0                lab3_3
C:   000015F7  Flab3_3$__str_3$0$0                lab3_3
C:   00001610  Flab3_3$__str_4$0$0                lab3_3
C:   00001618  Flab3_3$__str_5$0$0                lab3_3
C:   00001625  Flab3_3$__str_6$0$0                lab3_3
C:   00001633  Flab3_3$__str_7$0$0                lab3_3
C:   00001651  Flab3_3$__str_8$0$0                lab3_3
C:   00001668  Flab3_3$__str_9$0$0                lab3_3
C:   0000167E  Flab3_3$__str_10$0$0               lab3_3

ASxxxx Linker V03.00 + NoICE + sdld,  page 65.

Files Linked                              [ module(s) ]

C:\Users\Victor\Documents\RPI\LITEC\lab3\lab3_3\lab3-3.rel
                                          [  ]


Libraries Linked                          [ object file ]

C:\Program Files\SDCC\bin\..\lib\small/libfloat.lib
                                          [ _fssub.rel ]
C:\Program Files\SDCC\bin\..\lib\small/libfloat.lib
                                          [ _fsmul.rel ]
C:\Program Files\SDCC\bin\..\lib\small/libfloat.lib
                                          [ _fsget2args.rel ]
C:\Program Files\SDCC\bin\..\lib\small/mcs51.lib
                                          [ crtclear.rel ]
C:\Program Files\SDCC\bin\..\lib\small/libfloat.lib
                                          [ _fsnormalize.rel ]
C:\Program Files\SDCC\bin\..\lib\small/mcs51.lib
                                          [ crtxinit.rel ]
C:\Program Files\SDCC\bin\..\lib\small/libsdcc.lib
                                          [ _gptrput.rel ]
C:\Program Files\SDCC\bin\..\lib\small/libint.lib
                                          [ _mulint.rel ]
C:\Program Files\SDCC\bin\..\lib\small/libsdcc.lib
                                          [ sprintf.rel ]
C:\Program Files\SDCC\bin\..\lib\small/mcs51.lib
                                          [ crtxclear.rel ]
C:\Program Files\SDCC\bin\..\lib\small/libfloat.lib
                                          [ _fsadd.rel ]
C:\Program Files\SDCC\bin\..\lib\small/libfloat.lib
                                          [ _sint2fs.rel ]
C:\Program Files\SDCC\bin\..\lib\small/libfloat.lib
                                          [ _fs2uint.rel ]
C:\Program Files\SDCC\bin\..\lib\small/libfloat.lib
                                          [ _uint2fs.rel ]
C:\Program Files\SDCC\bin\..\lib\small/libfloat.lib
                                          [ _fsreturnval.rel ]
C:\Program Files\SDCC\bin\..\lib\small/libsdcc.lib
                                          [ _bp.rel ]
C:\Program Files\SDCC\bin\..\lib\small/libsdcc.lib
                                          [ vprintf.rel ]
C:\Program Files\SDCC\bin\..\lib\small/libsdcc.lib
                                          [ printf_large.rel ]
C:\Program Files\SDCC\bin\..\lib\small/libfloat.lib
                                          [ _fsswapargs.rel ]
C:\Program Files\SDCC\bin\..\lib\small/libsdcc.lib
                                          [ _strlen.rel ]
C:\Program Files\SDCC\bin\..\lib\small/mcs51.lib
                                          [ crtstart.rel ]
C:\Program Files\SDCC\bin\..\lib\small/libsdcc.lib
                                          [ _gptrget.rel ]
C:\Program Files\SDCC\bin\..\lib\small/libfloat.lib
                                          [ _slong2fs.rel ]
C:\Program Files\SDCC\bin\..\lib\small/libfloat.lib
                                          [ _ulong2fs.rel ]
C:\Program Files\SDCC\bin\..\lib\small/libfloat.lib
                                          [ _fsrshift.rel ]
C:\Program Files\SDCC\bin\..\lib\small/libsdcc.lib
                                          [ _startup.rel ]
C:\Program Files\SDCC\bin\..\lib\small/libfloat.lib
                                          [ _fs2ulong.rel ]
C:\Program Files\SDCC\bin\..\lib\small/libfloat.lib
                                          [ _fsget1arg.rel ]

ASxxxx Linker V03.00 + NoICE + sdld,  page 66.

User Base Address Definitions

HOME = 0x0000
XSEG = 0x0001
PSEG = 0x0001
ISEG = 0x0000
BSEG = 0x0000

