                                      1 ;--------------------------------------------------------
                                      2 ; File Created by SDCC : free open source ANSI-C Compiler
                                      3 ; Version 3.6.0 #9615 (MINGW64)
                                      4 ;--------------------------------------------------------
                                      5 	.module lab1_1
                                      6 	.optsdcc -mmcs51 --model-small
                                      7 	
                                      8 ;--------------------------------------------------------
                                      9 ; Public variables in this module
                                     10 ;--------------------------------------------------------
                                     11 	.globl _main
                                     12 	.globl _putchar
                                     13 	.globl _printf
                                     14 	.globl _getchar_nw
                                     15 	.globl _Sys_Init
                                     16 	.globl _UART0_Init
                                     17 	.globl _SYSCLK_Init
                                     18 	.globl _PB2
                                     19 	.globl _PB1
                                     20 	.globl _SS
                                     21 	.globl _Buzzer
                                     22 	.globl _BILED0
                                     23 	.globl _BILED1
                                     24 	.globl _LED0
                                     25 	.globl _SPIF
                                     26 	.globl _WCOL
                                     27 	.globl _MODF
                                     28 	.globl _RXOVRN
                                     29 	.globl _TXBSY
                                     30 	.globl _SLVSEL
                                     31 	.globl _MSTEN
                                     32 	.globl _SPIEN
                                     33 	.globl _AD0EN
                                     34 	.globl _ADCEN
                                     35 	.globl _AD0TM
                                     36 	.globl _ADCTM
                                     37 	.globl _AD0INT
                                     38 	.globl _ADCINT
                                     39 	.globl _AD0BUSY
                                     40 	.globl _ADBUSY
                                     41 	.globl _AD0CM1
                                     42 	.globl _ADSTM1
                                     43 	.globl _AD0CM0
                                     44 	.globl _ADSTM0
                                     45 	.globl _AD0WINT
                                     46 	.globl _ADWINT
                                     47 	.globl _AD0LJST
                                     48 	.globl _ADLJST
                                     49 	.globl _CF
                                     50 	.globl _CR
                                     51 	.globl _CCF4
                                     52 	.globl _CCF3
                                     53 	.globl _CCF2
                                     54 	.globl _CCF1
                                     55 	.globl _CCF0
                                     56 	.globl _CY
                                     57 	.globl _AC
                                     58 	.globl _F0
                                     59 	.globl _RS1
                                     60 	.globl _RS0
                                     61 	.globl _OV
                                     62 	.globl _F1
                                     63 	.globl _P
                                     64 	.globl _TF2
                                     65 	.globl _EXF2
                                     66 	.globl _RCLK
                                     67 	.globl _TCLK
                                     68 	.globl _EXEN2
                                     69 	.globl _TR2
                                     70 	.globl _CT2
                                     71 	.globl _CPRL2
                                     72 	.globl _BUSY
                                     73 	.globl _ENSMB
                                     74 	.globl _STA
                                     75 	.globl _STO
                                     76 	.globl _SI
                                     77 	.globl _AA
                                     78 	.globl _SMBFTE
                                     79 	.globl _SMBTOE
                                     80 	.globl _PT2
                                     81 	.globl _PS
                                     82 	.globl _PS0
                                     83 	.globl _PT1
                                     84 	.globl _PX1
                                     85 	.globl _PT0
                                     86 	.globl _PX0
                                     87 	.globl _P3_7
                                     88 	.globl _P3_6
                                     89 	.globl _P3_5
                                     90 	.globl _P3_4
                                     91 	.globl _P3_3
                                     92 	.globl _P3_2
                                     93 	.globl _P3_1
                                     94 	.globl _P3_0
                                     95 	.globl _EA
                                     96 	.globl _ET2
                                     97 	.globl _ES
                                     98 	.globl _ES0
                                     99 	.globl _ET1
                                    100 	.globl _EX1
                                    101 	.globl _ET0
                                    102 	.globl _EX0
                                    103 	.globl _P2_7
                                    104 	.globl _P2_6
                                    105 	.globl _P2_5
                                    106 	.globl _P2_4
                                    107 	.globl _P2_3
                                    108 	.globl _P2_2
                                    109 	.globl _P2_1
                                    110 	.globl _P2_0
                                    111 	.globl _S0MODE
                                    112 	.globl _SM00
                                    113 	.globl _SM0
                                    114 	.globl _SM10
                                    115 	.globl _SM1
                                    116 	.globl _MCE0
                                    117 	.globl _SM20
                                    118 	.globl _SM2
                                    119 	.globl _REN0
                                    120 	.globl _REN
                                    121 	.globl _TB80
                                    122 	.globl _TB8
                                    123 	.globl _RB80
                                    124 	.globl _RB8
                                    125 	.globl _TI0
                                    126 	.globl _TI
                                    127 	.globl _RI0
                                    128 	.globl _RI
                                    129 	.globl _P1_7
                                    130 	.globl _P1_6
                                    131 	.globl _P1_5
                                    132 	.globl _P1_4
                                    133 	.globl _P1_3
                                    134 	.globl _P1_2
                                    135 	.globl _P1_1
                                    136 	.globl _P1_0
                                    137 	.globl _TF1
                                    138 	.globl _TR1
                                    139 	.globl _TF0
                                    140 	.globl _TR0
                                    141 	.globl _IE1
                                    142 	.globl _IT1
                                    143 	.globl _IE0
                                    144 	.globl _IT0
                                    145 	.globl _P0_7
                                    146 	.globl _P0_6
                                    147 	.globl _P0_5
                                    148 	.globl _P0_4
                                    149 	.globl _P0_3
                                    150 	.globl _P0_2
                                    151 	.globl _P0_1
                                    152 	.globl _P0_0
                                    153 	.globl _PCA0CP4
                                    154 	.globl _PCA0CP3
                                    155 	.globl _PCA0CP2
                                    156 	.globl _PCA0CP1
                                    157 	.globl _PCA0CP0
                                    158 	.globl _PCA0
                                    159 	.globl _DAC1
                                    160 	.globl _DAC0
                                    161 	.globl _ADC0LT
                                    162 	.globl _ADC0GT
                                    163 	.globl _ADC0
                                    164 	.globl _RCAP4
                                    165 	.globl _TMR4
                                    166 	.globl _TMR3RL
                                    167 	.globl _TMR3
                                    168 	.globl _RCAP2
                                    169 	.globl _TMR2
                                    170 	.globl _TMR1
                                    171 	.globl _TMR0
                                    172 	.globl _WDTCN
                                    173 	.globl _PCA0CPH4
                                    174 	.globl _PCA0CPH3
                                    175 	.globl _PCA0CPH2
                                    176 	.globl _PCA0CPH1
                                    177 	.globl _PCA0CPH0
                                    178 	.globl _PCA0H
                                    179 	.globl _SPI0CN
                                    180 	.globl _EIP2
                                    181 	.globl _EIP1
                                    182 	.globl _TH4
                                    183 	.globl _TL4
                                    184 	.globl _SADDR1
                                    185 	.globl _SBUF1
                                    186 	.globl _SCON1
                                    187 	.globl _B
                                    188 	.globl _RSTSRC
                                    189 	.globl _PCA0CPL4
                                    190 	.globl _PCA0CPL3
                                    191 	.globl _PCA0CPL2
                                    192 	.globl _PCA0CPL1
                                    193 	.globl _PCA0CPL0
                                    194 	.globl _PCA0L
                                    195 	.globl _ADC0CN
                                    196 	.globl _EIE2
                                    197 	.globl _EIE1
                                    198 	.globl _RCAP4H
                                    199 	.globl _RCAP4L
                                    200 	.globl _XBR2
                                    201 	.globl _XBR1
                                    202 	.globl _XBR0
                                    203 	.globl _ACC
                                    204 	.globl _PCA0CPM4
                                    205 	.globl _PCA0CPM3
                                    206 	.globl _PCA0CPM2
                                    207 	.globl _PCA0CPM1
                                    208 	.globl _PCA0CPM0
                                    209 	.globl _PCA0MD
                                    210 	.globl _PCA0CN
                                    211 	.globl _DAC1CN
                                    212 	.globl _DAC1H
                                    213 	.globl _DAC1L
                                    214 	.globl _DAC0CN
                                    215 	.globl _DAC0H
                                    216 	.globl _DAC0L
                                    217 	.globl _REF0CN
                                    218 	.globl _PSW
                                    219 	.globl _SMB0CR
                                    220 	.globl _TH2
                                    221 	.globl _TL2
                                    222 	.globl _RCAP2H
                                    223 	.globl _RCAP2L
                                    224 	.globl _T4CON
                                    225 	.globl _T2CON
                                    226 	.globl _ADC0LTH
                                    227 	.globl _ADC0LTL
                                    228 	.globl _ADC0GTH
                                    229 	.globl _ADC0GTL
                                    230 	.globl _SMB0ADR
                                    231 	.globl _SMB0DAT
                                    232 	.globl _SMB0STA
                                    233 	.globl _SMB0CN
                                    234 	.globl _ADC0H
                                    235 	.globl _ADC0L
                                    236 	.globl _P1MDIN
                                    237 	.globl _ADC0CF
                                    238 	.globl _AMX0SL
                                    239 	.globl _AMX0CF
                                    240 	.globl _SADEN0
                                    241 	.globl _IP
                                    242 	.globl _FLACL
                                    243 	.globl _FLSCL
                                    244 	.globl _P74OUT
                                    245 	.globl _OSCICN
                                    246 	.globl _OSCXCN
                                    247 	.globl _P3
                                    248 	.globl __XPAGE
                                    249 	.globl _EMI0CN
                                    250 	.globl _SADEN1
                                    251 	.globl _P3IF
                                    252 	.globl _AMX1SL
                                    253 	.globl _ADC1CF
                                    254 	.globl _ADC1CN
                                    255 	.globl _SADDR0
                                    256 	.globl _IE
                                    257 	.globl _P3MDOUT
                                    258 	.globl _PRT3CF
                                    259 	.globl _P2MDOUT
                                    260 	.globl _PRT2CF
                                    261 	.globl _P1MDOUT
                                    262 	.globl _PRT1CF
                                    263 	.globl _P0MDOUT
                                    264 	.globl _PRT0CF
                                    265 	.globl _EMI0CF
                                    266 	.globl _EMI0TC
                                    267 	.globl _P2
                                    268 	.globl _CPT1CN
                                    269 	.globl _CPT0CN
                                    270 	.globl _SPI0CKR
                                    271 	.globl _ADC1
                                    272 	.globl _SPI0DAT
                                    273 	.globl _SPI0CFG
                                    274 	.globl _SBUF0
                                    275 	.globl _SBUF
                                    276 	.globl _SCON0
                                    277 	.globl _SCON
                                    278 	.globl _P7
                                    279 	.globl _TMR3H
                                    280 	.globl _TMR3L
                                    281 	.globl _TMR3RLH
                                    282 	.globl _TMR3RLL
                                    283 	.globl _TMR3CN
                                    284 	.globl _P1
                                    285 	.globl _PSCTL
                                    286 	.globl _CKCON
                                    287 	.globl _TH1
                                    288 	.globl _TH0
                                    289 	.globl _TL1
                                    290 	.globl _TL0
                                    291 	.globl _TMOD
                                    292 	.globl _TCON
                                    293 	.globl _PCON
                                    294 	.globl _P6
                                    295 	.globl _P5
                                    296 	.globl _P4
                                    297 	.globl _DPH
                                    298 	.globl _DPL
                                    299 	.globl _SP
                                    300 	.globl _P0
                                    301 	.globl _Port_Init
                                    302 	.globl _Set_outputs
                                    303 	.globl _sensor1
                                    304 	.globl _sensor2
                                    305 	.globl _sensor_ss
                                    306 ;--------------------------------------------------------
                                    307 ; special function registers
                                    308 ;--------------------------------------------------------
                                    309 	.area RSEG    (ABS,DATA)
      000000                        310 	.org 0x0000
                           000080   311 G$P0$0$0 == 0x0080
                           000080   312 _P0	=	0x0080
                           000081   313 G$SP$0$0 == 0x0081
                           000081   314 _SP	=	0x0081
                           000082   315 G$DPL$0$0 == 0x0082
                           000082   316 _DPL	=	0x0082
                           000083   317 G$DPH$0$0 == 0x0083
                           000083   318 _DPH	=	0x0083
                           000084   319 G$P4$0$0 == 0x0084
                           000084   320 _P4	=	0x0084
                           000085   321 G$P5$0$0 == 0x0085
                           000085   322 _P5	=	0x0085
                           000086   323 G$P6$0$0 == 0x0086
                           000086   324 _P6	=	0x0086
                           000087   325 G$PCON$0$0 == 0x0087
                           000087   326 _PCON	=	0x0087
                           000088   327 G$TCON$0$0 == 0x0088
                           000088   328 _TCON	=	0x0088
                           000089   329 G$TMOD$0$0 == 0x0089
                           000089   330 _TMOD	=	0x0089
                           00008A   331 G$TL0$0$0 == 0x008a
                           00008A   332 _TL0	=	0x008a
                           00008B   333 G$TL1$0$0 == 0x008b
                           00008B   334 _TL1	=	0x008b
                           00008C   335 G$TH0$0$0 == 0x008c
                           00008C   336 _TH0	=	0x008c
                           00008D   337 G$TH1$0$0 == 0x008d
                           00008D   338 _TH1	=	0x008d
                           00008E   339 G$CKCON$0$0 == 0x008e
                           00008E   340 _CKCON	=	0x008e
                           00008F   341 G$PSCTL$0$0 == 0x008f
                           00008F   342 _PSCTL	=	0x008f
                           000090   343 G$P1$0$0 == 0x0090
                           000090   344 _P1	=	0x0090
                           000091   345 G$TMR3CN$0$0 == 0x0091
                           000091   346 _TMR3CN	=	0x0091
                           000092   347 G$TMR3RLL$0$0 == 0x0092
                           000092   348 _TMR3RLL	=	0x0092
                           000093   349 G$TMR3RLH$0$0 == 0x0093
                           000093   350 _TMR3RLH	=	0x0093
                           000094   351 G$TMR3L$0$0 == 0x0094
                           000094   352 _TMR3L	=	0x0094
                           000095   353 G$TMR3H$0$0 == 0x0095
                           000095   354 _TMR3H	=	0x0095
                           000096   355 G$P7$0$0 == 0x0096
                           000096   356 _P7	=	0x0096
                           000098   357 G$SCON$0$0 == 0x0098
                           000098   358 _SCON	=	0x0098
                           000098   359 G$SCON0$0$0 == 0x0098
                           000098   360 _SCON0	=	0x0098
                           000099   361 G$SBUF$0$0 == 0x0099
                           000099   362 _SBUF	=	0x0099
                           000099   363 G$SBUF0$0$0 == 0x0099
                           000099   364 _SBUF0	=	0x0099
                           00009A   365 G$SPI0CFG$0$0 == 0x009a
                           00009A   366 _SPI0CFG	=	0x009a
                           00009B   367 G$SPI0DAT$0$0 == 0x009b
                           00009B   368 _SPI0DAT	=	0x009b
                           00009C   369 G$ADC1$0$0 == 0x009c
                           00009C   370 _ADC1	=	0x009c
                           00009D   371 G$SPI0CKR$0$0 == 0x009d
                           00009D   372 _SPI0CKR	=	0x009d
                           00009E   373 G$CPT0CN$0$0 == 0x009e
                           00009E   374 _CPT0CN	=	0x009e
                           00009F   375 G$CPT1CN$0$0 == 0x009f
                           00009F   376 _CPT1CN	=	0x009f
                           0000A0   377 G$P2$0$0 == 0x00a0
                           0000A0   378 _P2	=	0x00a0
                           0000A1   379 G$EMI0TC$0$0 == 0x00a1
                           0000A1   380 _EMI0TC	=	0x00a1
                           0000A3   381 G$EMI0CF$0$0 == 0x00a3
                           0000A3   382 _EMI0CF	=	0x00a3
                           0000A4   383 G$PRT0CF$0$0 == 0x00a4
                           0000A4   384 _PRT0CF	=	0x00a4
                           0000A4   385 G$P0MDOUT$0$0 == 0x00a4
                           0000A4   386 _P0MDOUT	=	0x00a4
                           0000A5   387 G$PRT1CF$0$0 == 0x00a5
                           0000A5   388 _PRT1CF	=	0x00a5
                           0000A5   389 G$P1MDOUT$0$0 == 0x00a5
                           0000A5   390 _P1MDOUT	=	0x00a5
                           0000A6   391 G$PRT2CF$0$0 == 0x00a6
                           0000A6   392 _PRT2CF	=	0x00a6
                           0000A6   393 G$P2MDOUT$0$0 == 0x00a6
                           0000A6   394 _P2MDOUT	=	0x00a6
                           0000A7   395 G$PRT3CF$0$0 == 0x00a7
                           0000A7   396 _PRT3CF	=	0x00a7
                           0000A7   397 G$P3MDOUT$0$0 == 0x00a7
                           0000A7   398 _P3MDOUT	=	0x00a7
                           0000A8   399 G$IE$0$0 == 0x00a8
                           0000A8   400 _IE	=	0x00a8
                           0000A9   401 G$SADDR0$0$0 == 0x00a9
                           0000A9   402 _SADDR0	=	0x00a9
                           0000AA   403 G$ADC1CN$0$0 == 0x00aa
                           0000AA   404 _ADC1CN	=	0x00aa
                           0000AB   405 G$ADC1CF$0$0 == 0x00ab
                           0000AB   406 _ADC1CF	=	0x00ab
                           0000AC   407 G$AMX1SL$0$0 == 0x00ac
                           0000AC   408 _AMX1SL	=	0x00ac
                           0000AD   409 G$P3IF$0$0 == 0x00ad
                           0000AD   410 _P3IF	=	0x00ad
                           0000AE   411 G$SADEN1$0$0 == 0x00ae
                           0000AE   412 _SADEN1	=	0x00ae
                           0000AF   413 G$EMI0CN$0$0 == 0x00af
                           0000AF   414 _EMI0CN	=	0x00af
                           0000AF   415 G$_XPAGE$0$0 == 0x00af
                           0000AF   416 __XPAGE	=	0x00af
                           0000B0   417 G$P3$0$0 == 0x00b0
                           0000B0   418 _P3	=	0x00b0
                           0000B1   419 G$OSCXCN$0$0 == 0x00b1
                           0000B1   420 _OSCXCN	=	0x00b1
                           0000B2   421 G$OSCICN$0$0 == 0x00b2
                           0000B2   422 _OSCICN	=	0x00b2
                           0000B5   423 G$P74OUT$0$0 == 0x00b5
                           0000B5   424 _P74OUT	=	0x00b5
                           0000B6   425 G$FLSCL$0$0 == 0x00b6
                           0000B6   426 _FLSCL	=	0x00b6
                           0000B7   427 G$FLACL$0$0 == 0x00b7
                           0000B7   428 _FLACL	=	0x00b7
                           0000B8   429 G$IP$0$0 == 0x00b8
                           0000B8   430 _IP	=	0x00b8
                           0000B9   431 G$SADEN0$0$0 == 0x00b9
                           0000B9   432 _SADEN0	=	0x00b9
                           0000BA   433 G$AMX0CF$0$0 == 0x00ba
                           0000BA   434 _AMX0CF	=	0x00ba
                           0000BB   435 G$AMX0SL$0$0 == 0x00bb
                           0000BB   436 _AMX0SL	=	0x00bb
                           0000BC   437 G$ADC0CF$0$0 == 0x00bc
                           0000BC   438 _ADC0CF	=	0x00bc
                           0000BD   439 G$P1MDIN$0$0 == 0x00bd
                           0000BD   440 _P1MDIN	=	0x00bd
                           0000BE   441 G$ADC0L$0$0 == 0x00be
                           0000BE   442 _ADC0L	=	0x00be
                           0000BF   443 G$ADC0H$0$0 == 0x00bf
                           0000BF   444 _ADC0H	=	0x00bf
                           0000C0   445 G$SMB0CN$0$0 == 0x00c0
                           0000C0   446 _SMB0CN	=	0x00c0
                           0000C1   447 G$SMB0STA$0$0 == 0x00c1
                           0000C1   448 _SMB0STA	=	0x00c1
                           0000C2   449 G$SMB0DAT$0$0 == 0x00c2
                           0000C2   450 _SMB0DAT	=	0x00c2
                           0000C3   451 G$SMB0ADR$0$0 == 0x00c3
                           0000C3   452 _SMB0ADR	=	0x00c3
                           0000C4   453 G$ADC0GTL$0$0 == 0x00c4
                           0000C4   454 _ADC0GTL	=	0x00c4
                           0000C5   455 G$ADC0GTH$0$0 == 0x00c5
                           0000C5   456 _ADC0GTH	=	0x00c5
                           0000C6   457 G$ADC0LTL$0$0 == 0x00c6
                           0000C6   458 _ADC0LTL	=	0x00c6
                           0000C7   459 G$ADC0LTH$0$0 == 0x00c7
                           0000C7   460 _ADC0LTH	=	0x00c7
                           0000C8   461 G$T2CON$0$0 == 0x00c8
                           0000C8   462 _T2CON	=	0x00c8
                           0000C9   463 G$T4CON$0$0 == 0x00c9
                           0000C9   464 _T4CON	=	0x00c9
                           0000CA   465 G$RCAP2L$0$0 == 0x00ca
                           0000CA   466 _RCAP2L	=	0x00ca
                           0000CB   467 G$RCAP2H$0$0 == 0x00cb
                           0000CB   468 _RCAP2H	=	0x00cb
                           0000CC   469 G$TL2$0$0 == 0x00cc
                           0000CC   470 _TL2	=	0x00cc
                           0000CD   471 G$TH2$0$0 == 0x00cd
                           0000CD   472 _TH2	=	0x00cd
                           0000CF   473 G$SMB0CR$0$0 == 0x00cf
                           0000CF   474 _SMB0CR	=	0x00cf
                           0000D0   475 G$PSW$0$0 == 0x00d0
                           0000D0   476 _PSW	=	0x00d0
                           0000D1   477 G$REF0CN$0$0 == 0x00d1
                           0000D1   478 _REF0CN	=	0x00d1
                           0000D2   479 G$DAC0L$0$0 == 0x00d2
                           0000D2   480 _DAC0L	=	0x00d2
                           0000D3   481 G$DAC0H$0$0 == 0x00d3
                           0000D3   482 _DAC0H	=	0x00d3
                           0000D4   483 G$DAC0CN$0$0 == 0x00d4
                           0000D4   484 _DAC0CN	=	0x00d4
                           0000D5   485 G$DAC1L$0$0 == 0x00d5
                           0000D5   486 _DAC1L	=	0x00d5
                           0000D6   487 G$DAC1H$0$0 == 0x00d6
                           0000D6   488 _DAC1H	=	0x00d6
                           0000D7   489 G$DAC1CN$0$0 == 0x00d7
                           0000D7   490 _DAC1CN	=	0x00d7
                           0000D8   491 G$PCA0CN$0$0 == 0x00d8
                           0000D8   492 _PCA0CN	=	0x00d8
                           0000D9   493 G$PCA0MD$0$0 == 0x00d9
                           0000D9   494 _PCA0MD	=	0x00d9
                           0000DA   495 G$PCA0CPM0$0$0 == 0x00da
                           0000DA   496 _PCA0CPM0	=	0x00da
                           0000DB   497 G$PCA0CPM1$0$0 == 0x00db
                           0000DB   498 _PCA0CPM1	=	0x00db
                           0000DC   499 G$PCA0CPM2$0$0 == 0x00dc
                           0000DC   500 _PCA0CPM2	=	0x00dc
                           0000DD   501 G$PCA0CPM3$0$0 == 0x00dd
                           0000DD   502 _PCA0CPM3	=	0x00dd
                           0000DE   503 G$PCA0CPM4$0$0 == 0x00de
                           0000DE   504 _PCA0CPM4	=	0x00de
                           0000E0   505 G$ACC$0$0 == 0x00e0
                           0000E0   506 _ACC	=	0x00e0
                           0000E1   507 G$XBR0$0$0 == 0x00e1
                           0000E1   508 _XBR0	=	0x00e1
                           0000E2   509 G$XBR1$0$0 == 0x00e2
                           0000E2   510 _XBR1	=	0x00e2
                           0000E3   511 G$XBR2$0$0 == 0x00e3
                           0000E3   512 _XBR2	=	0x00e3
                           0000E4   513 G$RCAP4L$0$0 == 0x00e4
                           0000E4   514 _RCAP4L	=	0x00e4
                           0000E5   515 G$RCAP4H$0$0 == 0x00e5
                           0000E5   516 _RCAP4H	=	0x00e5
                           0000E6   517 G$EIE1$0$0 == 0x00e6
                           0000E6   518 _EIE1	=	0x00e6
                           0000E7   519 G$EIE2$0$0 == 0x00e7
                           0000E7   520 _EIE2	=	0x00e7
                           0000E8   521 G$ADC0CN$0$0 == 0x00e8
                           0000E8   522 _ADC0CN	=	0x00e8
                           0000E9   523 G$PCA0L$0$0 == 0x00e9
                           0000E9   524 _PCA0L	=	0x00e9
                           0000EA   525 G$PCA0CPL0$0$0 == 0x00ea
                           0000EA   526 _PCA0CPL0	=	0x00ea
                           0000EB   527 G$PCA0CPL1$0$0 == 0x00eb
                           0000EB   528 _PCA0CPL1	=	0x00eb
                           0000EC   529 G$PCA0CPL2$0$0 == 0x00ec
                           0000EC   530 _PCA0CPL2	=	0x00ec
                           0000ED   531 G$PCA0CPL3$0$0 == 0x00ed
                           0000ED   532 _PCA0CPL3	=	0x00ed
                           0000EE   533 G$PCA0CPL4$0$0 == 0x00ee
                           0000EE   534 _PCA0CPL4	=	0x00ee
                           0000EF   535 G$RSTSRC$0$0 == 0x00ef
                           0000EF   536 _RSTSRC	=	0x00ef
                           0000F0   537 G$B$0$0 == 0x00f0
                           0000F0   538 _B	=	0x00f0
                           0000F1   539 G$SCON1$0$0 == 0x00f1
                           0000F1   540 _SCON1	=	0x00f1
                           0000F2   541 G$SBUF1$0$0 == 0x00f2
                           0000F2   542 _SBUF1	=	0x00f2
                           0000F3   543 G$SADDR1$0$0 == 0x00f3
                           0000F3   544 _SADDR1	=	0x00f3
                           0000F4   545 G$TL4$0$0 == 0x00f4
                           0000F4   546 _TL4	=	0x00f4
                           0000F5   547 G$TH4$0$0 == 0x00f5
                           0000F5   548 _TH4	=	0x00f5
                           0000F6   549 G$EIP1$0$0 == 0x00f6
                           0000F6   550 _EIP1	=	0x00f6
                           0000F7   551 G$EIP2$0$0 == 0x00f7
                           0000F7   552 _EIP2	=	0x00f7
                           0000F8   553 G$SPI0CN$0$0 == 0x00f8
                           0000F8   554 _SPI0CN	=	0x00f8
                           0000F9   555 G$PCA0H$0$0 == 0x00f9
                           0000F9   556 _PCA0H	=	0x00f9
                           0000FA   557 G$PCA0CPH0$0$0 == 0x00fa
                           0000FA   558 _PCA0CPH0	=	0x00fa
                           0000FB   559 G$PCA0CPH1$0$0 == 0x00fb
                           0000FB   560 _PCA0CPH1	=	0x00fb
                           0000FC   561 G$PCA0CPH2$0$0 == 0x00fc
                           0000FC   562 _PCA0CPH2	=	0x00fc
                           0000FD   563 G$PCA0CPH3$0$0 == 0x00fd
                           0000FD   564 _PCA0CPH3	=	0x00fd
                           0000FE   565 G$PCA0CPH4$0$0 == 0x00fe
                           0000FE   566 _PCA0CPH4	=	0x00fe
                           0000FF   567 G$WDTCN$0$0 == 0x00ff
                           0000FF   568 _WDTCN	=	0x00ff
                           008C8A   569 G$TMR0$0$0 == 0x8c8a
                           008C8A   570 _TMR0	=	0x8c8a
                           008D8B   571 G$TMR1$0$0 == 0x8d8b
                           008D8B   572 _TMR1	=	0x8d8b
                           00CDCC   573 G$TMR2$0$0 == 0xcdcc
                           00CDCC   574 _TMR2	=	0xcdcc
                           00CBCA   575 G$RCAP2$0$0 == 0xcbca
                           00CBCA   576 _RCAP2	=	0xcbca
                           009594   577 G$TMR3$0$0 == 0x9594
                           009594   578 _TMR3	=	0x9594
                           009392   579 G$TMR3RL$0$0 == 0x9392
                           009392   580 _TMR3RL	=	0x9392
                           00F5F4   581 G$TMR4$0$0 == 0xf5f4
                           00F5F4   582 _TMR4	=	0xf5f4
                           00E5E4   583 G$RCAP4$0$0 == 0xe5e4
                           00E5E4   584 _RCAP4	=	0xe5e4
                           00BFBE   585 G$ADC0$0$0 == 0xbfbe
                           00BFBE   586 _ADC0	=	0xbfbe
                           00C5C4   587 G$ADC0GT$0$0 == 0xc5c4
                           00C5C4   588 _ADC0GT	=	0xc5c4
                           00C7C6   589 G$ADC0LT$0$0 == 0xc7c6
                           00C7C6   590 _ADC0LT	=	0xc7c6
                           00D3D2   591 G$DAC0$0$0 == 0xd3d2
                           00D3D2   592 _DAC0	=	0xd3d2
                           00D6D5   593 G$DAC1$0$0 == 0xd6d5
                           00D6D5   594 _DAC1	=	0xd6d5
                           00F9E9   595 G$PCA0$0$0 == 0xf9e9
                           00F9E9   596 _PCA0	=	0xf9e9
                           00FAEA   597 G$PCA0CP0$0$0 == 0xfaea
                           00FAEA   598 _PCA0CP0	=	0xfaea
                           00FBEB   599 G$PCA0CP1$0$0 == 0xfbeb
                           00FBEB   600 _PCA0CP1	=	0xfbeb
                           00FCEC   601 G$PCA0CP2$0$0 == 0xfcec
                           00FCEC   602 _PCA0CP2	=	0xfcec
                           00FDED   603 G$PCA0CP3$0$0 == 0xfded
                           00FDED   604 _PCA0CP3	=	0xfded
                           00FEEE   605 G$PCA0CP4$0$0 == 0xfeee
                           00FEEE   606 _PCA0CP4	=	0xfeee
                                    607 ;--------------------------------------------------------
                                    608 ; special function bits
                                    609 ;--------------------------------------------------------
                                    610 	.area RSEG    (ABS,DATA)
      000000                        611 	.org 0x0000
                           000080   612 G$P0_0$0$0 == 0x0080
                           000080   613 _P0_0	=	0x0080
                           000081   614 G$P0_1$0$0 == 0x0081
                           000081   615 _P0_1	=	0x0081
                           000082   616 G$P0_2$0$0 == 0x0082
                           000082   617 _P0_2	=	0x0082
                           000083   618 G$P0_3$0$0 == 0x0083
                           000083   619 _P0_3	=	0x0083
                           000084   620 G$P0_4$0$0 == 0x0084
                           000084   621 _P0_4	=	0x0084
                           000085   622 G$P0_5$0$0 == 0x0085
                           000085   623 _P0_5	=	0x0085
                           000086   624 G$P0_6$0$0 == 0x0086
                           000086   625 _P0_6	=	0x0086
                           000087   626 G$P0_7$0$0 == 0x0087
                           000087   627 _P0_7	=	0x0087
                           000088   628 G$IT0$0$0 == 0x0088
                           000088   629 _IT0	=	0x0088
                           000089   630 G$IE0$0$0 == 0x0089
                           000089   631 _IE0	=	0x0089
                           00008A   632 G$IT1$0$0 == 0x008a
                           00008A   633 _IT1	=	0x008a
                           00008B   634 G$IE1$0$0 == 0x008b
                           00008B   635 _IE1	=	0x008b
                           00008C   636 G$TR0$0$0 == 0x008c
                           00008C   637 _TR0	=	0x008c
                           00008D   638 G$TF0$0$0 == 0x008d
                           00008D   639 _TF0	=	0x008d
                           00008E   640 G$TR1$0$0 == 0x008e
                           00008E   641 _TR1	=	0x008e
                           00008F   642 G$TF1$0$0 == 0x008f
                           00008F   643 _TF1	=	0x008f
                           000090   644 G$P1_0$0$0 == 0x0090
                           000090   645 _P1_0	=	0x0090
                           000091   646 G$P1_1$0$0 == 0x0091
                           000091   647 _P1_1	=	0x0091
                           000092   648 G$P1_2$0$0 == 0x0092
                           000092   649 _P1_2	=	0x0092
                           000093   650 G$P1_3$0$0 == 0x0093
                           000093   651 _P1_3	=	0x0093
                           000094   652 G$P1_4$0$0 == 0x0094
                           000094   653 _P1_4	=	0x0094
                           000095   654 G$P1_5$0$0 == 0x0095
                           000095   655 _P1_5	=	0x0095
                           000096   656 G$P1_6$0$0 == 0x0096
                           000096   657 _P1_6	=	0x0096
                           000097   658 G$P1_7$0$0 == 0x0097
                           000097   659 _P1_7	=	0x0097
                           000098   660 G$RI$0$0 == 0x0098
                           000098   661 _RI	=	0x0098
                           000098   662 G$RI0$0$0 == 0x0098
                           000098   663 _RI0	=	0x0098
                           000099   664 G$TI$0$0 == 0x0099
                           000099   665 _TI	=	0x0099
                           000099   666 G$TI0$0$0 == 0x0099
                           000099   667 _TI0	=	0x0099
                           00009A   668 G$RB8$0$0 == 0x009a
                           00009A   669 _RB8	=	0x009a
                           00009A   670 G$RB80$0$0 == 0x009a
                           00009A   671 _RB80	=	0x009a
                           00009B   672 G$TB8$0$0 == 0x009b
                           00009B   673 _TB8	=	0x009b
                           00009B   674 G$TB80$0$0 == 0x009b
                           00009B   675 _TB80	=	0x009b
                           00009C   676 G$REN$0$0 == 0x009c
                           00009C   677 _REN	=	0x009c
                           00009C   678 G$REN0$0$0 == 0x009c
                           00009C   679 _REN0	=	0x009c
                           00009D   680 G$SM2$0$0 == 0x009d
                           00009D   681 _SM2	=	0x009d
                           00009D   682 G$SM20$0$0 == 0x009d
                           00009D   683 _SM20	=	0x009d
                           00009D   684 G$MCE0$0$0 == 0x009d
                           00009D   685 _MCE0	=	0x009d
                           00009E   686 G$SM1$0$0 == 0x009e
                           00009E   687 _SM1	=	0x009e
                           00009E   688 G$SM10$0$0 == 0x009e
                           00009E   689 _SM10	=	0x009e
                           00009F   690 G$SM0$0$0 == 0x009f
                           00009F   691 _SM0	=	0x009f
                           00009F   692 G$SM00$0$0 == 0x009f
                           00009F   693 _SM00	=	0x009f
                           00009F   694 G$S0MODE$0$0 == 0x009f
                           00009F   695 _S0MODE	=	0x009f
                           0000A0   696 G$P2_0$0$0 == 0x00a0
                           0000A0   697 _P2_0	=	0x00a0
                           0000A1   698 G$P2_1$0$0 == 0x00a1
                           0000A1   699 _P2_1	=	0x00a1
                           0000A2   700 G$P2_2$0$0 == 0x00a2
                           0000A2   701 _P2_2	=	0x00a2
                           0000A3   702 G$P2_3$0$0 == 0x00a3
                           0000A3   703 _P2_3	=	0x00a3
                           0000A4   704 G$P2_4$0$0 == 0x00a4
                           0000A4   705 _P2_4	=	0x00a4
                           0000A5   706 G$P2_5$0$0 == 0x00a5
                           0000A5   707 _P2_5	=	0x00a5
                           0000A6   708 G$P2_6$0$0 == 0x00a6
                           0000A6   709 _P2_6	=	0x00a6
                           0000A7   710 G$P2_7$0$0 == 0x00a7
                           0000A7   711 _P2_7	=	0x00a7
                           0000A8   712 G$EX0$0$0 == 0x00a8
                           0000A8   713 _EX0	=	0x00a8
                           0000A9   714 G$ET0$0$0 == 0x00a9
                           0000A9   715 _ET0	=	0x00a9
                           0000AA   716 G$EX1$0$0 == 0x00aa
                           0000AA   717 _EX1	=	0x00aa
                           0000AB   718 G$ET1$0$0 == 0x00ab
                           0000AB   719 _ET1	=	0x00ab
                           0000AC   720 G$ES0$0$0 == 0x00ac
                           0000AC   721 _ES0	=	0x00ac
                           0000AC   722 G$ES$0$0 == 0x00ac
                           0000AC   723 _ES	=	0x00ac
                           0000AD   724 G$ET2$0$0 == 0x00ad
                           0000AD   725 _ET2	=	0x00ad
                           0000AF   726 G$EA$0$0 == 0x00af
                           0000AF   727 _EA	=	0x00af
                           0000B0   728 G$P3_0$0$0 == 0x00b0
                           0000B0   729 _P3_0	=	0x00b0
                           0000B1   730 G$P3_1$0$0 == 0x00b1
                           0000B1   731 _P3_1	=	0x00b1
                           0000B2   732 G$P3_2$0$0 == 0x00b2
                           0000B2   733 _P3_2	=	0x00b2
                           0000B3   734 G$P3_3$0$0 == 0x00b3
                           0000B3   735 _P3_3	=	0x00b3
                           0000B4   736 G$P3_4$0$0 == 0x00b4
                           0000B4   737 _P3_4	=	0x00b4
                           0000B5   738 G$P3_5$0$0 == 0x00b5
                           0000B5   739 _P3_5	=	0x00b5
                           0000B6   740 G$P3_6$0$0 == 0x00b6
                           0000B6   741 _P3_6	=	0x00b6
                           0000B7   742 G$P3_7$0$0 == 0x00b7
                           0000B7   743 _P3_7	=	0x00b7
                           0000B8   744 G$PX0$0$0 == 0x00b8
                           0000B8   745 _PX0	=	0x00b8
                           0000B9   746 G$PT0$0$0 == 0x00b9
                           0000B9   747 _PT0	=	0x00b9
                           0000BA   748 G$PX1$0$0 == 0x00ba
                           0000BA   749 _PX1	=	0x00ba
                           0000BB   750 G$PT1$0$0 == 0x00bb
                           0000BB   751 _PT1	=	0x00bb
                           0000BC   752 G$PS0$0$0 == 0x00bc
                           0000BC   753 _PS0	=	0x00bc
                           0000BC   754 G$PS$0$0 == 0x00bc
                           0000BC   755 _PS	=	0x00bc
                           0000BD   756 G$PT2$0$0 == 0x00bd
                           0000BD   757 _PT2	=	0x00bd
                           0000C0   758 G$SMBTOE$0$0 == 0x00c0
                           0000C0   759 _SMBTOE	=	0x00c0
                           0000C1   760 G$SMBFTE$0$0 == 0x00c1
                           0000C1   761 _SMBFTE	=	0x00c1
                           0000C2   762 G$AA$0$0 == 0x00c2
                           0000C2   763 _AA	=	0x00c2
                           0000C3   764 G$SI$0$0 == 0x00c3
                           0000C3   765 _SI	=	0x00c3
                           0000C4   766 G$STO$0$0 == 0x00c4
                           0000C4   767 _STO	=	0x00c4
                           0000C5   768 G$STA$0$0 == 0x00c5
                           0000C5   769 _STA	=	0x00c5
                           0000C6   770 G$ENSMB$0$0 == 0x00c6
                           0000C6   771 _ENSMB	=	0x00c6
                           0000C7   772 G$BUSY$0$0 == 0x00c7
                           0000C7   773 _BUSY	=	0x00c7
                           0000C8   774 G$CPRL2$0$0 == 0x00c8
                           0000C8   775 _CPRL2	=	0x00c8
                           0000C9   776 G$CT2$0$0 == 0x00c9
                           0000C9   777 _CT2	=	0x00c9
                           0000CA   778 G$TR2$0$0 == 0x00ca
                           0000CA   779 _TR2	=	0x00ca
                           0000CB   780 G$EXEN2$0$0 == 0x00cb
                           0000CB   781 _EXEN2	=	0x00cb
                           0000CC   782 G$TCLK$0$0 == 0x00cc
                           0000CC   783 _TCLK	=	0x00cc
                           0000CD   784 G$RCLK$0$0 == 0x00cd
                           0000CD   785 _RCLK	=	0x00cd
                           0000CE   786 G$EXF2$0$0 == 0x00ce
                           0000CE   787 _EXF2	=	0x00ce
                           0000CF   788 G$TF2$0$0 == 0x00cf
                           0000CF   789 _TF2	=	0x00cf
                           0000D0   790 G$P$0$0 == 0x00d0
                           0000D0   791 _P	=	0x00d0
                           0000D1   792 G$F1$0$0 == 0x00d1
                           0000D1   793 _F1	=	0x00d1
                           0000D2   794 G$OV$0$0 == 0x00d2
                           0000D2   795 _OV	=	0x00d2
                           0000D3   796 G$RS0$0$0 == 0x00d3
                           0000D3   797 _RS0	=	0x00d3
                           0000D4   798 G$RS1$0$0 == 0x00d4
                           0000D4   799 _RS1	=	0x00d4
                           0000D5   800 G$F0$0$0 == 0x00d5
                           0000D5   801 _F0	=	0x00d5
                           0000D6   802 G$AC$0$0 == 0x00d6
                           0000D6   803 _AC	=	0x00d6
                           0000D7   804 G$CY$0$0 == 0x00d7
                           0000D7   805 _CY	=	0x00d7
                           0000D8   806 G$CCF0$0$0 == 0x00d8
                           0000D8   807 _CCF0	=	0x00d8
                           0000D9   808 G$CCF1$0$0 == 0x00d9
                           0000D9   809 _CCF1	=	0x00d9
                           0000DA   810 G$CCF2$0$0 == 0x00da
                           0000DA   811 _CCF2	=	0x00da
                           0000DB   812 G$CCF3$0$0 == 0x00db
                           0000DB   813 _CCF3	=	0x00db
                           0000DC   814 G$CCF4$0$0 == 0x00dc
                           0000DC   815 _CCF4	=	0x00dc
                           0000DE   816 G$CR$0$0 == 0x00de
                           0000DE   817 _CR	=	0x00de
                           0000DF   818 G$CF$0$0 == 0x00df
                           0000DF   819 _CF	=	0x00df
                           0000E8   820 G$ADLJST$0$0 == 0x00e8
                           0000E8   821 _ADLJST	=	0x00e8
                           0000E8   822 G$AD0LJST$0$0 == 0x00e8
                           0000E8   823 _AD0LJST	=	0x00e8
                           0000E9   824 G$ADWINT$0$0 == 0x00e9
                           0000E9   825 _ADWINT	=	0x00e9
                           0000E9   826 G$AD0WINT$0$0 == 0x00e9
                           0000E9   827 _AD0WINT	=	0x00e9
                           0000EA   828 G$ADSTM0$0$0 == 0x00ea
                           0000EA   829 _ADSTM0	=	0x00ea
                           0000EA   830 G$AD0CM0$0$0 == 0x00ea
                           0000EA   831 _AD0CM0	=	0x00ea
                           0000EB   832 G$ADSTM1$0$0 == 0x00eb
                           0000EB   833 _ADSTM1	=	0x00eb
                           0000EB   834 G$AD0CM1$0$0 == 0x00eb
                           0000EB   835 _AD0CM1	=	0x00eb
                           0000EC   836 G$ADBUSY$0$0 == 0x00ec
                           0000EC   837 _ADBUSY	=	0x00ec
                           0000EC   838 G$AD0BUSY$0$0 == 0x00ec
                           0000EC   839 _AD0BUSY	=	0x00ec
                           0000ED   840 G$ADCINT$0$0 == 0x00ed
                           0000ED   841 _ADCINT	=	0x00ed
                           0000ED   842 G$AD0INT$0$0 == 0x00ed
                           0000ED   843 _AD0INT	=	0x00ed
                           0000EE   844 G$ADCTM$0$0 == 0x00ee
                           0000EE   845 _ADCTM	=	0x00ee
                           0000EE   846 G$AD0TM$0$0 == 0x00ee
                           0000EE   847 _AD0TM	=	0x00ee
                           0000EF   848 G$ADCEN$0$0 == 0x00ef
                           0000EF   849 _ADCEN	=	0x00ef
                           0000EF   850 G$AD0EN$0$0 == 0x00ef
                           0000EF   851 _AD0EN	=	0x00ef
                           0000F8   852 G$SPIEN$0$0 == 0x00f8
                           0000F8   853 _SPIEN	=	0x00f8
                           0000F9   854 G$MSTEN$0$0 == 0x00f9
                           0000F9   855 _MSTEN	=	0x00f9
                           0000FA   856 G$SLVSEL$0$0 == 0x00fa
                           0000FA   857 _SLVSEL	=	0x00fa
                           0000FB   858 G$TXBSY$0$0 == 0x00fb
                           0000FB   859 _TXBSY	=	0x00fb
                           0000FC   860 G$RXOVRN$0$0 == 0x00fc
                           0000FC   861 _RXOVRN	=	0x00fc
                           0000FD   862 G$MODF$0$0 == 0x00fd
                           0000FD   863 _MODF	=	0x00fd
                           0000FE   864 G$WCOL$0$0 == 0x00fe
                           0000FE   865 _WCOL	=	0x00fe
                           0000FF   866 G$SPIF$0$0 == 0x00ff
                           0000FF   867 _SPIF	=	0x00ff
                           0000B6   868 G$LED0$0$0 == 0x00b6
                           0000B6   869 _LED0	=	0x00b6
                           0000B3   870 G$BILED1$0$0 == 0x00b3
                           0000B3   871 _BILED1	=	0x00b3
                           0000B4   872 G$BILED0$0$0 == 0x00b4
                           0000B4   873 _BILED0	=	0x00b4
                           0000B7   874 G$Buzzer$0$0 == 0x00b7
                           0000B7   875 _Buzzer	=	0x00b7
                           0000A0   876 G$SS$0$0 == 0x00a0
                           0000A0   877 _SS	=	0x00a0
                           0000B0   878 G$PB1$0$0 == 0x00b0
                           0000B0   879 _PB1	=	0x00b0
                           0000B1   880 G$PB2$0$0 == 0x00b1
                           0000B1   881 _PB2	=	0x00b1
                                    882 ;--------------------------------------------------------
                                    883 ; overlayable register banks
                                    884 ;--------------------------------------------------------
                                    885 	.area REG_BANK_0	(REL,OVR,DATA)
      000000                        886 	.ds 8
                                    887 ;--------------------------------------------------------
                                    888 ; internal ram data
                                    889 ;--------------------------------------------------------
                                    890 	.area DSEG    (DATA)
                                    891 ;--------------------------------------------------------
                                    892 ; overlayable items in internal ram 
                                    893 ;--------------------------------------------------------
                                    894 	.area	OSEG    (OVR,DATA)
                                    895 	.area	OSEG    (OVR,DATA)
                                    896 ;--------------------------------------------------------
                                    897 ; Stack segment in internal ram 
                                    898 ;--------------------------------------------------------
                                    899 	.area	SSEG
      000000                        900 __start__stack:
      000000                        901 	.ds	1
                                    902 
                                    903 ;--------------------------------------------------------
                                    904 ; indirectly addressable internal ram data
                                    905 ;--------------------------------------------------------
                                    906 	.area ISEG    (DATA)
                                    907 ;--------------------------------------------------------
                                    908 ; absolute internal ram data
                                    909 ;--------------------------------------------------------
                                    910 	.area IABS    (ABS,DATA)
                                    911 	.area IABS    (ABS,DATA)
                                    912 ;--------------------------------------------------------
                                    913 ; bit data
                                    914 ;--------------------------------------------------------
                                    915 	.area BSEG    (BIT)
                                    916 ;--------------------------------------------------------
                                    917 ; paged external ram data
                                    918 ;--------------------------------------------------------
                                    919 	.area PSEG    (PAG,XDATA)
                                    920 ;--------------------------------------------------------
                                    921 ; external ram data
                                    922 ;--------------------------------------------------------
                                    923 	.area XSEG    (XDATA)
                                    924 ;--------------------------------------------------------
                                    925 ; absolute external ram data
                                    926 ;--------------------------------------------------------
                                    927 	.area XABS    (ABS,XDATA)
                                    928 ;--------------------------------------------------------
                                    929 ; external initialized ram data
                                    930 ;--------------------------------------------------------
                                    931 	.area XISEG   (XDATA)
                                    932 	.area HOME    (CODE)
                                    933 	.area GSINIT0 (CODE)
                                    934 	.area GSINIT1 (CODE)
                                    935 	.area GSINIT2 (CODE)
                                    936 	.area GSINIT3 (CODE)
                                    937 	.area GSINIT4 (CODE)
                                    938 	.area GSINIT5 (CODE)
                                    939 	.area GSINIT  (CODE)
                                    940 	.area GSFINAL (CODE)
                                    941 	.area CSEG    (CODE)
                                    942 ;--------------------------------------------------------
                                    943 ; interrupt vector 
                                    944 ;--------------------------------------------------------
                                    945 	.area HOME    (CODE)
      000000                        946 __interrupt_vect:
      000000 02r00r00         [24]  947 	ljmp	__sdcc_gsinit_startup
                                    948 ;--------------------------------------------------------
                                    949 ; global & static initialisations
                                    950 ;--------------------------------------------------------
                                    951 	.area HOME    (CODE)
                                    952 	.area GSINIT  (CODE)
                                    953 	.area GSFINAL (CODE)
                                    954 	.area GSINIT  (CODE)
                                    955 	.globl __sdcc_gsinit_startup
                                    956 	.globl __sdcc_program_startup
                                    957 	.globl __start__stack
                                    958 	.globl __mcs51_genXINIT
                                    959 	.globl __mcs51_genXRAMCLEAR
                                    960 	.globl __mcs51_genRAMCLEAR
                                    961 	.area GSFINAL (CODE)
      000000 02r00r03         [24]  962 	ljmp	__sdcc_program_startup
                                    963 ;--------------------------------------------------------
                                    964 ; Home
                                    965 ;--------------------------------------------------------
                                    966 	.area HOME    (CODE)
                                    967 	.area HOME    (CODE)
      000003                        968 __sdcc_program_startup:
      000003 02r00r77         [24]  969 	ljmp	_main
                                    970 ;	return from main will return to caller
                                    971 ;--------------------------------------------------------
                                    972 ; code
                                    973 ;--------------------------------------------------------
                                    974 	.area CSEG    (CODE)
                                    975 ;------------------------------------------------------------
                                    976 ;Allocation info for local variables in function 'SYSCLK_Init'
                                    977 ;------------------------------------------------------------
                                    978 ;i                         Allocated to registers r6 r7 
                                    979 ;------------------------------------------------------------
                           000000   980 	G$SYSCLK_Init$0$0 ==.
                           000000   981 	C$c8051_SDCC.h$42$0$0 ==.
                                    982 ;	C:/Program Files/SDCC/bin/../include/mcs51/c8051_SDCC.h:42: void SYSCLK_Init(void)
                                    983 ;	-----------------------------------------
                                    984 ;	 function SYSCLK_Init
                                    985 ;	-----------------------------------------
      000000                        986 _SYSCLK_Init:
                           000007   987 	ar7 = 0x07
                           000006   988 	ar6 = 0x06
                           000005   989 	ar5 = 0x05
                           000004   990 	ar4 = 0x04
                           000003   991 	ar3 = 0x03
                           000002   992 	ar2 = 0x02
                           000001   993 	ar1 = 0x01
                           000000   994 	ar0 = 0x00
                           000000   995 	C$c8051_SDCC.h$46$1$2 ==.
                                    996 ;	C:/Program Files/SDCC/bin/../include/mcs51/c8051_SDCC.h:46: OSCXCN = 0x67;                      // start external oscillator with
      000000 75 B1 67         [24]  997 	mov	_OSCXCN,#0x67
                           000003   998 	C$c8051_SDCC.h$49$1$2 ==.
                                    999 ;	C:/Program Files/SDCC/bin/../include/mcs51/c8051_SDCC.h:49: for (i=0; i < 256; i++);            // wait for oscillator to start
      000003 7E 00            [12] 1000 	mov	r6,#0x00
      000005 7F 01            [12] 1001 	mov	r7,#0x01
      000007                       1002 00107$:
      000007 EE               [12] 1003 	mov	a,r6
      000008 24 FF            [12] 1004 	add	a,#0xff
      00000A FC               [12] 1005 	mov	r4,a
      00000B EF               [12] 1006 	mov	a,r7
      00000C 34 FF            [12] 1007 	addc	a,#0xff
      00000E FD               [12] 1008 	mov	r5,a
      00000F 8C 06            [24] 1009 	mov	ar6,r4
      000011 8D 07            [24] 1010 	mov	ar7,r5
      000013 EC               [12] 1011 	mov	a,r4
      000014 4D               [12] 1012 	orl	a,r5
      000015 70 F0            [24] 1013 	jnz	00107$
                           000017  1014 	C$c8051_SDCC.h$51$1$2 ==.
                                   1015 ;	C:/Program Files/SDCC/bin/../include/mcs51/c8051_SDCC.h:51: while (!(OSCXCN & 0x80));           // Wait for crystal osc. to settle
      000017                       1016 00102$:
      000017 E5 B1            [12] 1017 	mov	a,_OSCXCN
      000019 30 E7 FB         [24] 1018 	jnb	acc.7,00102$
                           00001C  1019 	C$c8051_SDCC.h$53$1$2 ==.
                                   1020 ;	C:/Program Files/SDCC/bin/../include/mcs51/c8051_SDCC.h:53: OSCICN = 0x88;                      // select external oscillator as SYSCLK
      00001C 75 B2 88         [24] 1021 	mov	_OSCICN,#0x88
                           00001F  1022 	C$c8051_SDCC.h$56$1$2 ==.
                           00001F  1023 	XG$SYSCLK_Init$0$0 ==.
      00001F 22               [24] 1024 	ret
                                   1025 ;------------------------------------------------------------
                                   1026 ;Allocation info for local variables in function 'UART0_Init'
                                   1027 ;------------------------------------------------------------
                           000020  1028 	G$UART0_Init$0$0 ==.
                           000020  1029 	C$c8051_SDCC.h$64$1$2 ==.
                                   1030 ;	C:/Program Files/SDCC/bin/../include/mcs51/c8051_SDCC.h:64: void UART0_Init(void)
                                   1031 ;	-----------------------------------------
                                   1032 ;	 function UART0_Init
                                   1033 ;	-----------------------------------------
      000020                       1034 _UART0_Init:
                           000020  1035 	C$c8051_SDCC.h$66$1$4 ==.
                                   1036 ;	C:/Program Files/SDCC/bin/../include/mcs51/c8051_SDCC.h:66: SCON0  = 0x50;                      // SCON0: mode 1, 8-bit UART, enable RX
      000020 75 98 50         [24] 1037 	mov	_SCON0,#0x50
                           000023  1038 	C$c8051_SDCC.h$67$1$4 ==.
                                   1039 ;	C:/Program Files/SDCC/bin/../include/mcs51/c8051_SDCC.h:67: TMOD   = 0x20;                      // TMOD: timer 1, mode 2, 8-bit reload
      000023 75 89 20         [24] 1040 	mov	_TMOD,#0x20
                           000026  1041 	C$c8051_SDCC.h$68$1$4 ==.
                                   1042 ;	C:/Program Files/SDCC/bin/../include/mcs51/c8051_SDCC.h:68: TH1    = 0xFF&-(SYSCLK/BAUDRATE/16);     // set Timer1 reload value for baudrate
      000026 75 8D DC         [24] 1043 	mov	_TH1,#0xdc
                           000029  1044 	C$c8051_SDCC.h$69$1$4 ==.
                                   1045 ;	C:/Program Files/SDCC/bin/../include/mcs51/c8051_SDCC.h:69: TR1    = 1;                         // start Timer1
      000029 D2 8E            [12] 1046 	setb	_TR1
                           00002B  1047 	C$c8051_SDCC.h$70$1$4 ==.
                                   1048 ;	C:/Program Files/SDCC/bin/../include/mcs51/c8051_SDCC.h:70: CKCON |= 0x10;                      // Timer1 uses SYSCLK as time base
      00002B 43 8E 10         [24] 1049 	orl	_CKCON,#0x10
                           00002E  1050 	C$c8051_SDCC.h$71$1$4 ==.
                                   1051 ;	C:/Program Files/SDCC/bin/../include/mcs51/c8051_SDCC.h:71: PCON  |= 0x80;                      // SMOD00 = 1 (disable baud rate 
      00002E 43 87 80         [24] 1052 	orl	_PCON,#0x80
                           000031  1053 	C$c8051_SDCC.h$73$1$4 ==.
                                   1054 ;	C:/Program Files/SDCC/bin/../include/mcs51/c8051_SDCC.h:73: TI0    = 1;                         // Indicate TX0 ready
      000031 D2 99            [12] 1055 	setb	_TI0
                           000033  1056 	C$c8051_SDCC.h$74$1$4 ==.
                                   1057 ;	C:/Program Files/SDCC/bin/../include/mcs51/c8051_SDCC.h:74: P0MDOUT |= 0x01;                    // Set TX0 to push/pull
      000033 43 A4 01         [24] 1058 	orl	_P0MDOUT,#0x01
                           000036  1059 	C$c8051_SDCC.h$75$1$4 ==.
                           000036  1060 	XG$UART0_Init$0$0 ==.
      000036 22               [24] 1061 	ret
                                   1062 ;------------------------------------------------------------
                                   1063 ;Allocation info for local variables in function 'Sys_Init'
                                   1064 ;------------------------------------------------------------
                           000037  1065 	G$Sys_Init$0$0 ==.
                           000037  1066 	C$c8051_SDCC.h$83$1$4 ==.
                                   1067 ;	C:/Program Files/SDCC/bin/../include/mcs51/c8051_SDCC.h:83: void Sys_Init(void)
                                   1068 ;	-----------------------------------------
                                   1069 ;	 function Sys_Init
                                   1070 ;	-----------------------------------------
      000037                       1071 _Sys_Init:
                           000037  1072 	C$c8051_SDCC.h$85$1$6 ==.
                                   1073 ;	C:/Program Files/SDCC/bin/../include/mcs51/c8051_SDCC.h:85: WDTCN = 0xde;			// disable watchdog timer
      000037 75 FF DE         [24] 1074 	mov	_WDTCN,#0xde
                           00003A  1075 	C$c8051_SDCC.h$86$1$6 ==.
                                   1076 ;	C:/Program Files/SDCC/bin/../include/mcs51/c8051_SDCC.h:86: WDTCN = 0xad;
      00003A 75 FF AD         [24] 1077 	mov	_WDTCN,#0xad
                           00003D  1078 	C$c8051_SDCC.h$88$1$6 ==.
                                   1079 ;	C:/Program Files/SDCC/bin/../include/mcs51/c8051_SDCC.h:88: SYSCLK_Init();			// initialize oscillator
      00003D 12r00r00         [24] 1080 	lcall	_SYSCLK_Init
                           000040  1081 	C$c8051_SDCC.h$89$1$6 ==.
                                   1082 ;	C:/Program Files/SDCC/bin/../include/mcs51/c8051_SDCC.h:89: UART0_Init();			// initialize UART0
      000040 12r00r20         [24] 1083 	lcall	_UART0_Init
                           000043  1084 	C$c8051_SDCC.h$91$1$6 ==.
                                   1085 ;	C:/Program Files/SDCC/bin/../include/mcs51/c8051_SDCC.h:91: XBR0 |= 0x04;
      000043 43 E1 04         [24] 1086 	orl	_XBR0,#0x04
                           000046  1087 	C$c8051_SDCC.h$92$1$6 ==.
                                   1088 ;	C:/Program Files/SDCC/bin/../include/mcs51/c8051_SDCC.h:92: XBR2 |= 0x40;                    	// Enable crossbar and weak pull-ups
      000046 43 E3 40         [24] 1089 	orl	_XBR2,#0x40
                           000049  1090 	C$c8051_SDCC.h$93$1$6 ==.
                           000049  1091 	XG$Sys_Init$0$0 ==.
      000049 22               [24] 1092 	ret
                                   1093 ;------------------------------------------------------------
                                   1094 ;Allocation info for local variables in function 'putchar'
                                   1095 ;------------------------------------------------------------
                                   1096 ;c                         Allocated to registers r7 
                                   1097 ;------------------------------------------------------------
                           00004A  1098 	G$putchar$0$0 ==.
                           00004A  1099 	C$c8051_SDCC.h$98$1$6 ==.
                                   1100 ;	C:/Program Files/SDCC/bin/../include/mcs51/c8051_SDCC.h:98: void putchar(char c)
                                   1101 ;	-----------------------------------------
                                   1102 ;	 function putchar
                                   1103 ;	-----------------------------------------
      00004A                       1104 _putchar:
      00004A AF 82            [24] 1105 	mov	r7,dpl
                           00004C  1106 	C$c8051_SDCC.h$100$1$8 ==.
                                   1107 ;	C:/Program Files/SDCC/bin/../include/mcs51/c8051_SDCC.h:100: while (!TI0); 
      00004C                       1108 00101$:
                           00004C  1109 	C$c8051_SDCC.h$101$1$8 ==.
                                   1110 ;	C:/Program Files/SDCC/bin/../include/mcs51/c8051_SDCC.h:101: TI0 = 0;
      00004C 10 99 02         [24] 1111 	jbc	_TI0,00112$
      00004F 80 FB            [24] 1112 	sjmp	00101$
      000051                       1113 00112$:
                           000051  1114 	C$c8051_SDCC.h$102$1$8 ==.
                                   1115 ;	C:/Program Files/SDCC/bin/../include/mcs51/c8051_SDCC.h:102: SBUF0 = c;
      000051 8F 99            [24] 1116 	mov	_SBUF0,r7
                           000053  1117 	C$c8051_SDCC.h$103$1$8 ==.
                           000053  1118 	XG$putchar$0$0 ==.
      000053 22               [24] 1119 	ret
                                   1120 ;------------------------------------------------------------
                                   1121 ;Allocation info for local variables in function 'getchar'
                                   1122 ;------------------------------------------------------------
                                   1123 ;c                         Allocated to registers 
                                   1124 ;------------------------------------------------------------
                           000054  1125 	G$getchar$0$0 ==.
                           000054  1126 	C$c8051_SDCC.h$108$1$8 ==.
                                   1127 ;	C:/Program Files/SDCC/bin/../include/mcs51/c8051_SDCC.h:108: char getchar(void)
                                   1128 ;	-----------------------------------------
                                   1129 ;	 function getchar
                                   1130 ;	-----------------------------------------
      000054                       1131 _getchar:
                           000054  1132 	C$c8051_SDCC.h$111$1$10 ==.
                                   1133 ;	C:/Program Files/SDCC/bin/../include/mcs51/c8051_SDCC.h:111: while (!RI0);
      000054                       1134 00101$:
                           000054  1135 	C$c8051_SDCC.h$112$1$10 ==.
                                   1136 ;	C:/Program Files/SDCC/bin/../include/mcs51/c8051_SDCC.h:112: RI0 = 0;
      000054 10 98 02         [24] 1137 	jbc	_RI0,00112$
      000057 80 FB            [24] 1138 	sjmp	00101$
      000059                       1139 00112$:
                           000059  1140 	C$c8051_SDCC.h$113$1$10 ==.
                                   1141 ;	C:/Program Files/SDCC/bin/../include/mcs51/c8051_SDCC.h:113: c = SBUF0;
      000059 85 99 82         [24] 1142 	mov	dpl,_SBUF0
                           00005C  1143 	C$c8051_SDCC.h$114$1$10 ==.
                                   1144 ;	C:/Program Files/SDCC/bin/../include/mcs51/c8051_SDCC.h:114: putchar(c);                          // echo to terminal
      00005C 12r00r4A         [24] 1145 	lcall	_putchar
                           00005F  1146 	C$c8051_SDCC.h$115$1$10 ==.
                                   1147 ;	C:/Program Files/SDCC/bin/../include/mcs51/c8051_SDCC.h:115: return SBUF0;
      00005F 85 99 82         [24] 1148 	mov	dpl,_SBUF0
                           000062  1149 	C$c8051_SDCC.h$116$1$10 ==.
                           000062  1150 	XG$getchar$0$0 ==.
      000062 22               [24] 1151 	ret
                                   1152 ;------------------------------------------------------------
                                   1153 ;Allocation info for local variables in function 'getchar_nw'
                                   1154 ;------------------------------------------------------------
                                   1155 ;c                         Allocated to registers 
                                   1156 ;------------------------------------------------------------
                           000063  1157 	G$getchar_nw$0$0 ==.
                           000063  1158 	C$c8051_SDCC.h$121$1$10 ==.
                                   1159 ;	C:/Program Files/SDCC/bin/../include/mcs51/c8051_SDCC.h:121: char getchar_nw(void)
                                   1160 ;	-----------------------------------------
                                   1161 ;	 function getchar_nw
                                   1162 ;	-----------------------------------------
      000063                       1163 _getchar_nw:
                           000063  1164 	C$c8051_SDCC.h$124$1$12 ==.
                                   1165 ;	C:/Program Files/SDCC/bin/../include/mcs51/c8051_SDCC.h:124: if (!RI0) return 0xFF;
      000063 20 98 05         [24] 1166 	jb	_RI0,00102$
      000066 75 82 FF         [24] 1167 	mov	dpl,#0xff
      000069 80 0B            [24] 1168 	sjmp	00104$
      00006B                       1169 00102$:
                           00006B  1170 	C$c8051_SDCC.h$127$2$13 ==.
                                   1171 ;	C:/Program Files/SDCC/bin/../include/mcs51/c8051_SDCC.h:127: RI0 = 0;
      00006B C2 98            [12] 1172 	clr	_RI0
                           00006D  1173 	C$c8051_SDCC.h$128$2$13 ==.
                                   1174 ;	C:/Program Files/SDCC/bin/../include/mcs51/c8051_SDCC.h:128: c = SBUF0;
      00006D 85 99 82         [24] 1175 	mov	dpl,_SBUF0
                           000070  1176 	C$c8051_SDCC.h$129$2$13 ==.
                                   1177 ;	C:/Program Files/SDCC/bin/../include/mcs51/c8051_SDCC.h:129: putchar(c);                          // echo to terminal
      000070 12r00r4A         [24] 1178 	lcall	_putchar
                           000073  1179 	C$c8051_SDCC.h$130$2$13 ==.
                                   1180 ;	C:/Program Files/SDCC/bin/../include/mcs51/c8051_SDCC.h:130: return SBUF0;
      000073 85 99 82         [24] 1181 	mov	dpl,_SBUF0
      000076                       1182 00104$:
                           000076  1183 	C$c8051_SDCC.h$132$1$12 ==.
                           000076  1184 	XG$getchar_nw$0$0 ==.
      000076 22               [24] 1185 	ret
                                   1186 ;------------------------------------------------------------
                                   1187 ;Allocation info for local variables in function 'main'
                                   1188 ;------------------------------------------------------------
                           000077  1189 	G$main$0$0 ==.
                           000077  1190 	C$lab1_1.c$37$1$12 ==.
                                   1191 ;	C:\Users\Victor\Documents\RPI\LITEC\lab1\lab1-1.c:37: void main(void)
                                   1192 ;	-----------------------------------------
                                   1193 ;	 function main
                                   1194 ;	-----------------------------------------
      000077                       1195 _main:
                           000077  1196 	C$lab1_1.c$39$1$33 ==.
                                   1197 ;	C:\Users\Victor\Documents\RPI\LITEC\lab1\lab1-1.c:39: Sys_Init();        // System Initialization
      000077 12r00r37         [24] 1198 	lcall	_Sys_Init
                           00007A  1199 	C$lab1_1.c$40$1$33 ==.
                                   1200 ;	C:\Users\Victor\Documents\RPI\LITEC\lab1\lab1-1.c:40: putchar(' ');      // the quote fonts may not copy correctly into SiLabs IDE
      00007A 75 82 20         [24] 1201 	mov	dpl,#0x20
      00007D 12r00r4A         [24] 1202 	lcall	_putchar
                           000080  1203 	C$lab1_1.c$41$1$33 ==.
                                   1204 ;	C:\Users\Victor\Documents\RPI\LITEC\lab1\lab1-1.c:41: Port_Init();       // Initialize ports 2 and 3 
      000080 12r00r89         [24] 1205 	lcall	_Port_Init
                           000083  1206 	C$lab1_1.c$43$1$33 ==.
                                   1207 ;	C:\Users\Victor\Documents\RPI\LITEC\lab1\lab1-1.c:43: while (1)          // infinite loop 
      000083                       1208 00102$:
                           000083  1209 	C$lab1_1.c$47$2$34 ==.
                                   1210 ;	C:\Users\Victor\Documents\RPI\LITEC\lab1\lab1-1.c:47: Set_outputs();
      000083 12r00r99         [24] 1211 	lcall	_Set_outputs
      000086 80 FB            [24] 1212 	sjmp	00102$
                           000088  1213 	C$lab1_1.c$49$1$33 ==.
                           000088  1214 	XG$main$0$0 ==.
      000088 22               [24] 1215 	ret
                                   1216 ;------------------------------------------------------------
                                   1217 ;Allocation info for local variables in function 'Port_Init'
                                   1218 ;------------------------------------------------------------
                           000089  1219 	G$Port_Init$0$0 ==.
                           000089  1220 	C$lab1_1.c$55$1$33 ==.
                                   1221 ;	C:\Users\Victor\Documents\RPI\LITEC\lab1\lab1-1.c:55: void Port_Init(void)
                                   1222 ;	-----------------------------------------
                                   1223 ;	 function Port_Init
                                   1224 ;	-----------------------------------------
      000089                       1225 _Port_Init:
                           000089  1226 	C$lab1_1.c$58$1$36 ==.
                                   1227 ;	C:\Users\Victor\Documents\RPI\LITEC\lab1\lab1-1.c:58: P3MDOUT &= 0xFC; // set Port 3 output pins to push-pull mode (fill in the blank)
      000089 53 A7 FC         [24] 1228 	anl	_P3MDOUT,#0xfc
                           00008C  1229 	C$lab1_1.c$59$1$36 ==.
                                   1230 ;	C:\Users\Victor\Documents\RPI\LITEC\lab1\lab1-1.c:59: P3MDOUT |= 0xD8; // set Port 3 input pins to open drain mode (fill in the blank)
      00008C 43 A7 D8         [24] 1231 	orl	_P3MDOUT,#0xd8
                           00008F  1232 	C$lab1_1.c$60$1$36 ==.
                                   1233 ;	C:\Users\Victor\Documents\RPI\LITEC\lab1\lab1-1.c:60: P3 |= 0x03; // set Port 3 input pins to high impedance state (fill in the blank)
      00008F 43 B0 03         [24] 1234 	orl	_P3,#0x03
                           000092  1235 	C$lab1_1.c$63$1$36 ==.
                                   1236 ;	C:\Users\Victor\Documents\RPI\LITEC\lab1\lab1-1.c:63: P2MDOUT &= 0XFE;
      000092 53 A6 FE         [24] 1237 	anl	_P2MDOUT,#0xfe
                           000095  1238 	C$lab1_1.c$64$1$36 ==.
                                   1239 ;	C:\Users\Victor\Documents\RPI\LITEC\lab1\lab1-1.c:64: P2 |= 0x01;
      000095 43 A0 01         [24] 1240 	orl	_P2,#0x01
                           000098  1241 	C$lab1_1.c$67$1$36 ==.
                           000098  1242 	XG$Port_Init$0$0 ==.
      000098 22               [24] 1243 	ret
                                   1244 ;------------------------------------------------------------
                                   1245 ;Allocation info for local variables in function 'Set_outputs'
                                   1246 ;------------------------------------------------------------
                           000099  1247 	G$Set_outputs$0$0 ==.
                           000099  1248 	C$lab1_1.c$74$1$36 ==.
                                   1249 ;	C:\Users\Victor\Documents\RPI\LITEC\lab1\lab1-1.c:74: void Set_outputs(void)
                                   1250 ;	-----------------------------------------
                                   1251 ;	 function Set_outputs
                                   1252 ;	-----------------------------------------
      000099                       1253 _Set_outputs:
                           000099  1254 	C$lab1_1.c$77$1$38 ==.
                                   1255 ;	C:\Users\Victor\Documents\RPI\LITEC\lab1\lab1-1.c:77: if (sensor_ss() == 0)  // if Slide Switch not activated 
      000099 12r01r78         [24] 1256 	lcall	_sensor_ss
      00009C E5 82            [12] 1257 	mov	a,dpl
      00009E 85 83 F0         [24] 1258 	mov	b,dph
      0000A1 45 F0            [12] 1259 	orl	a,b
      0000A3 70 1C            [24] 1260 	jnz	00113$
                           0000A5  1261 	C$lab1_1.c$79$2$39 ==.
                                   1262 ;	C:\Users\Victor\Documents\RPI\LITEC\lab1\lab1-1.c:79: BILED0 = 0;   // BILED is green
      0000A5 C2 B4            [12] 1263 	clr	_BILED0
                           0000A7  1264 	C$lab1_1.c$80$2$39 ==.
                                   1265 ;	C:\Users\Victor\Documents\RPI\LITEC\lab1\lab1-1.c:80: BILED1 = 1;
      0000A7 D2 B3            [12] 1266 	setb	_BILED1
                           0000A9  1267 	C$lab1_1.c$81$2$39 ==.
                                   1268 ;	C:\Users\Victor\Documents\RPI\LITEC\lab1\lab1-1.c:81: printf("\rSlide switch is off \n");
      0000A9 74r00            [12] 1269 	mov	a,#___str_0
      0000AB C0 E0            [24] 1270 	push	acc
      0000AD 74s00            [12] 1271 	mov	a,#(___str_0 >> 8)
      0000AF C0 E0            [24] 1272 	push	acc
      0000B1 74 80            [12] 1273 	mov	a,#0x80
      0000B3 C0 E0            [24] 1274 	push	acc
      0000B5 12r00r00         [24] 1275 	lcall	_printf
      0000B8 15 81            [12] 1276 	dec	sp
      0000BA 15 81            [12] 1277 	dec	sp
      0000BC 15 81            [12] 1278 	dec	sp
      0000BE 02r01r5F         [24] 1279 	ljmp	00115$
      0000C1                       1280 00113$:
                           0000C1  1281 	C$lab1_1.c$86$2$40 ==.
                                   1282 ;	C:\Users\Victor\Documents\RPI\LITEC\lab1\lab1-1.c:86: BILED0 = 1;   // BILED is red
      0000C1 D2 B4            [12] 1283 	setb	_BILED0
                           0000C3  1284 	C$lab1_1.c$87$2$40 ==.
                                   1285 ;	C:\Users\Victor\Documents\RPI\LITEC\lab1\lab1-1.c:87: BILED1 = 0;
      0000C3 C2 B3            [12] 1286 	clr	_BILED1
                           0000C5  1287 	C$lab1_1.c$88$2$40 ==.
                                   1288 ;	C:\Users\Victor\Documents\RPI\LITEC\lab1\lab1-1.c:88: if ((sensor1() == 1) && (sensor2() == 1)) 
      0000C5 12r01r60         [24] 1289 	lcall	_sensor1
      0000C8 AE 82            [24] 1290 	mov	r6,dpl
      0000CA AF 83            [24] 1291 	mov	r7,dph
      0000CC BE 01 2B         [24] 1292 	cjne	r6,#0x01,00109$
      0000CF BF 00 28         [24] 1293 	cjne	r7,#0x00,00109$
      0000D2 12r01r6C         [24] 1294 	lcall	_sensor2
      0000D5 AE 82            [24] 1295 	mov	r6,dpl
      0000D7 AF 83            [24] 1296 	mov	r7,dph
      0000D9 BE 01 1E         [24] 1297 	cjne	r6,#0x01,00109$
      0000DC BF 00 1B         [24] 1298 	cjne	r7,#0x00,00109$
                           0000DF  1299 	C$lab1_1.c$90$3$41 ==.
                                   1300 ;	C:\Users\Victor\Documents\RPI\LITEC\lab1\lab1-1.c:90: LED0 = 0; // LED is on
      0000DF C2 B6            [12] 1301 	clr	_LED0
                           0000E1  1302 	C$lab1_1.c$91$3$41 ==.
                                   1303 ;	C:\Users\Victor\Documents\RPI\LITEC\lab1\lab1-1.c:91: Buzzer = 1;  // Buzzer is off
      0000E1 D2 B7            [12] 1304 	setb	_Buzzer
                           0000E3  1305 	C$lab1_1.c$92$3$41 ==.
                                   1306 ;	C:\Users\Victor\Documents\RPI\LITEC\lab1\lab1-1.c:92: printf("\rSlide switch on. Pushbutton 1 activated. Pushbutton 2 activated \n");
      0000E3 74r17            [12] 1307 	mov	a,#___str_1
      0000E5 C0 E0            [24] 1308 	push	acc
      0000E7 74s00            [12] 1309 	mov	a,#(___str_1 >> 8)
      0000E9 C0 E0            [24] 1310 	push	acc
      0000EB 74 80            [12] 1311 	mov	a,#0x80
      0000ED C0 E0            [24] 1312 	push	acc
      0000EF 12r00r00         [24] 1313 	lcall	_printf
      0000F2 15 81            [12] 1314 	dec	sp
      0000F4 15 81            [12] 1315 	dec	sp
      0000F6 15 81            [12] 1316 	dec	sp
      0000F8 80 65            [24] 1317 	sjmp	00115$
      0000FA                       1318 00109$:
                           0000FA  1319 	C$lab1_1.c$94$2$40 ==.
                                   1320 ;	C:\Users\Victor\Documents\RPI\LITEC\lab1\lab1-1.c:94: else if ((sensor1() == 1) && (sensor2() == 0)) 
      0000FA 12r01r60         [24] 1321 	lcall	_sensor1
      0000FD AE 82            [24] 1322 	mov	r6,dpl
      0000FF AF 83            [24] 1323 	mov	r7,dph
      000101 BE 01 2A         [24] 1324 	cjne	r6,#0x01,00105$
      000104 BF 00 27         [24] 1325 	cjne	r7,#0x00,00105$
      000107 12r01r6C         [24] 1326 	lcall	_sensor2
      00010A E5 82            [12] 1327 	mov	a,dpl
      00010C 85 83 F0         [24] 1328 	mov	b,dph
      00010F 45 F0            [12] 1329 	orl	a,b
      000111 70 1B            [24] 1330 	jnz	00105$
                           000113  1331 	C$lab1_1.c$96$3$42 ==.
                                   1332 ;	C:\Users\Victor\Documents\RPI\LITEC\lab1\lab1-1.c:96: Buzzer = 0;
      000113 C2 B7            [12] 1333 	clr	_Buzzer
                           000115  1334 	C$lab1_1.c$97$3$42 ==.
                                   1335 ;	C:\Users\Victor\Documents\RPI\LITEC\lab1\lab1-1.c:97: LED0 = 1;
      000115 D2 B6            [12] 1336 	setb	_LED0
                           000117  1337 	C$lab1_1.c$98$3$42 ==.
                                   1338 ;	C:\Users\Victor\Documents\RPI\LITEC\lab1\lab1-1.c:98: printf("\rSlide switch on. Pushbutton 1 activated. Pushbutton 2 not activated \n");
      000117 74r5A            [12] 1339 	mov	a,#___str_2
      000119 C0 E0            [24] 1340 	push	acc
      00011B 74s00            [12] 1341 	mov	a,#(___str_2 >> 8)
      00011D C0 E0            [24] 1342 	push	acc
      00011F 74 80            [12] 1343 	mov	a,#0x80
      000121 C0 E0            [24] 1344 	push	acc
      000123 12r00r00         [24] 1345 	lcall	_printf
      000126 15 81            [12] 1346 	dec	sp
      000128 15 81            [12] 1347 	dec	sp
      00012A 15 81            [12] 1348 	dec	sp
      00012C 80 31            [24] 1349 	sjmp	00115$
      00012E                       1350 00105$:
                           00012E  1351 	C$lab1_1.c$100$2$40 ==.
                                   1352 ;	C:\Users\Victor\Documents\RPI\LITEC\lab1\lab1-1.c:100: else if ((sensor1() == 0) && (sensor2() == 0))
      00012E 12r01r60         [24] 1353 	lcall	_sensor1
      000131 E5 82            [12] 1354 	mov	a,dpl
      000133 85 83 F0         [24] 1355 	mov	b,dph
      000136 45 F0            [12] 1356 	orl	a,b
      000138 70 25            [24] 1357 	jnz	00115$
      00013A 12r01r6C         [24] 1358 	lcall	_sensor2
      00013D E5 82            [12] 1359 	mov	a,dpl
      00013F 85 83 F0         [24] 1360 	mov	b,dph
      000142 45 F0            [12] 1361 	orl	a,b
      000144 70 19            [24] 1362 	jnz	00115$
                           000146  1363 	C$lab1_1.c$102$3$43 ==.
                                   1364 ;	C:\Users\Victor\Documents\RPI\LITEC\lab1\lab1-1.c:102: Buzzer = 1;
      000146 D2 B7            [12] 1365 	setb	_Buzzer
                           000148  1366 	C$lab1_1.c$103$3$43 ==.
                                   1367 ;	C:\Users\Victor\Documents\RPI\LITEC\lab1\lab1-1.c:103: LED0 = 1;
      000148 D2 B6            [12] 1368 	setb	_LED0
                           00014A  1369 	C$lab1_1.c$104$3$43 ==.
                                   1370 ;	C:\Users\Victor\Documents\RPI\LITEC\lab1\lab1-1.c:104: printf("\rSlide switch on. \n");	
      00014A 74rA1            [12] 1371 	mov	a,#___str_3
      00014C C0 E0            [24] 1372 	push	acc
      00014E 74s00            [12] 1373 	mov	a,#(___str_3 >> 8)
      000150 C0 E0            [24] 1374 	push	acc
      000152 74 80            [12] 1375 	mov	a,#0x80
      000154 C0 E0            [24] 1376 	push	acc
      000156 12r00r00         [24] 1377 	lcall	_printf
      000159 15 81            [12] 1378 	dec	sp
      00015B 15 81            [12] 1379 	dec	sp
      00015D 15 81            [12] 1380 	dec	sp
      00015F                       1381 00115$:
                           00015F  1382 	C$lab1_1.c$109$1$38 ==.
                           00015F  1383 	XG$Set_outputs$0$0 ==.
      00015F 22               [24] 1384 	ret
                                   1385 ;------------------------------------------------------------
                                   1386 ;Allocation info for local variables in function 'sensor1'
                                   1387 ;------------------------------------------------------------
                           000160  1388 	G$sensor1$0$0 ==.
                           000160  1389 	C$lab1_1.c$116$1$38 ==.
                                   1390 ;	C:\Users\Victor\Documents\RPI\LITEC\lab1\lab1-1.c:116: int sensor1(void)
                                   1391 ;	-----------------------------------------
                                   1392 ;	 function sensor1
                                   1393 ;	-----------------------------------------
      000160                       1394 _sensor1:
                           000160  1395 	C$lab1_1.c$119$1$45 ==.
                                   1396 ;	C:\Users\Victor\Documents\RPI\LITEC\lab1\lab1-1.c:119: if (!PB1) return 1;
      000160 20 B0 05         [24] 1397 	jb	_PB1,00102$
      000163 90 00 01         [24] 1398 	mov	dptr,#0x0001
      000166 80 03            [24] 1399 	sjmp	00104$
      000168                       1400 00102$:
                           000168  1401 	C$lab1_1.c$120$1$45 ==.
                                   1402 ;	C:\Users\Victor\Documents\RPI\LITEC\lab1\lab1-1.c:120: else      return 0;
      000168 90 00 00         [24] 1403 	mov	dptr,#0x0000
      00016B                       1404 00104$:
                           00016B  1405 	C$lab1_1.c$121$1$45 ==.
                           00016B  1406 	XG$sensor1$0$0 ==.
      00016B 22               [24] 1407 	ret
                                   1408 ;------------------------------------------------------------
                                   1409 ;Allocation info for local variables in function 'sensor2'
                                   1410 ;------------------------------------------------------------
                           00016C  1411 	G$sensor2$0$0 ==.
                           00016C  1412 	C$lab1_1.c$123$1$45 ==.
                                   1413 ;	C:\Users\Victor\Documents\RPI\LITEC\lab1\lab1-1.c:123: int sensor2(void)
                                   1414 ;	-----------------------------------------
                                   1415 ;	 function sensor2
                                   1416 ;	-----------------------------------------
      00016C                       1417 _sensor2:
                           00016C  1418 	C$lab1_1.c$125$1$47 ==.
                                   1419 ;	C:\Users\Victor\Documents\RPI\LITEC\lab1\lab1-1.c:125: if (!PB2) return 1;
      00016C 20 B1 05         [24] 1420 	jb	_PB2,00102$
      00016F 90 00 01         [24] 1421 	mov	dptr,#0x0001
      000172 80 03            [24] 1422 	sjmp	00104$
      000174                       1423 00102$:
                           000174  1424 	C$lab1_1.c$126$1$47 ==.
                                   1425 ;	C:\Users\Victor\Documents\RPI\LITEC\lab1\lab1-1.c:126: else  	  return 0;
      000174 90 00 00         [24] 1426 	mov	dptr,#0x0000
      000177                       1427 00104$:
                           000177  1428 	C$lab1_1.c$127$1$47 ==.
                           000177  1429 	XG$sensor2$0$0 ==.
      000177 22               [24] 1430 	ret
                                   1431 ;------------------------------------------------------------
                                   1432 ;Allocation info for local variables in function 'sensor_ss'
                                   1433 ;------------------------------------------------------------
                           000178  1434 	G$sensor_ss$0$0 ==.
                           000178  1435 	C$lab1_1.c$133$1$47 ==.
                                   1436 ;	C:\Users\Victor\Documents\RPI\LITEC\lab1\lab1-1.c:133: int sensor_ss(void)
                                   1437 ;	-----------------------------------------
                                   1438 ;	 function sensor_ss
                                   1439 ;	-----------------------------------------
      000178                       1440 _sensor_ss:
                           000178  1441 	C$lab1_1.c$136$1$49 ==.
                                   1442 ;	C:\Users\Victor\Documents\RPI\LITEC\lab1\lab1-1.c:136: if (!SS) return 1;
      000178 20 A0 05         [24] 1443 	jb	_SS,00102$
      00017B 90 00 01         [24] 1444 	mov	dptr,#0x0001
      00017E 80 03            [24] 1445 	sjmp	00104$
      000180                       1446 00102$:
                           000180  1447 	C$lab1_1.c$137$1$49 ==.
                                   1448 ;	C:\Users\Victor\Documents\RPI\LITEC\lab1\lab1-1.c:137: else     return 0;
      000180 90 00 00         [24] 1449 	mov	dptr,#0x0000
      000183                       1450 00104$:
                           000183  1451 	C$lab1_1.c$138$1$49 ==.
                           000183  1452 	XG$sensor_ss$0$0 ==.
      000183 22               [24] 1453 	ret
                                   1454 	.area CSEG    (CODE)
                                   1455 	.area CONST   (CODE)
                           000000  1456 Flab1_1$__str_0$0$0 == .
      000000                       1457 ___str_0:
      000000 0D                    1458 	.db 0x0d
      000001 53 6C 69 64 65 20 73  1459 	.ascii "Slide switch is off "
             77 69 74 63 68 20 69
             73 20 6F 66 66 20
      000015 0A                    1460 	.db 0x0a
      000016 00                    1461 	.db 0x00
                           000017  1462 Flab1_1$__str_1$0$0 == .
      000017                       1463 ___str_1:
      000017 0D                    1464 	.db 0x0d
      000018 53 6C 69 64 65 20 73  1465 	.ascii "Slide switch on. Pushbutton 1 activated. Pushbutton 2 activ"
             77 69 74 63 68 20 6F
             6E 2E 20 50 75 73 68
             62 75 74 74 6F 6E 20
             31 20 61 63 74 69 76
             61 74 65 64 2E 20 50
             75 73 68 62 75 74 74
             6F 6E 20 32 20 61 63
             74 69 76
      000053 61 74 65 64 20        1466 	.ascii "ated "
      000058 0A                    1467 	.db 0x0a
      000059 00                    1468 	.db 0x00
                           00005A  1469 Flab1_1$__str_2$0$0 == .
      00005A                       1470 ___str_2:
      00005A 0D                    1471 	.db 0x0d
      00005B 53 6C 69 64 65 20 73  1472 	.ascii "Slide switch on. Pushbutton 1 activated. Pushbutton 2 not a"
             77 69 74 63 68 20 6F
             6E 2E 20 50 75 73 68
             62 75 74 74 6F 6E 20
             31 20 61 63 74 69 76
             61 74 65 64 2E 20 50
             75 73 68 62 75 74 74
             6F 6E 20 32 20 6E 6F
             74 20 61
      000096 63 74 69 76 61 74 65  1473 	.ascii "ctivated "
             64 20
      00009F 0A                    1474 	.db 0x0a
      0000A0 00                    1475 	.db 0x00
                           0000A1  1476 Flab1_1$__str_3$0$0 == .
      0000A1                       1477 ___str_3:
      0000A1 0D                    1478 	.db 0x0d
      0000A2 53 6C 69 64 65 20 73  1479 	.ascii "Slide switch on. "
             77 69 74 63 68 20 6F
             6E 2E 20
      0000B3 0A                    1480 	.db 0x0a
      0000B4 00                    1481 	.db 0x00
                                   1482 	.area XINIT   (CODE)
                                   1483 	.area CABS    (ABS,CODE)
