ASxxxx Linker V03.00 + NoICE + sdld,  page 1.
Hexadecimal  [32-Bits]

Area                                    Addr        Size        Decimal Bytes (Attributes)
--------------------------------        ----        ----        ------- ----- ------------
CABS                                00000000    00000000 =           0. bytes (ABS,CON,CODE)

      Value  Global                              Global Defined In Module
      -----  --------------------------------   ------------------------
C:   00000000  l_BIT_BANK                      
C:   00000000  l_CABS                          
C:   00000000  l_GSINIT1                       
C:   00000000  l_GSINIT5                       
C:   00000000  l_IABS                          
C:   00000000  l_PSEG                          
C:   00000000  l_REG_BANK_1                    
C:   00000000  l_REG_BANK_2                    
C:   00000000  l_REG_BANK_3                    
C:   00000000  l_RSEG                          
C:   00000000  l_RSEG0                         
C:   00000000  l_RSEG1                         
C:   00000000  l_XABS                          
C:   00000000  l_XINIT                         
C:   00000000  l_XISEG                         
C:   00000000  l__CODE                         
C:   00000000  s_BSEG                          
C:   00000000  s_CABS                          
C:   00000000  s_DSEG                          
C:   00000000  s_HOME                          
C:   00000000  s_IABS                          
C:   00000000  s_REG_BANK_0                    
C:   00000000  s_RSEG                          
C:   00000000  s_RSEG0                         
C:   00000000  s_RSEG1                         
C:   00000000  s_XABS                          
C:   00000001  s_PSEG                          
C:   00000001  s_XSEG                          
C:   00000002  l_BSEG_BYTES                    
C:   00000003  l_GSFINAL                       
C:   00000003  l_GSINIT0                       
C:   00000006  l_ISEG                          
C:   00000006  l_OSEG                          
C:   00000008  l_REG_BANK_0                    
C:   00000008  s_REG_BANK_1                    
C:   0000000A  l_BSEG                          
C:   0000000A  l_GSINIT2                       
C:   00000010  s_REG_BANK_2                    
C:   00000011  s_OSEG                          
C:   00000015  l_GSINIT                        
C:   00000017  s_ISEG                          
C:   00000018  s_BIT_BANK                      
C:   00000018  s_REG_BANK_3                    
C:   00000020  s_BSEG_BYTES                    
C:   00000020  s__CODE                         
C:   00000022  l_GSINIT3                       
C:   0000002A  l_GSINIT4                       
C:   00000041  l_CONST                         
C:   00000050  l_XSEG                          
C:   00000051  l_HOME                          
ASxxxx Linker V03.00 + NoICE + sdld,  page 2.
Hexadecimal  [32-Bits]

Area                                    Addr        Size        Decimal Bytes (Attributes)
--------------------------------        ----        ----        ------- ----- ------------
CABS                                00000000    00000000 =           0. bytes (ABS,CON,CODE)

      Value  Global                              Global Defined In Module
      -----  --------------------------------   ------------------------
C:   00000051  s_GSINIT0                       
C:   00000051  s_XISEG                         
C:   00000054  s_GSINIT1                       
C:   00000054  s_GSINIT2                       
C:   0000005E  s_GSINIT3                       
C:   00000073  s_SSEG                          
C:   0000007D  l_DSEG                          
C:   00000080  s_GSINIT4                       
C:   0000008D  l_SSEG                          
C:   000000AA  s_GSINIT                        
C:   000000AA  s_GSINIT5                       
C:   000000BF  s_GSFINAL                       
C:   000000C2  s_CSEG                          
C:   00000100  l_IRAM                          
C:   00001252  l_CSEG                          
C:   00001314  s_CONST                         
C:   00001355  s_XINIT                         

ASxxxx Linker V03.00 + NoICE + sdld,  page 3.
Hexadecimal  [32-Bits]

Area                                    Addr        Size        Decimal Bytes (Attributes)
--------------------------------        ----        ----        ------- ----- ------------
.  .ABS.                            00000000    00000000 =           0. bytes (ABS,CON)

      Value  Global                              Global Defined In Module
      -----  --------------------------------   ------------------------
     00000000  .__.ABS.                           _fsget1arg
     00000080  G$P0$0$0                           lab4
     00000080  G$P0_0$0$0                         lab4
     00000080  _P0                                lab4
     00000080  _P0_0                              lab4
     00000081  G$P0_1$0$0                         lab4
     00000081  G$SP$0$0                           lab4
     00000081  _P0_1                              lab4
     00000081  _SP                                lab4
     00000082  G$DPL$0$0                          lab4
     00000082  G$P0_2$0$0                         lab4
     00000082  _DPL                               lab4
     00000082  _P0_2                              lab4
     00000083  G$BUS_SCL$0$0                      lab4
     00000083  G$DPH$0$0                          lab4
     00000083  G$P0_3$0$0                         lab4
     00000083  _BUS_SCL                           lab4
     00000083  _DPH                               lab4
     00000083  _P0_3                              lab4
     00000084  G$P0_4$0$0                         lab4
     00000084  G$P4$0$0                           lab4
     00000084  _P0_4                              lab4
     00000084  _P4                                lab4
     00000085  G$P0_5$0$0                         lab4
     00000085  G$P5$0$0                           lab4
     00000085  _P0_5                              lab4
     00000085  _P5                                lab4
     00000086  G$P0_6$0$0                         lab4
     00000086  G$P6$0$0                           lab4
     00000086  _P0_6                              lab4
     00000086  _P6                                lab4
     00000087  G$P0_7$0$0                         lab4
     00000087  G$PCON$0$0                         lab4
     00000087  _P0_7                              lab4
     00000087  _PCON                              lab4
     00000088  G$IT0$0$0                          lab4
     00000088  G$TCON$0$0                         lab4
     00000088  _IT0                               lab4
     00000088  _TCON                              lab4
     00000089  G$IE0$0$0                          lab4
     00000089  G$TMOD$0$0                         lab4
     00000089  _IE0                               lab4
     00000089  _TMOD                              lab4
     0000008A  G$IT1$0$0                          lab4
     0000008A  G$TL0$0$0                          lab4
     0000008A  _IT1                               lab4
     0000008A  _TL0                               lab4
     0000008B  G$IE1$0$0                          lab4
     0000008B  G$TL1$0$0                          lab4
     0000008B  _IE1                               lab4
ASxxxx Linker V03.00 + NoICE + sdld,  page 4.
Hexadecimal  [32-Bits]

Area                                    Addr        Size        Decimal Bytes (Attributes)
--------------------------------        ----        ----        ------- ----- ------------
.  .ABS.                            00000000    00000000 =           0. bytes (ABS,CON)

      Value  Global                              Global Defined In Module
      -----  --------------------------------   ------------------------
     0000008B  _TL1                               lab4
     0000008C  G$TH0$0$0                          lab4
     0000008C  G$TR0$0$0                          lab4
     0000008C  _TH0                               lab4
     0000008C  _TR0                               lab4
     0000008D  G$TF0$0$0                          lab4
     0000008D  G$TH1$0$0                          lab4
     0000008D  _TF0                               lab4
     0000008D  _TH1                               lab4
     0000008E  G$CKCON$0$0                        lab4
     0000008E  G$TR1$0$0                          lab4
     0000008E  _CKCON                             lab4
     0000008E  _TR1                               lab4
     0000008F  G$PSCTL$0$0                        lab4
     0000008F  G$TF1$0$0                          lab4
     0000008F  _PSCTL                             lab4
     0000008F  _TF1                               lab4
     00000090  G$P1$0$0                           lab4
     00000090  G$P1_0$0$0                         lab4
     00000090  _P1                                lab4
     00000090  _P1_0                              lab4
     00000091  G$P1_1$0$0                         lab4
     00000091  G$TMR3CN$0$0                       lab4
     00000091  _P1_1                              lab4
     00000091  _TMR3CN                            lab4
     00000092  G$P1_2$0$0                         lab4
     00000092  G$TMR3RLL$0$0                      lab4
     00000092  _P1_2                              lab4
     00000092  _TMR3RLL                           lab4
     00000093  G$P1_3$0$0                         lab4
     00000093  G$TMR3RLH$0$0                      lab4
     00000093  _P1_3                              lab4
     00000093  _TMR3RLH                           lab4
     00000094  G$P1_4$0$0                         lab4
     00000094  G$TMR3L$0$0                        lab4
     00000094  _P1_4                              lab4
     00000094  _TMR3L                             lab4
     00000095  G$P1_5$0$0                         lab4
     00000095  G$TMR3H$0$0                        lab4
     00000095  _P1_5                              lab4
     00000095  _TMR3H                             lab4
     00000096  G$P1_6$0$0                         lab4
     00000096  G$P7$0$0                           lab4
     00000096  _P1_6                              lab4
     00000096  _P7                                lab4
     00000097  G$P1_7$0$0                         lab4
     00000097  _P1_7                              lab4
     00000098  G$RI$0$0                           lab4
     00000098  G$RI0$0$0                          lab4
     00000098  G$SCON$0$0                         lab4
     00000098  G$SCON0$0$0                        lab4
ASxxxx Linker V03.00 + NoICE + sdld,  page 5.
Hexadecimal  [32-Bits]

Area                                    Addr        Size        Decimal Bytes (Attributes)
--------------------------------        ----        ----        ------- ----- ------------
.  .ABS.                            00000000    00000000 =           0. bytes (ABS,CON)

      Value  Global                              Global Defined In Module
      -----  --------------------------------   ------------------------
     00000098  _RI                                lab4
     00000098  _RI0                               lab4
     00000098  _SCON                              lab4
     00000098  _SCON0                             lab4
     00000099  G$SBUF$0$0                         lab4
     00000099  G$SBUF0$0$0                        lab4
     00000099  G$TI$0$0                           lab4
     00000099  G$TI0$0$0                          lab4
     00000099  _SBUF                              lab4
     00000099  _SBUF0                             lab4
     00000099  _TI                                lab4
     00000099  _TI0                               lab4
     0000009A  G$RB8$0$0                          lab4
     0000009A  G$RB80$0$0                         lab4
     0000009A  G$SPI0CFG$0$0                      lab4
     0000009A  _RB8                               lab4
     0000009A  _RB80                              lab4
     0000009A  _SPI0CFG                           lab4
     0000009B  G$SPI0DAT$0$0                      lab4
     0000009B  G$TB8$0$0                          lab4
     0000009B  G$TB80$0$0                         lab4
     0000009B  _SPI0DAT                           lab4
     0000009B  _TB8                               lab4
     0000009B  _TB80                              lab4
     0000009C  G$ADC1$0$0                         lab4
     0000009C  G$REN$0$0                          lab4
     0000009C  G$REN0$0$0                         lab4
     0000009C  _ADC1                              lab4
     0000009C  _REN                               lab4
     0000009C  _REN0                              lab4
     0000009D  G$MCE0$0$0                         lab4
     0000009D  G$SM2$0$0                          lab4
     0000009D  G$SM20$0$0                         lab4
     0000009D  G$SPI0CKR$0$0                      lab4
     0000009D  _MCE0                              lab4
     0000009D  _SM2                               lab4
     0000009D  _SM20                              lab4
     0000009D  _SPI0CKR                           lab4
     0000009E  G$CPT0CN$0$0                       lab4
     0000009E  G$SM1$0$0                          lab4
     0000009E  G$SM10$0$0                         lab4
     0000009E  _CPT0CN                            lab4
     0000009E  _SM1                               lab4
     0000009E  _SM10                              lab4
     0000009F  G$CPT1CN$0$0                       lab4
     0000009F  G$S0MODE$0$0                       lab4
     0000009F  G$SM0$0$0                          lab4
     0000009F  G$SM00$0$0                         lab4
     0000009F  _CPT1CN                            lab4
     0000009F  _S0MODE                            lab4
     0000009F  _SM0                               lab4
ASxxxx Linker V03.00 + NoICE + sdld,  page 6.
Hexadecimal  [32-Bits]

Area                                    Addr        Size        Decimal Bytes (Attributes)
--------------------------------        ----        ----        ------- ----- ------------
.  .ABS.                            00000000    00000000 =           0. bytes (ABS,CON)

      Value  Global                              Global Defined In Module
      -----  --------------------------------   ------------------------
     0000009F  _SM00                              lab4
     000000A0  G$P2$0$0                           lab4
     000000A0  G$P2_0$0$0                         lab4
     000000A0  _P2                                lab4
     000000A0  _P2_0                              lab4
     000000A1  G$EMI0TC$0$0                       lab4
     000000A1  G$P2_1$0$0                         lab4
     000000A1  _EMI0TC                            lab4
     000000A1  _P2_1                              lab4
     000000A2  G$P2_2$0$0                         lab4
     000000A2  _P2_2                              lab4
     000000A3  G$EMI0CF$0$0                       lab4
     000000A3  G$P2_3$0$0                         lab4
     000000A3  _EMI0CF                            lab4
     000000A3  _P2_3                              lab4
     000000A4  G$P0MDOUT$0$0                      lab4
     000000A4  G$P2_4$0$0                         lab4
     000000A4  G$PRT0CF$0$0                       lab4
     000000A4  _P0MDOUT                           lab4
     000000A4  _P2_4                              lab4
     000000A4  _PRT0CF                            lab4
     000000A5  G$P1MDOUT$0$0                      lab4
     000000A5  G$P2_5$0$0                         lab4
     000000A5  G$PRT1CF$0$0                       lab4
     000000A5  _P1MDOUT                           lab4
     000000A5  _P2_5                              lab4
     000000A5  _PRT1CF                            lab4
     000000A6  G$P2MDOUT$0$0                      lab4
     000000A6  G$P2_6$0$0                         lab4
     000000A6  G$PRT2CF$0$0                       lab4
     000000A6  _P2MDOUT                           lab4
     000000A6  _P2_6                              lab4
     000000A6  _PRT2CF                            lab4
     000000A7  G$P2_7$0$0                         lab4
     000000A7  G$P3MDOUT$0$0                      lab4
     000000A7  G$PRT3CF$0$0                       lab4
     000000A7  _P2_7                              lab4
     000000A7  _P3MDOUT                           lab4
     000000A7  _PRT3CF                            lab4
     000000A8  G$EX0$0$0                          lab4
     000000A8  G$IE$0$0                           lab4
     000000A8  _EX0                               lab4
     000000A8  _IE                                lab4
     000000A9  G$ET0$0$0                          lab4
     000000A9  G$SADDR0$0$0                       lab4
     000000A9  _ET0                               lab4
     000000A9  _SADDR0                            lab4
     000000AA  G$ADC1CN$0$0                       lab4
     000000AA  G$EX1$0$0                          lab4
     000000AA  _ADC1CN                            lab4
     000000AA  _EX1                               lab4
ASxxxx Linker V03.00 + NoICE + sdld,  page 7.
Hexadecimal  [32-Bits]

Area                                    Addr        Size        Decimal Bytes (Attributes)
--------------------------------        ----        ----        ------- ----- ------------
.  .ABS.                            00000000    00000000 =           0. bytes (ABS,CON)

      Value  Global                              Global Defined In Module
      -----  --------------------------------   ------------------------
     000000AB  G$ADC1CF$0$0                       lab4
     000000AB  G$ET1$0$0                          lab4
     000000AB  _ADC1CF                            lab4
     000000AB  _ET1                               lab4
     000000AC  G$AMX1SL$0$0                       lab4
     000000AC  G$ES$0$0                           lab4
     000000AC  G$ES0$0$0                          lab4
     000000AC  _AMX1SL                            lab4
     000000AC  _ES                                lab4
     000000AC  _ES0                               lab4
     000000AD  G$ET2$0$0                          lab4
     000000AD  G$P3IF$0$0                         lab4
     000000AD  _ET2                               lab4
     000000AD  _P3IF                              lab4
     000000AE  G$SADEN1$0$0                       lab4
     000000AE  _SADEN1                            lab4
     000000AF  G$EA$0$0                           lab4
     000000AF  G$EMI0CN$0$0                       lab4
     000000AF  G$_XPAGE$0$0                       lab4
     000000AF  _EA                                lab4
     000000AF  _EMI0CN                            lab4
     000000AF  __XPAGE                            lab4
     000000B0  G$P3$0$0                           lab4
     000000B0  G$P3_0$0$0                         lab4
     000000B0  _P3                                lab4
     000000B0  _P3_0                              lab4
     000000B1  G$OSCXCN$0$0                       lab4
     000000B1  G$P3_1$0$0                         lab4
     000000B1  _OSCXCN                            lab4
     000000B1  _P3_1                              lab4
     000000B2  G$OSCICN$0$0                       lab4
     000000B2  G$P3_2$0$0                         lab4
     000000B2  _OSCICN                            lab4
     000000B2  _P3_2                              lab4
     000000B3  G$P3_3$0$0                         lab4
     000000B3  _P3_3                              lab4
     000000B4  G$P3_4$0$0                         lab4
     000000B4  _P3_4                              lab4
     000000B5  G$P3_5$0$0                         lab4
     000000B5  G$P74OUT$0$0                       lab4
     000000B5  _P3_5                              lab4
     000000B5  _P74OUT                            lab4
     000000B6  G$FLSCL$0$0                        lab4
     000000B6  G$P3_6$0$0                         lab4
     000000B6  G$SS2$0$0                          lab4
     000000B6  _FLSCL                             lab4
     000000B6  _P3_6                              lab4
     000000B6  _SS2                               lab4
     000000B7  G$FLACL$0$0                        lab4
     000000B7  G$P3_7$0$0                         lab4
     000000B7  G$SS1$0$0                          lab4
ASxxxx Linker V03.00 + NoICE + sdld,  page 8.
Hexadecimal  [32-Bits]

Area                                    Addr        Size        Decimal Bytes (Attributes)
--------------------------------        ----        ----        ------- ----- ------------
.  .ABS.                            00000000    00000000 =           0. bytes (ABS,CON)

      Value  Global                              Global Defined In Module
      -----  --------------------------------   ------------------------
     000000B7  _FLACL                             lab4
     000000B7  _P3_7                              lab4
     000000B7  _SS1                               lab4
     000000B8  G$IP$0$0                           lab4
     000000B8  G$PX0$0$0                          lab4
     000000B8  _IP                                lab4
     000000B8  _PX0                               lab4
     000000B9  G$PT0$0$0                          lab4
     000000B9  G$SADEN0$0$0                       lab4
     000000B9  _PT0                               lab4
     000000B9  _SADEN0                            lab4
     000000BA  G$AMX0CF$0$0                       lab4
     000000BA  G$PX1$0$0                          lab4
     000000BA  _AMX0CF                            lab4
     000000BA  _PX1                               lab4
     000000BB  G$AMX0SL$0$0                       lab4
     000000BB  G$PT1$0$0                          lab4
     000000BB  _AMX0SL                            lab4
     000000BB  _PT1                               lab4
     000000BC  G$ADC0CF$0$0                       lab4
     000000BC  G$PS$0$0                           lab4
     000000BC  G$PS0$0$0                          lab4
     000000BC  _ADC0CF                            lab4
     000000BC  _PS                                lab4
     000000BC  _PS0                               lab4
     000000BD  G$P1MDIN$0$0                       lab4
     000000BD  G$PT2$0$0                          lab4
     000000BD  _P1MDIN                            lab4
     000000BD  _PT2                               lab4
     000000BE  G$ADC0L$0$0                        lab4
     000000BE  _ADC0L                             lab4
     000000BF  G$ADC0H$0$0                        lab4
     000000BF  _ADC0H                             lab4
     000000C0  G$BUS_TOE$0$0                      lab4
     000000C0  G$SMB0CN$0$0                       lab4
     000000C0  G$SMBTOE$0$0                       lab4
     000000C0  _BUS_TOE                           lab4
     000000C0  _SMB0CN                            lab4
     000000C0  _SMBTOE                            lab4
     000000C1  G$BUS_FTE$0$0                      lab4
     000000C1  G$SMB0STA$0$0                      lab4
     000000C1  G$SMBFTE$0$0                       lab4
     000000C1  _BUS_FTE                           lab4
     000000C1  _SMB0STA                           lab4
     000000C1  _SMBFTE                            lab4
     000000C2  G$AA$0$0                           lab4
     000000C2  G$BUS_AA$0$0                       lab4
     000000C2  G$SMB0DAT$0$0                      lab4
     000000C2  _AA                                lab4
     000000C2  _BUS_AA                            lab4
     000000C2  _SMB0DAT                           lab4
ASxxxx Linker V03.00 + NoICE + sdld,  page 9.
Hexadecimal  [32-Bits]

Area                                    Addr        Size        Decimal Bytes (Attributes)
--------------------------------        ----        ----        ------- ----- ------------
.  .ABS.                            00000000    00000000 =           0. bytes (ABS,CON)

      Value  Global                              Global Defined In Module
      -----  --------------------------------   ------------------------
     000000C3  G$BUS_INT$0$0                      lab4
     000000C3  G$SI$0$0                           lab4
     000000C3  G$SMB0ADR$0$0                      lab4
     000000C3  _BUS_INT                           lab4
     000000C3  _SI                                lab4
     000000C3  _SMB0ADR                           lab4
     000000C4  G$ADC0GTL$0$0                      lab4
     000000C4  G$BUS_STOP$0$0                     lab4
     000000C4  G$STO$0$0                          lab4
     000000C4  _ADC0GTL                           lab4
     000000C4  _BUS_STOP                          lab4
     000000C4  _STO                               lab4
     000000C5  G$ADC0GTH$0$0                      lab4
     000000C5  G$BUS_START$0$0                    lab4
     000000C5  G$STA$0$0                          lab4
     000000C5  _ADC0GTH                           lab4
     000000C5  _BUS_START                         lab4
     000000C5  _STA                               lab4
     000000C6  G$ADC0LTL$0$0                      lab4
     000000C6  G$BUS_EN$0$0                       lab4
     000000C6  G$ENSMB$0$0                        lab4
     000000C6  _ADC0LTL                           lab4
     000000C6  _BUS_EN                            lab4
     000000C6  _ENSMB                             lab4
     000000C7  G$ADC0LTH$0$0                      lab4
     000000C7  G$BUSY$0$0                         lab4
     000000C7  G$BUS_BUSY$0$0                     lab4
     000000C7  _ADC0LTH                           lab4
     000000C7  _BUSY                              lab4
     000000C7  _BUS_BUSY                          lab4
     000000C8  G$CPRL2$0$0                        lab4
     000000C8  G$T2CON$0$0                        lab4
     000000C8  _CPRL2                             lab4
     000000C8  _T2CON                             lab4
     000000C9  G$CT2$0$0                          lab4
     000000C9  G$T4CON$0$0                        lab4
     000000C9  _CT2                               lab4
     000000C9  _T4CON                             lab4
     000000CA  G$RCAP2L$0$0                       lab4
     000000CA  G$TR2$0$0                          lab4
     000000CA  _RCAP2L                            lab4
     000000CA  _TR2                               lab4
     000000CB  G$EXEN2$0$0                        lab4
     000000CB  G$RCAP2H$0$0                       lab4
     000000CB  _EXEN2                             lab4
     000000CB  _RCAP2H                            lab4
     000000CC  G$TCLK$0$0                         lab4
     000000CC  G$TL2$0$0                          lab4
     000000CC  _TCLK                              lab4
     000000CC  _TL2                               lab4
     000000CD  G$RCLK$0$0                         lab4
ASxxxx Linker V03.00 + NoICE + sdld,  page 10.
Hexadecimal  [32-Bits]

Area                                    Addr        Size        Decimal Bytes (Attributes)
--------------------------------        ----        ----        ------- ----- ------------
.  .ABS.                            00000000    00000000 =           0. bytes (ABS,CON)

      Value  Global                              Global Defined In Module
      -----  --------------------------------   ------------------------
     000000CD  G$TH2$0$0                          lab4
     000000CD  _RCLK                              lab4
     000000CD  _TH2                               lab4
     000000CE  G$EXF2$0$0                         lab4
     000000CE  _EXF2                              lab4
     000000CF  G$SMB0CR$0$0                       lab4
     000000CF  G$TF2$0$0                          lab4
     000000CF  _SMB0CR                            lab4
     000000CF  _TF2                               lab4
     000000D0  G$P$0$0                            lab4
     000000D0  G$PSW$0$0                          lab4
     000000D0  _P                                 lab4
     000000D0  _PSW                               lab4
     000000D1  G$F1$0$0                           lab4
     000000D1  G$REF0CN$0$0                       lab4
     000000D1  _F1                                lab4
     000000D1  _REF0CN                            lab4
     000000D2  G$DAC0L$0$0                        lab4
     000000D2  G$OV$0$0                           lab4
     000000D2  _DAC0L                             lab4
     000000D2  _OV                                lab4
     000000D3  G$DAC0H$0$0                        lab4
     000000D3  G$RS0$0$0                          lab4
     000000D3  _DAC0H                             lab4
     000000D3  _RS0                               lab4
     000000D4  G$DAC0CN$0$0                       lab4
     000000D4  G$RS1$0$0                          lab4
     000000D4  _DAC0CN                            lab4
     000000D4  _RS1                               lab4
     000000D5  G$DAC1L$0$0                        lab4
     000000D5  G$F0$0$0                           lab4
     000000D5  _DAC1L                             lab4
     000000D5  _F0                                lab4
     000000D6  G$AC$0$0                           lab4
     000000D6  G$DAC1H$0$0                        lab4
     000000D6  _AC                                lab4
     000000D6  _DAC1H                             lab4
     000000D7  G$CY$0$0                           lab4
     000000D7  G$DAC1CN$0$0                       lab4
     000000D7  _CY                                lab4
     000000D7  _DAC1CN                            lab4
     000000D8  G$CCF0$0$0                         lab4
     000000D8  G$PCA0CN$0$0                       lab4
     000000D8  _CCF0                              lab4
     000000D8  _PCA0CN                            lab4
     000000D9  G$CCF1$0$0                         lab4
     000000D9  G$PCA0MD$0$0                       lab4
     000000D9  _CCF1                              lab4
     000000D9  _PCA0MD                            lab4
     000000DA  G$CCF2$0$0                         lab4
     000000DA  G$PCA0CPM0$0$0                     lab4
ASxxxx Linker V03.00 + NoICE + sdld,  page 11.
Hexadecimal  [32-Bits]

Area                                    Addr        Size        Decimal Bytes (Attributes)
--------------------------------        ----        ----        ------- ----- ------------
.  .ABS.                            00000000    00000000 =           0. bytes (ABS,CON)

      Value  Global                              Global Defined In Module
      -----  --------------------------------   ------------------------
     000000DA  _CCF2                              lab4
     000000DA  _PCA0CPM0                          lab4
     000000DB  G$CCF3$0$0                         lab4
     000000DB  G$PCA0CPM1$0$0                     lab4
     000000DB  _CCF3                              lab4
     000000DB  _PCA0CPM1                          lab4
     000000DC  G$CCF4$0$0                         lab4
     000000DC  G$PCA0CPM2$0$0                     lab4
     000000DC  _CCF4                              lab4
     000000DC  _PCA0CPM2                          lab4
     000000DD  G$PCA0CPM3$0$0                     lab4
     000000DD  _PCA0CPM3                          lab4
     000000DE  G$CR$0$0                           lab4
     000000DE  G$PCA0CPM4$0$0                     lab4
     000000DE  _CR                                lab4
     000000DE  _PCA0CPM4                          lab4
     000000DF  G$CF$0$0                           lab4
     000000DF  _CF                                lab4
     000000E0  G$ACC$0$0                          lab4
     000000E0  _ACC                               lab4
     000000E1  G$XBR0$0$0                         lab4
     000000E1  _XBR0                              lab4
     000000E2  G$XBR1$0$0                         lab4
     000000E2  _XBR1                              lab4
     000000E3  G$XBR2$0$0                         lab4
     000000E3  _XBR2                              lab4
     000000E4  G$RCAP4L$0$0                       lab4
     000000E4  _RCAP4L                            lab4
     000000E5  G$RCAP4H$0$0                       lab4
     000000E5  _RCAP4H                            lab4
     000000E6  G$EIE1$0$0                         lab4
     000000E6  _EIE1                              lab4
     000000E7  G$EIE2$0$0                         lab4
     000000E7  _EIE2                              lab4
     000000E8  G$AD0LJST$0$0                      lab4
     000000E8  G$ADC0CN$0$0                       lab4
     000000E8  G$ADLJST$0$0                       lab4
     000000E8  _AD0LJST                           lab4
     000000E8  _ADC0CN                            lab4
     000000E8  _ADLJST                            lab4
     000000E9  G$AD0WINT$0$0                      lab4
     000000E9  G$ADWINT$0$0                       lab4
     000000E9  G$PCA0L$0$0                        lab4
     000000E9  _AD0WINT                           lab4
     000000E9  _ADWINT                            lab4
     000000E9  _PCA0L                             lab4
     000000EA  G$AD0CM0$0$0                       lab4
     000000EA  G$ADSTM0$0$0                       lab4
     000000EA  G$PCA0CPL0$0$0                     lab4
     000000EA  _AD0CM0                            lab4
     000000EA  _ADSTM0                            lab4
ASxxxx Linker V03.00 + NoICE + sdld,  page 12.
Hexadecimal  [32-Bits]

Area                                    Addr        Size        Decimal Bytes (Attributes)
--------------------------------        ----        ----        ------- ----- ------------
.  .ABS.                            00000000    00000000 =           0. bytes (ABS,CON)

      Value  Global                              Global Defined In Module
      -----  --------------------------------   ------------------------
     000000EA  _PCA0CPL0                          lab4
     000000EB  G$AD0CM1$0$0                       lab4
     000000EB  G$ADSTM1$0$0                       lab4
     000000EB  G$PCA0CPL1$0$0                     lab4
     000000EB  _AD0CM1                            lab4
     000000EB  _ADSTM1                            lab4
     000000EB  _PCA0CPL1                          lab4
     000000EC  G$AD0BUSY$0$0                      lab4
     000000EC  G$ADBUSY$0$0                       lab4
     000000EC  G$PCA0CPL2$0$0                     lab4
     000000EC  _AD0BUSY                           lab4
     000000EC  _ADBUSY                            lab4
     000000EC  _PCA0CPL2                          lab4
     000000ED  G$AD0INT$0$0                       lab4
     000000ED  G$ADCINT$0$0                       lab4
     000000ED  G$PCA0CPL3$0$0                     lab4
     000000ED  _AD0INT                            lab4
     000000ED  _ADCINT                            lab4
     000000ED  _PCA0CPL3                          lab4
     000000EE  G$AD0TM$0$0                        lab4
     000000EE  G$ADCTM$0$0                        lab4
     000000EE  G$PCA0CPL4$0$0                     lab4
     000000EE  _AD0TM                             lab4
     000000EE  _ADCTM                             lab4
     000000EE  _PCA0CPL4                          lab4
     000000EF  G$AD0EN$0$0                        lab4
     000000EF  G$ADCEN$0$0                        lab4
     000000EF  G$RSTSRC$0$0                       lab4
     000000EF  _AD0EN                             lab4
     000000EF  _ADCEN                             lab4
     000000EF  _RSTSRC                            lab4
     000000F0  G$B$0$0                            lab4
     000000F0  _B                                 lab4
     000000F1  G$SCON1$0$0                        lab4
     000000F1  _SCON1                             lab4
     000000F2  G$SBUF1$0$0                        lab4
     000000F2  _SBUF1                             lab4
     000000F3  G$SADDR1$0$0                       lab4
     000000F3  _SADDR1                            lab4
     000000F4  G$TL4$0$0                          lab4
     000000F4  _TL4                               lab4
     000000F5  G$TH4$0$0                          lab4
     000000F5  _B_5                               _gptrget
     000000F5  _TH4                               lab4
     000000F6  G$EIP1$0$0                         lab4
     000000F6  _B_6                               _gptrget
     000000F6  _EIP1                              lab4
     000000F7  G$EIP2$0$0                         lab4
     000000F7  _B_7                               _gptrget
     000000F7  _EIP2                              lab4
     000000F8  G$SPI0CN$0$0                       lab4
ASxxxx Linker V03.00 + NoICE + sdld,  page 13.
Hexadecimal  [32-Bits]

Area                                    Addr        Size        Decimal Bytes (Attributes)
--------------------------------        ----        ----        ------- ----- ------------
.  .ABS.                            00000000    00000000 =           0. bytes (ABS,CON)

      Value  Global                              Global Defined In Module
      -----  --------------------------------   ------------------------
     000000F8  G$SPIEN$0$0                        lab4
     000000F8  _SPI0CN                            lab4
     000000F8  _SPIEN                             lab4
     000000F9  G$MSTEN$0$0                        lab4
     000000F9  G$PCA0H$0$0                        lab4
     000000F9  _MSTEN                             lab4
     000000F9  _PCA0H                             lab4
     000000FA  G$PCA0CPH0$0$0                     lab4
     000000FA  G$SLVSEL$0$0                       lab4
     000000FA  _PCA0CPH0                          lab4
     000000FA  _SLVSEL                            lab4
     000000FB  G$PCA0CPH1$0$0                     lab4
     000000FB  G$TXBSY$0$0                        lab4
     000000FB  _PCA0CPH1                          lab4
     000000FB  _TXBSY                             lab4
     000000FC  G$PCA0CPH2$0$0                     lab4
     000000FC  G$RXOVRN$0$0                       lab4
     000000FC  _PCA0CPH2                          lab4
     000000FC  _RXOVRN                            lab4
     000000FD  G$MODF$0$0                         lab4
     000000FD  G$PCA0CPH3$0$0                     lab4
     000000FD  _MODF                              lab4
     000000FD  _PCA0CPH3                          lab4
     000000FE  G$PCA0CPH4$0$0                     lab4
     000000FE  G$WCOL$0$0                         lab4
     000000FE  _PCA0CPH4                          lab4
     000000FE  _WCOL                              lab4
     000000FF  G$SPIF$0$0                         lab4
     000000FF  G$WDTCN$0$0                        lab4
     000000FF  _SPIF                              lab4
     000000FF  _WDTCN                             lab4
     00008C8A  G$TMR0$0$0                         lab4
     00008C8A  _TMR0                              lab4
     00008D8B  G$TMR1$0$0                         lab4
     00008D8B  _TMR1                              lab4
     00009392  G$TMR3RL$0$0                       lab4
     00009392  _TMR3RL                            lab4
     00009594  G$TMR3$0$0                         lab4
     00009594  _TMR3                              lab4
     0000BFBE  G$ADC0$0$0                         lab4
     0000BFBE  _ADC0                              lab4
     0000C5C4  G$ADC0GT$0$0                       lab4
     0000C5C4  _ADC0GT                            lab4
     0000C7C6  G$ADC0LT$0$0                       lab4
     0000C7C6  _ADC0LT                            lab4
     0000CBCA  G$RCAP2$0$0                        lab4
     0000CBCA  _RCAP2                             lab4
     0000CDCC  G$TMR2$0$0                         lab4
     0000CDCC  _TMR2                              lab4
     0000D3D2  G$DAC0$0$0                         lab4
     0000D3D2  _DAC0                              lab4
ASxxxx Linker V03.00 + NoICE + sdld,  page 14.
Hexadecimal  [32-Bits]

Area                                    Addr        Size        Decimal Bytes (Attributes)
--------------------------------        ----        ----        ------- ----- ------------
.  .ABS.                            00000000    00000000 =           0. bytes (ABS,CON)

      Value  Global                              Global Defined In Module
      -----  --------------------------------   ------------------------
     0000D6D5  G$DAC1$0$0                         lab4
     0000D6D5  _DAC1                              lab4
     0000E5E4  G$RCAP4$0$0                        lab4
     0000E5E4  _RCAP4                             lab4
     0000F5F4  G$TMR4$0$0                         lab4
     0000F5F4  _TMR4                              lab4
     0000F9E9  G$PCA0$0$0                         lab4
     0000F9E9  _PCA0                              lab4
     0000FAEA  G$PCA0CP0$0$0                      lab4
     0000FAEA  _PCA0CP0                           lab4
     0000FBEB  G$PCA0CP1$0$0                      lab4
     0000FBEB  _PCA0CP1                           lab4
     0000FCEC  G$PCA0CP2$0$0                      lab4
     0000FCEC  _PCA0CP2                           lab4
     0000FDED  G$PCA0CP3$0$0                      lab4
     0000FDED  _PCA0CP3                           lab4
     0000FEEE  G$PCA0CP4$0$0                      lab4
     0000FEEE  _PCA0CP4                           lab4

ASxxxx Linker V03.00 + NoICE + sdld,  page 15.
Hexadecimal  [32-Bits]

Area                                    Addr        Size        Decimal Bytes (Attributes)
--------------------------------        ----        ----        ------- ----- ------------
BSEG_BYTES                          00000020    00000002 =           2. bytes (REL,CON)

      Value  Global                              Global Defined In Module
      -----  --------------------------------   ------------------------
ASxxxx Linker V03.00 + NoICE + sdld,  page 16.
Hexadecimal  [32-Bits]

Area                                    Addr        Size        Decimal Bytes (Attributes)
--------------------------------        ----        ----        ------- ----- ------------
REG_BANK_0                          00000000    00000008 =           8. bytes (REL,OVR)

      Value  Global                              Global Defined In Module
      -----  --------------------------------   ------------------------
ASxxxx Linker V03.00 + NoICE + sdld,  page 17.
Hexadecimal  [32-Bits]

Area                                    Addr        Size        Decimal Bytes (Attributes)
--------------------------------        ----        ----        ------- ----- ------------
DSEG                                00000000    0000007D =         125. bytes (REL,CON)

      Value  Global                              Global Defined In Module
      -----  --------------------------------   ------------------------
     00000008  _vsprintf_PARM_2                   sprintf
     0000000B  _vsprintf_PARM_3                   sprintf
     0000000F  _bp                                _bp
     00000010  _vprintf_PARM_2                    vprintf
     00000022  G$Data2$0$0                        lab4
     00000022  _Data2                             lab4
     00000025  Llab4.lcd_clear$NumBytes$1$85      lab4
     00000026  Llab4.lcd_clear$Cmd$1$85           lab4
     00000028  Llab4.read_keypad$Data$1$86        lab4
     0000002A  Llab4.i2c_write_data$start_reg$1   lab4
     0000002A  _i2c_write_data_PARM_2             lab4
     0000002B  Llab4.i2c_write_data$buffer$1$10   lab4
     0000002B  _i2c_write_data_PARM_3             lab4
     0000002E  Llab4.i2c_write_data$num_bytes$1   lab4
     0000002E  _i2c_write_data_PARM_4             lab4
     0000002F  Llab4.i2c_read_data$start_reg$1$   lab4
     0000002F  _i2c_read_data_PARM_2              lab4
     00000030  Llab4.i2c_read_data$buffer$1$107   lab4
     00000030  _i2c_read_data_PARM_3              lab4
     00000033  Llab4.i2c_read_data$num_bytes$1$   lab4
     00000033  _i2c_read_data_PARM_4              lab4
     00000034  G$PW_DM$0$0                        lab4
     00000034  _PW_DM                             lab4
     00000036  G$PW_SS$0$0                        lab4
     00000036  _PW_SS                             lab4
     00000038  G$new_range$0$0                    lab4
     00000038  _new_range                         lab4
     00000039  G$range$0$0                        lab4
     00000039  _range                             lab4
     0000003A  G$new_heading$0$0                  lab4
     0000003A  _new_heading                       lab4
     0000003B  G$r_count$0$0                      lab4
     0000003B  _r_count                           lab4
     0000003C  G$h_count$0$0                      lab4
     0000003C  _h_count                           lab4
     0000003D  G$num$0$0                          lab4
     0000003D  _num                               lab4
     0000003E  G$error$0$0                        lab4
     0000003E  _error                             lab4
     00000040  G$actual_heading$0$0               lab4
     00000040  _actual_heading                    lab4
     00000042  G$counts$0$0                       lab4
     00000042  _counts                            lab4
     00000044  G$desired_headings$0$0             lab4
     00000044  _desired_headings                  lab4
     0000004A  G$desired_heading$0$0              lab4
     0000004A  _desired_heading                   lab4
     0000004C  G$Data$0$0                         lab4
     0000004C  _Data                              lab4
     0000004F  G$keypad$0$0                       lab4
ASxxxx Linker V03.00 + NoICE + sdld,  page 18.
Hexadecimal  [32-Bits]

Area                                    Addr        Size        Decimal Bytes (Attributes)
--------------------------------        ----        ----        ------- ----- ------------
DSEG                                00000000    0000007D =         125. bytes (REL,CON)

      Value  Global                              Global Defined In Module
      -----  --------------------------------   ------------------------
     0000004F  _keypad                            lab4
     00000050  Llab4.ReadRanger$Data$1$159        lab4
     00000052  Llab4.ReadCompass$Data$1$161       lab4
     00000054  Llab4.Update_Value$incr$1$179      lab4
     00000054  _Update_Value_PARM_2               lab4
     00000055  Llab4.Update_Value$maxval$1$179    lab4
     00000055  _Update_Value_PARM_3               lab4
     00000057  Llab4.Update_Value$minval$1$179    lab4
     00000057  _Update_Value_PARM_4               lab4
     00000065  __print_format_PARM_2              printf_large
     00000068  __print_format_PARM_3              printf_large
     0000006B  __print_format_PARM_4              printf_large

ASxxxx Linker V03.00 + NoICE + sdld,  page 19.
Hexadecimal  [32-Bits]

Area                                    Addr        Size        Decimal Bytes (Attributes)
--------------------------------        ----        ----        ------- ----- ------------
OSEG                                00000011    00000006 =           6. bytes (REL,OVR)

      Value  Global                              Global Defined In Module
      -----  --------------------------------   ------------------------
     00000011  Llab4.aligned_alloc$size$1$26      lab4
     00000011  __gptrput_PARM_2                   _gptrput
     00000011  __mulint_PARM_2                    _mulint
     00000011  _aligned_alloc_PARM_2              lab4

ASxxxx Linker V03.00 + NoICE + sdld,  page 20.
Hexadecimal  [32-Bits]

Area                                    Addr        Size        Decimal Bytes (Attributes)
--------------------------------        ----        ----        ------- ----- ------------
ISEG                                00000017    00000006 =           6. bytes (REL,CON)

      Value  Global                              Global Defined In Module
      -----  --------------------------------   ------------------------
ASxxxx Linker V03.00 + NoICE + sdld,  page 21.
Hexadecimal  [32-Bits]

Area                                    Addr        Size        Decimal Bytes (Attributes)
--------------------------------        ----        ----        ------- ----- ------------
SSEG                                00000073    0000008D =         141. bytes (REL,OVR)

      Value  Global                              Global Defined In Module
      -----  --------------------------------   ------------------------
     00000073  __start__stack                     lab4

ASxxxx Linker V03.00 + NoICE + sdld,  page 22.
Hexadecimal  [32-Bits]

Area                                    Addr        Size        Decimal Bytes (Attributes)
--------------------------------        ----        ----        ------- ----- ------------
XSEG                                00000001    00000050 =          80. bytes (REL,CON,XDATA)

      Value  Global                              Global Defined In Module
      -----  --------------------------------   ------------------------
D:   00000001  Llab4.lcd_print$text$1$81          lab4

ASxxxx Linker V03.00 + NoICE + sdld,  page 23.
Hexadecimal  [32-Bits]

Area                                    Addr        Size        Decimal Bytes (Attributes)
--------------------------------        ----        ----        ------- ----- ------------
HOME                                00000000    00000051 =          81. bytes (REL,CON,CODE)

      Value  Global                              Global Defined In Module
      -----  --------------------------------   ------------------------
C:   00000000  A$lab4$1113                        lab4
C:   00000003  A$lab4$1114                        lab4
C:   0000000B  A$lab4$1116                        lab4
C:   00000013  A$lab4$1118                        lab4
C:   0000001B  A$lab4$1120                        lab4
C:   00000023  A$lab4$1122                        lab4
C:   0000002B  A$lab4$1124                        lab4
C:   00000033  A$lab4$1126                        lab4
C:   0000003B  A$lab4$1128                        lab4
C:   00000043  A$lab4$1130                        lab4
C:   0000004B  A$lab4$1132                        lab4
C:   0000004E  A$lab4$1169                        lab4
C:   0000004E  __sdcc_program_startup             lab4

ASxxxx Linker V03.00 + NoICE + sdld,  page 24.
Hexadecimal  [32-Bits]

Area                                    Addr        Size        Decimal Bytes (Attributes)
--------------------------------        ----        ----        ------- ----- ------------
GSINIT0                             00000051    00000003 =           3. bytes (REL,CON,CODE)

      Value  Global                              Global Defined In Module
      -----  --------------------------------   ------------------------
C:   00000051  __sdcc_gsinit_startup              

ASxxxx Linker V03.00 + NoICE + sdld,  page 25.
Hexadecimal  [32-Bits]

Area                                    Addr        Size        Decimal Bytes (Attributes)
--------------------------------        ----        ----        ------- ----- ------------
GSINIT2                             00000054    0000000A =          10. bytes (REL,CON,CODE)

      Value  Global                              Global Defined In Module
      -----  --------------------------------   ------------------------
ASxxxx Linker V03.00 + NoICE + sdld,  page 26.
Hexadecimal  [32-Bits]

Area                                    Addr        Size        Decimal Bytes (Attributes)
--------------------------------        ----        ----        ------- ----- ------------
GSINIT3                             0000005E    00000022 =          34. bytes (REL,CON,CODE)

      Value  Global                              Global Defined In Module
      -----  --------------------------------   ------------------------
C:   0000005E  __mcs51_genXINIT                   

ASxxxx Linker V03.00 + NoICE + sdld,  page 27.
Hexadecimal  [32-Bits]

Area                                    Addr        Size        Decimal Bytes (Attributes)
--------------------------------        ----        ----        ------- ----- ------------
GSINIT4                             00000080    0000002A =          42. bytes (REL,CON,CODE)

      Value  Global                              Global Defined In Module
      -----  --------------------------------   ------------------------
C:   00000080  __mcs51_genRAMCLEAR                
C:   00000086  __mcs51_genXRAMCLEAR               

ASxxxx Linker V03.00 + NoICE + sdld,  page 28.
Hexadecimal  [32-Bits]

Area                                    Addr        Size        Decimal Bytes (Attributes)
--------------------------------        ----        ----        ------- ----- ------------
GSINIT                              000000AA    00000015 =          21. bytes (REL,CON,CODE)

      Value  Global                              Global Defined In Module
      -----  --------------------------------   ------------------------
C:   000000AA  A$lab4$1148                        lab4
C:   000000AA  C$lab4.c$34$1$180                  lab4
C:   000000AB  A$lab4$1149                        lab4
C:   000000AD  A$lab4$1150                        lab4
C:   000000AF  A$lab4$1151                        lab4
C:   000000B2  A$lab4$1153                        lab4
C:   000000B4  A$lab4$1154                        lab4
C:   000000B7  A$lab4$1156                        lab4
C:   000000B9  A$lab4$1159                        lab4
C:   000000B9  C$lab4.c$35$1$180                  lab4
C:   000000BC  A$lab4$1160                        lab4

ASxxxx Linker V03.00 + NoICE + sdld,  page 29.
Hexadecimal  [32-Bits]

Area                                    Addr        Size        Decimal Bytes (Attributes)
--------------------------------        ----        ----        ------- ----- ------------
GSFINAL                             000000BF    00000003 =           3. bytes (REL,CON,CODE)

      Value  Global                              Global Defined In Module
      -----  --------------------------------   ------------------------
C:   000000BF  A$lab4$1162                        lab4

ASxxxx Linker V03.00 + NoICE + sdld,  page 30.
Hexadecimal  [32-Bits]

Area                                    Addr        Size        Decimal Bytes (Attributes)
--------------------------------        ----        ----        ------- ----- ------------
CSEG                                000000C2    00001252 =        4690. bytes (REL,CON,CODE)

      Value  Global                              Global Defined In Module
      -----  --------------------------------   ------------------------
C:   000000C2  A$lab4$1197                        lab4
C:   000000C2  C$c8051_SDCC.h$42$0$0              lab4
C:   000000C2  C$c8051_SDCC.h$46$1$35             lab4
C:   000000C2  G$SYSCLK_Init$0$0                  lab4
C:   000000C2  _SYSCLK_Init                       lab4
C:   000000C5  A$lab4$1200                        lab4
C:   000000C5  C$c8051_SDCC.h$49$1$35             lab4
C:   000000C7  A$lab4$1201                        lab4
C:   000000C9  A$lab4$1203                        lab4
C:   000000CA  A$lab4$1204                        lab4
C:   000000CC  A$lab4$1205                        lab4
C:   000000CD  A$lab4$1206                        lab4
C:   000000CE  A$lab4$1207                        lab4
C:   000000D0  A$lab4$1208                        lab4
C:   000000D1  A$lab4$1209                        lab4
C:   000000D3  A$lab4$1210                        lab4
C:   000000D5  A$lab4$1211                        lab4
C:   000000D6  A$lab4$1212                        lab4
C:   000000D7  A$lab4$1213                        lab4
C:   000000D9  A$lab4$1217                        lab4
C:   000000D9  C$c8051_SDCC.h$51$1$35             lab4
C:   000000DB  A$lab4$1218                        lab4
C:   000000DE  A$lab4$1221                        lab4
C:   000000DE  C$c8051_SDCC.h$53$1$35             lab4
C:   000000E1  A$lab4$1224                        lab4
C:   000000E1  C$c8051_SDCC.h$56$1$35             lab4
C:   000000E1  XG$SYSCLK_Init$0$0                 lab4
C:   000000E2  A$lab4$1237                        lab4
C:   000000E2  C$c8051_SDCC.h$64$1$35             lab4
C:   000000E2  C$c8051_SDCC.h$66$1$37             lab4
C:   000000E2  G$UART0_Init$0$0                   lab4
C:   000000E2  _UART0_Init                        lab4
C:   000000E5  A$lab4$1240                        lab4
C:   000000E5  C$c8051_SDCC.h$67$1$37             lab4
C:   000000E8  A$lab4$1243                        lab4
C:   000000E8  C$c8051_SDCC.h$68$1$37             lab4
C:   000000EB  A$lab4$1246                        lab4
C:   000000EB  C$c8051_SDCC.h$69$1$37             lab4
C:   000000ED  A$lab4$1249                        lab4
C:   000000ED  C$c8051_SDCC.h$70$1$37             lab4
C:   000000F0  A$lab4$1252                        lab4
C:   000000F0  C$c8051_SDCC.h$71$1$37             lab4
C:   000000F3  A$lab4$1255                        lab4
C:   000000F3  C$c8051_SDCC.h$73$1$37             lab4
C:   000000F5  A$lab4$1258                        lab4
C:   000000F5  C$c8051_SDCC.h$74$1$37             lab4
C:   000000F8  A$lab4$1261                        lab4
C:   000000F8  C$c8051_SDCC.h$75$1$37             lab4
C:   000000F8  XG$UART0_Init$0$0                  lab4
C:   000000F9  A$lab4$1274                        lab4
ASxxxx Linker V03.00 + NoICE + sdld,  page 31.
Hexadecimal  [32-Bits]

Area                                    Addr        Size        Decimal Bytes (Attributes)
--------------------------------        ----        ----        ------- ----- ------------
CSEG                                000000C2    00001252 =        4690. bytes (REL,CON,CODE)

      Value  Global                              Global Defined In Module
      -----  --------------------------------   ------------------------
C:   000000F9  C$c8051_SDCC.h$83$1$37             lab4
C:   000000F9  C$c8051_SDCC.h$85$1$39             lab4
C:   000000F9  G$Sys_Init$0$0                     lab4
C:   000000F9  _Sys_Init                          lab4
C:   000000FC  A$lab4$1277                        lab4
C:   000000FC  C$c8051_SDCC.h$86$1$39             lab4
C:   000000FF  A$lab4$1280                        lab4
C:   000000FF  C$c8051_SDCC.h$88$1$39             lab4
C:   00000102  A$lab4$1283                        lab4
C:   00000102  C$c8051_SDCC.h$89$1$39             lab4
C:   00000105  A$lab4$1286                        lab4
C:   00000105  C$c8051_SDCC.h$91$1$39             lab4
C:   00000108  A$lab4$1289                        lab4
C:   00000108  C$c8051_SDCC.h$92$1$39             lab4
C:   0000010B  A$lab4$1292                        lab4
C:   0000010B  C$c8051_SDCC.h$93$1$39             lab4
C:   0000010B  XG$Sys_Init$0$0                    lab4
C:   0000010C  A$lab4$1305                        lab4
C:   0000010C  C$c8051_SDCC.h$98$1$39             lab4
C:   0000010C  G$putchar$0$0                      lab4
C:   0000010C  _putchar                           lab4
C:   0000010E  A$lab4$1311                        lab4
C:   0000010E  C$c8051_SDCC.h$100$1$41            lab4
C:   0000010E  C$c8051_SDCC.h$101$1$41            lab4
C:   00000111  A$lab4$1312                        lab4
C:   00000113  A$lab4$1316                        lab4
C:   00000113  C$c8051_SDCC.h$102$1$41            lab4
C:   00000115  A$lab4$1319                        lab4
C:   00000115  C$c8051_SDCC.h$103$1$41            lab4
C:   00000115  XG$putchar$0$0                     lab4
C:   00000116  A$lab4$1337                        lab4
C:   00000116  C$c8051_SDCC.h$108$1$41            lab4
C:   00000116  C$c8051_SDCC.h$111$1$43            lab4
C:   00000116  C$c8051_SDCC.h$112$1$43            lab4
C:   00000116  G$getchar$0$0                      lab4
C:   00000116  _getchar                           lab4
C:   00000119  A$lab4$1338                        lab4
C:   0000011B  A$lab4$1342                        lab4
C:   0000011B  C$c8051_SDCC.h$113$1$43            lab4
C:   0000011E  A$lab4$1345                        lab4
C:   0000011E  C$c8051_SDCC.h$114$1$43            lab4
C:   00000121  A$lab4$1348                        lab4
C:   00000121  C$c8051_SDCC.h$115$1$43            lab4
C:   00000124  A$lab4$1351                        lab4
C:   00000124  C$c8051_SDCC.h$116$1$43            lab4
C:   00000124  XG$getchar$0$0                     lab4
C:   00000125  A$lab4$1366                        lab4
C:   00000125  C$c8051_SDCC.h$121$1$43            lab4
C:   00000125  C$c8051_SDCC.h$124$1$45            lab4
C:   00000125  G$getchar_nw$0$0                   lab4
C:   00000125  _getchar_nw                        lab4
ASxxxx Linker V03.00 + NoICE + sdld,  page 32.
Hexadecimal  [32-Bits]

Area                                    Addr        Size        Decimal Bytes (Attributes)
--------------------------------        ----        ----        ------- ----- ------------
CSEG                                000000C2    00001252 =        4690. bytes (REL,CON,CODE)

      Value  Global                              Global Defined In Module
      -----  --------------------------------   ------------------------
C:   00000128  A$lab4$1367                        lab4
C:   0000012B  A$lab4$1368                        lab4
C:   0000012D  A$lab4$1372                        lab4
C:   0000012D  C$c8051_SDCC.h$127$2$46            lab4
C:   0000012F  A$lab4$1375                        lab4
C:   0000012F  C$c8051_SDCC.h$128$2$46            lab4
C:   00000132  A$lab4$1378                        lab4
C:   00000132  C$c8051_SDCC.h$129$2$46            lab4
C:   00000135  A$lab4$1381                        lab4
C:   00000135  C$c8051_SDCC.h$130$2$46            lab4
C:   00000138  A$lab4$1385                        lab4
C:   00000138  C$c8051_SDCC.h$132$1$45            lab4
C:   00000138  XG$getchar_nw$0$0                  lab4
C:   00000139  A$lab4$1402                        lab4
C:   00000139  C$i2c.h$84$1$45                    lab4
C:   00000139  G$lcd_print$0$0                    lab4
C:   00000139  _lcd_print                         lab4
C:   0000013B  A$lab4$1403                        lab4
C:   0000013E  A$lab4$1406                        lab4
C:   0000013E  C$i2c.h$90$1$81                    lab4
C:   00000140  A$lab4$1407                        lab4
C:   00000142  A$lab4$1408                        lab4
C:   00000143  A$lab4$1409                        lab4
C:   00000145  A$lab4$1410                        lab4
C:   00000146  A$lab4$1411                        lab4
C:   00000148  A$lab4$1412                        lab4
C:   00000149  A$lab4$1413                        lab4
C:   0000014B  A$lab4$1414                        lab4
C:   0000014E  A$lab4$1415                        lab4
C:   00000150  A$lab4$1416                        lab4
C:   00000153  A$lab4$1417                        lab4
C:   00000155  A$lab4$1418                        lab4
C:   00000157  A$lab4$1419                        lab4
C:   00000159  A$lab4$1423                        lab4
C:   00000159  C$i2c.h$92$2$82                    lab4
C:   0000015B  A$lab4$1424                        lab4
C:   0000015D  A$lab4$1425                        lab4
C:   0000015E  A$lab4$1426                        lab4
C:   00000160  A$lab4$1429                        lab4
C:   00000160  C$i2c.h$93$1$81                    lab4
C:   00000162  A$lab4$1430                        lab4
C:   00000164  A$lab4$1431                        lab4
C:   00000165  A$lab4$1432                        lab4
C:   00000167  A$lab4$1433                        lab4
C:   00000168  A$lab4$1434                        lab4
C:   0000016A  A$lab4$1435                        lab4
C:   0000016B  A$lab4$1436                        lab4
C:   0000016D  A$lab4$1437                        lab4
C:   00000170  A$lab4$1438                        lab4
C:   00000173  A$lab4$1439                        lab4
C:   00000176  A$lab4$1442                        lab4
ASxxxx Linker V03.00 + NoICE + sdld,  page 33.
Hexadecimal  [32-Bits]

Area                                    Addr        Size        Decimal Bytes (Attributes)
--------------------------------        ----        ----        ------- ----- ------------
CSEG                                000000C2    00001252 =        4690. bytes (REL,CON,CODE)

      Value  Global                              Global Defined In Module
      -----  --------------------------------   ------------------------
C:   00000176  C$i2c.h$96$1$81                    lab4
C:   00000179  A$lab4$1443                        lab4
C:   0000017C  A$lab4$1444                        lab4
C:   0000017F  A$lab4$1445                        lab4
C:   00000181  A$lab4$1448                        lab4
C:   00000183  A$lab4$1450                        lab4
C:   00000184  A$lab4$1451                        lab4
C:   00000185  A$lab4$1452                        lab4
C:   00000186  A$lab4$1453                        lab4
C:   00000188  A$lab4$1456                        lab4
C:   00000188  C$i2c.h$99$2$84                    lab4
C:   00000189  A$lab4$1457                        lab4
C:   0000018B  A$lab4$1458                        lab4
C:   0000018D  A$lab4$1459                        lab4
C:   0000018E  A$lab4$1460                        lab4
C:   00000190  A$lab4$1461                        lab4
C:   00000192  A$lab4$1462                        lab4
C:   00000193  A$lab4$1463                        lab4
C:   00000194  A$lab4$1464                        lab4
C:   00000197  A$lab4$1465                        lab4
C:   00000198  A$lab4$1466                        lab4
C:   0000019A  A$lab4$1467                        lab4
C:   0000019C  A$lab4$1468                        lab4
C:   0000019D  A$lab4$1469                        lab4
C:   0000019F  A$lab4$1470                        lab4
C:   000001A1  A$lab4$1471                        lab4
C:   000001A3  A$lab4$1472                        lab4
C:   000001A4  A$lab4$1476                        lab4
C:   000001A4  C$i2c.h$97$1$81                    lab4
C:   000001A5  A$lab4$1477                        lab4
C:   000001A7  A$lab4$1481                        lab4
C:   000001A7  C$i2c.h$102$1$81                   lab4
C:   000001AA  A$lab4$1482                        lab4
C:   000001AD  A$lab4$1483                        lab4
C:   000001B0  A$lab4$1484                        lab4
C:   000001B3  A$lab4$1485                        lab4
C:   000001B5  A$lab4$1486                        lab4
C:   000001B8  A$lab4$1487                        lab4
C:   000001BB  A$lab4$1489                        lab4
C:   000001BD  A$lab4$1492                        lab4
C:   000001BD  C$i2c.h$103$1$81                   lab4
C:   000001BD  XG$lcd_print$0$0                   lab4
C:   000001BE  A$lab4$1508                        lab4
C:   000001BE  C$i2c.h$106$1$81                   lab4
C:   000001BE  C$i2c.h$108$1$81                   lab4
C:   000001BE  G$lcd_clear$0$0                    lab4
C:   000001BE  _lcd_clear                         lab4
C:   000001C1  A$lab4$1512                        lab4
C:   000001C1  C$i2c.h$110$1$85                   lab4
C:   000001C3  A$lab4$1513                        lab4
C:   000001C5  A$lab4$1514                        lab4
ASxxxx Linker V03.00 + NoICE + sdld,  page 34.
Hexadecimal  [32-Bits]

Area                                    Addr        Size        Decimal Bytes (Attributes)
--------------------------------        ----        ----        ------- ----- ------------
CSEG                                000000C2    00001252 =        4690. bytes (REL,CON,CODE)

      Value  Global                              Global Defined In Module
      -----  --------------------------------   ------------------------
C:   000001C7  A$lab4$1515                        lab4
C:   000001CA  A$lab4$1516                        lab4
C:   000001CD  A$lab4$1517                        lab4
C:   000001D0  A$lab4$1518                        lab4
C:   000001D3  A$lab4$1519                        lab4
C:   000001D6  A$lab4$1520                        lab4
C:   000001D9  A$lab4$1521                        lab4
C:   000001DC  A$lab4$1522                        lab4
C:   000001DE  A$lab4$1526                        lab4
C:   000001DE  C$i2c.h$112$1$85                   lab4
C:   000001E1  A$lab4$1529                        lab4
C:   000001E1  C$i2c.h$113$1$85                   lab4
C:   000001E4  A$lab4$1530                        lab4
C:   000001E7  A$lab4$1531                        lab4
C:   000001EA  A$lab4$1532                        lab4
C:   000001ED  A$lab4$1533                        lab4
C:   000001F0  A$lab4$1534                        lab4
C:   000001F3  A$lab4$1535                        lab4
C:   000001F6  A$lab4$1538                        lab4
C:   000001F6  C$i2c.h$114$1$85                   lab4
C:   000001F6  XG$lcd_clear$0$0                   lab4
C:   000001F7  A$lab4$1554                        lab4
C:   000001F7  C$i2c.h$117$1$85                   lab4
C:   000001F7  C$i2c.h$121$1$86                   lab4
C:   000001F7  G$read_keypad$0$0                  lab4
C:   000001F7  _read_keypad                       lab4
C:   000001FA  A$lab4$1555                        lab4
C:   000001FD  A$lab4$1556                        lab4
C:   00000200  A$lab4$1557                        lab4
C:   00000203  A$lab4$1558                        lab4
C:   00000206  A$lab4$1559                        lab4
C:   00000209  A$lab4$1560                        lab4
C:   0000020C  A$lab4$1563                        lab4
C:   0000020C  C$i2c.h$122$1$86                   lab4
C:   0000020E  A$lab4$1564                        lab4
C:   00000211  A$lab4$1565                        lab4
C:   00000214  A$lab4$1566                        lab4
C:   00000216  A$lab4$1570                        lab4
C:   00000218  A$lab4$1571                        lab4
C:   0000021A  A$lab4$1575                        lab4
C:   0000021A  C$i2c.h$126$2$87                   lab4
C:   0000021C  A$lab4$1576                        lab4
C:   0000021E  A$lab4$1577                        lab4
C:   00000220  A$lab4$1578                        lab4
C:   00000222  A$lab4$1579                        lab4
C:   00000224  A$lab4$1581                        lab4
C:   00000225  A$lab4$1582                        lab4
C:   00000226  A$lab4$1583                        lab4
C:   00000227  A$lab4$1584                        lab4
C:   00000228  A$lab4$1585                        lab4
C:   00000229  A$lab4$1586                        lab4
ASxxxx Linker V03.00 + NoICE + sdld,  page 35.
Hexadecimal  [32-Bits]

Area                                    Addr        Size        Decimal Bytes (Attributes)
--------------------------------        ----        ----        ------- ----- ------------
CSEG                                000000C2    00001252 =        4690. bytes (REL,CON,CODE)

      Value  Global                              Global Defined In Module
      -----  --------------------------------   ------------------------
C:   0000022A  A$lab4$1588                        lab4
C:   0000022D  A$lab4$1589                        lab4
C:   0000022F  A$lab4$1590                        lab4
C:   00000231  A$lab4$1591                        lab4
C:   00000232  A$lab4$1592                        lab4
C:   00000234  A$lab4$1593                        lab4
C:   00000235  A$lab4$1594                        lab4
C:   00000237  A$lab4$1595                        lab4
C:   00000238  A$lab4$1596                        lab4
C:   00000239  A$lab4$1597                        lab4
C:   0000023B  A$lab4$1600                        lab4
C:   0000023B  C$i2c.h$127$2$87                   lab4
C:   0000023D  A$lab4$1601                        lab4
C:   0000023E  A$lab4$1602                        lab4
C:   00000240  A$lab4$1603                        lab4
C:   00000242  A$lab4$1607                        lab4
C:   00000242  C$i2c.h$124$1$86                   lab4
C:   00000243  A$lab4$1608                        lab4
C:   00000245  A$lab4$1609                        lab4
C:   00000248  A$lab4$1611                        lab4
C:   0000024A  A$lab4$1614                        lab4
C:   0000024A  C$i2c.h$130$1$86                   lab4
C:   0000024C  A$lab4$1615                        lab4
C:   0000024F  A$lab4$1616                        lab4
C:   00000252  A$lab4$1617                        lab4
C:   00000254  A$lab4$1621                        lab4
C:   00000254  C$i2c.h$132$1$86                   lab4
C:   00000256  A$lab4$1622                        lab4
C:   00000259  A$lab4$1623                        lab4
C:   0000025C  A$lab4$1624                        lab4
C:   0000025E  A$lab4$1628                        lab4
C:   0000025E  C$i2c.h$134$1$86                   lab4
C:   00000260  A$lab4$1629                        lab4
C:   00000263  A$lab4$1630                        lab4
C:   00000266  A$lab4$1631                        lab4
C:   00000268  A$lab4$1635                        lab4
C:   00000268  C$i2c.h$136$1$86                   lab4
C:   0000026A  A$lab4$1636                        lab4
C:   0000026D  A$lab4$1637                        lab4
C:   00000270  A$lab4$1638                        lab4
C:   00000272  A$lab4$1642                        lab4
C:   00000272  C$i2c.h$138$1$86                   lab4
C:   00000275  A$lab4$1646                        lab4
C:   00000275  C$i2c.h$139$1$86                   lab4
C:   00000275  XG$read_keypad$0$0                 lab4
C:   00000276  A$lab4$1662                        lab4
C:   00000276  C$i2c.h$151$1$86                   lab4
C:   00000276  G$kpd_input$0$0                    lab4
C:   00000276  _kpd_input                         lab4
C:   00000278  A$lab4$1667                        lab4
C:   00000278  C$i2c.h$156$1$89                   lab4
ASxxxx Linker V03.00 + NoICE + sdld,  page 36.
Hexadecimal  [32-Bits]

Area                                    Addr        Size        Decimal Bytes (Attributes)
--------------------------------        ----        ----        ------- ----- ------------
CSEG                                000000C2    00001252 =        4690. bytes (REL,CON,CODE)

      Value  Global                              Global Defined In Module
      -----  --------------------------------   ------------------------
C:   00000278  C$i2c.h$159$1$89                   lab4
C:   00000279  A$lab4$1668                        lab4
C:   0000027A  A$lab4$1669                        lab4
C:   0000027B  A$lab4$1670                        lab4
C:   0000027C  A$lab4$1671                        lab4
C:   0000027E  A$lab4$1672                        lab4
C:   00000280  A$lab4$1673                        lab4
C:   00000282  A$lab4$1674                        lab4
C:   00000284  A$lab4$1675                        lab4
C:   00000286  A$lab4$1676                        lab4
C:   00000288  A$lab4$1677                        lab4
C:   0000028A  A$lab4$1678                        lab4
C:   0000028C  A$lab4$1679                        lab4
C:   0000028E  A$lab4$1680                        lab4
C:   00000291  A$lab4$1681                        lab4
C:   00000293  A$lab4$1682                        lab4
C:   00000295  A$lab4$1683                        lab4
C:   00000297  A$lab4$1684                        lab4
C:   00000299  A$lab4$1685                        lab4
C:   0000029B  A$lab4$1689                        lab4
C:   0000029B  C$i2c.h$161$1$89                   lab4
C:   0000029D  A$lab4$1690                        lab4
C:   0000029F  A$lab4$1691                        lab4
C:   000002A1  A$lab4$1692                        lab4
C:   000002A3  A$lab4$1693                        lab4
C:   000002A4  A$lab4$1694                        lab4
C:   000002A6  A$lab4$1695                        lab4
C:   000002A8  A$lab4$1696                        lab4
C:   000002AA  A$lab4$1697                        lab4
C:   000002AB  A$lab4$1698                        lab4
C:   000002AD  A$lab4$1699                        lab4
C:   000002AF  A$lab4$1700                        lab4
C:   000002B1  A$lab4$1701                        lab4
C:   000002B2  A$lab4$1702                        lab4
C:   000002B4  A$lab4$1703                        lab4
C:   000002B6  A$lab4$1704                        lab4
C:   000002B8  A$lab4$1705                        lab4
C:   000002B9  A$lab4$1706                        lab4
C:   000002BB  A$lab4$1707                        lab4
C:   000002BD  A$lab4$1708                        lab4
C:   000002BF  A$lab4$1709                        lab4
C:   000002C0  A$lab4$1710                        lab4
C:   000002C2  A$lab4$1711                        lab4
C:   000002C4  A$lab4$1712                        lab4
C:   000002C6  A$lab4$1713                        lab4
C:   000002C8  A$lab4$1714                        lab4
C:   000002CA  A$lab4$1715                        lab4
C:   000002CC  A$lab4$1716                        lab4
C:   000002CE  A$lab4$1717                        lab4
C:   000002D1  A$lab4$1718                        lab4
C:   000002D3  A$lab4$1719                        lab4
ASxxxx Linker V03.00 + NoICE + sdld,  page 37.
Hexadecimal  [32-Bits]

Area                                    Addr        Size        Decimal Bytes (Attributes)
--------------------------------        ----        ----        ------- ----- ------------
CSEG                                000000C2    00001252 =        4690. bytes (REL,CON,CODE)

      Value  Global                              Global Defined In Module
      -----  --------------------------------   ------------------------
C:   000002D5  A$lab4$1720                        lab4
C:   000002D7  A$lab4$1723                        lab4
C:   000002D7  C$i2c.h$163$1$89                   lab4
C:   000002DA  A$lab4$1724                        lab4
C:   000002DD  A$lab4$1725                        lab4
C:   000002DE  A$lab4$1726                        lab4
C:   000002E1  A$lab4$1727                        lab4
C:   000002E3  A$lab4$1728                        lab4
C:   000002E5  A$lab4$1731                        lab4
C:   000002E7  A$lab4$1735                        lab4
C:   000002E7  C$i2c.h$169$3$92                   lab4
C:   000002E9  A$lab4$1736                        lab4
C:   000002EB  A$lab4$1737                        lab4
C:   000002ED  A$lab4$1738                        lab4
C:   000002F0  A$lab4$1739                        lab4
C:   000002F2  A$lab4$1740                        lab4
C:   000002F4  A$lab4$1741                        lab4
C:   000002F6  A$lab4$1742                        lab4
C:   000002F8  A$lab4$1743                        lab4
C:   000002FA  A$lab4$1744                        lab4
C:   000002FD  A$lab4$1745                        lab4
C:   000002FF  A$lab4$1747                        lab4
C:   00000302  A$lab4$1749                        lab4
C:   00000305  A$lab4$1750                        lab4
C:   00000306  A$lab4$1751                        lab4
C:   00000308  A$lab4$1752                        lab4
C:   0000030A  A$lab4$1753                        lab4
C:   0000030C  A$lab4$1754                        lab4
C:   0000030E  A$lab4$1755                        lab4
C:   00000311  A$lab4$1756                        lab4
C:   00000313  A$lab4$1757                        lab4
C:   00000315  A$lab4$1758                        lab4
[...]
--------------------------------        ----        ----        ------- ----- ------------
CSEG                                000000C2    00001252 =        4690. bytes (REL,CON,CODE)

      Value  Global                              Global Defined In Module
      -----  --------------------------------   ------------------------
C:   0000084F  A$lab4$3037                        lab4
C:   00000851  A$lab4$3038                        lab4
C:   00000853  A$lab4$3039                        lab4
C:   00000855  A$lab4$3042                        lab4
C:   00000855  C$lab4.c$220$1$163                 lab4
C:   00000855  XG$Drive_Motor$0$0                 lab4
C:   00000856  A$lab4$3055                        lab4
C:   00000856  C$lab4.c$222$1$163                 lab4
C:   00000856  C$lab4.c$225$1$171                 lab4
C:   00000856  G$Steering_Servo$0$0               lab4
C:   00000856  _Steering_Servo                    lab4
C:   00000857  A$lab4$3056                        lab4
C:   00000859  A$lab4$3057                        lab4
C:   0000085B  A$lab4$3058                        lab4
C:   0000085D  A$lab4$3059                        lab4
C:   00000860  A$lab4$3060                        lab4
C:   00000863  A$lab4$3061                        lab4
C:   00000865  A$lab4$3062                        lab4
C:   00000867  A$lab4$3065                        lab4
C:   00000867  C$lab4.c$226$2$172                 lab4
C:   00000869  A$lab4$3066                        lab4
C:   0000086B  A$lab4$3067                        lab4
C:   0000086C  A$lab4$3068                        lab4
C:   0000086E  A$lab4$3069                        lab4
C:   0000086F  A$lab4$3070                        lab4
C:   00000870  A$lab4$3071                        lab4
C:   00000872  A$lab4$3072                        lab4
C:   00000873  A$lab4$3073                        lab4
C:   00000875  A$lab4$3074                        lab4
C:   00000877  A$lab4$3075                        lab4
C:   00000878  A$lab4$3076                        lab4
C:   0000087A  A$lab4$3077                        lab4
C:   0000087D  A$lab4$3081                        lab4
C:   0000087D  C$lab4.c$227$1$171                 lab4
C:   0000087E  A$lab4$3082                        lab4
C:   0000087F  A$lab4$3083                        lab4
C:   00000881  A$lab4$3084                        lab4
C:   00000883  A$lab4$3085                        lab4
C:   00000886  A$lab4$3086                        lab4
C:   00000889  A$lab4$3087                        lab4
C:   0000088B  A$lab4$3088                        lab4
C:   0000088D  A$lab4$3089                        lab4
C:   0000088E  A$lab4$3090                        lab4
C:   00000890  A$lab4$3091                        lab4
C:   00000892  A$lab4$3092                        lab4
C:   00000894  A$lab4$3093                        lab4
C:   00000896  A$lab4$3094                        lab4
C:   00000898  A$lab4$3095                        lab4
C:   0000089A  A$lab4$3098                        lab4
C:   0000089A  C$lab4.c$228$2$173                 lab4
C:   0000089C  A$lab4$3099                        lab4
ASxxxx Linker V03.00 + NoICE + sdld,  page 56.
Hexadecimal  [32-Bits]

Area                                    Addr        Size        Decimal Bytes (Attributes)
--------------------------------        ----        ----        ------- ----- ------------
CSEG                                000000C2    00001252 =        4690. bytes (REL,CON,CODE)

      Value  Global                              Global Defined In Module
      -----  --------------------------------   ------------------------
C:   0000089E  A$lab4$3100                        lab4
C:   0000089F  A$lab4$3101                        lab4
C:   000008A1  A$lab4$3102                        lab4
C:   000008A2  A$lab4$3103                        lab4
C:   000008A3  A$lab4$3104                        lab4
C:   000008A5  A$lab4$3105                        lab4
C:   000008A6  A$lab4$3106                        lab4
C:   000008A7  A$lab4$3107                        lab4
C:   000008A9  A$lab4$3108                        lab4
C:   000008AB  A$lab4$3109                        lab4
C:   000008AC  A$lab4$3110                        lab4
C:   000008AE  A$lab4$3111                        lab4
C:   000008B0  A$lab4$3115                        lab4
C:   000008B0  C$lab4.c$229$1$171                 lab4
C:   000008B2  A$lab4$3116                        lab4
C:   000008B5  A$lab4$3117                        lab4
C:   000008B6  A$lab4$3118                        lab4
C:   000008B8  A$lab4$3119                        lab4
C:   000008BA  A$lab4$3120                        lab4
C:   000008BC  A$lab4$3121                        lab4
C:   000008BF  A$lab4$3122                        lab4
C:   000008C2  A$lab4$3123                        lab4
C:   000008C4  A$lab4$3124                        lab4
C:   000008C6  A$lab4$3127                        lab4
C:   000008C6  C$lab4.c$230$2$174                 lab4
C:   000008C8  A$lab4$3128                        lab4
C:   000008CA  A$lab4$3129                        lab4
C:   000008CB  A$lab4$3130                        lab4
C:   000008CD  A$lab4$3131                        lab4
C:   000008CE  A$lab4$3132                        lab4
C:   000008CF  A$lab4$3133                        lab4
C:   000008D1  A$lab4$3134                        lab4
C:   000008D2  A$lab4$3135                        lab4
C:   000008D3  A$lab4$3136                        lab4
C:   000008D5  A$lab4$3137                        lab4
C:   000008D7  A$lab4$3138                        lab4
C:   000008D8  A$lab4$3139                        lab4
C:   000008DA  A$lab4$3140                        lab4
C:   000008DC  A$lab4$3144                        lab4
C:   000008DC  C$lab4.c$231$1$171                 lab4
C:   000008DD  A$lab4$3145                        lab4
C:   000008DF  A$lab4$3146                        lab4
C:   000008E1  A$lab4$3147                        lab4
C:   000008E3  A$lab4$3148                        lab4
C:   000008E5  A$lab4$3149                        lab4
C:   000008E7  A$lab4$3150                        lab4
C:   000008E9  A$lab4$3153                        lab4
C:   000008E9  C$lab4.c$232$2$175                 lab4
C:   000008EB  A$lab4$3154                        lab4
C:   000008ED  A$lab4$3155                        lab4
C:   000008EE  A$lab4$3156                        lab4
ASxxxx Linker V03.00 + NoICE + sdld,  page 57.
Hexadecimal  [32-Bits]

Area                                    Addr        Size        Decimal Bytes (Attributes)
--------------------------------        ----        ----        ------- ----- ------------
CSEG                                000000C2    00001252 =        4690. bytes (REL,CON,CODE)

      Value  Global                              Global Defined In Module
      -----  --------------------------------   ------------------------
C:   000008F0  A$lab4$3157                        lab4
C:   000008F1  A$lab4$3158                        lab4
C:   000008F2  A$lab4$3159                        lab4
C:   000008F4  A$lab4$3160                        lab4
C:   000008F5  A$lab4$3161                        lab4
C:   000008F7  A$lab4$3162                        lab4
C:   000008F9  A$lab4$3163                        lab4
C:   000008FA  A$lab4$3164                        lab4
C:   000008FC  A$lab4$3165                        lab4
C:   000008FE  A$lab4$3169                        lab4
C:   000008FE  C$lab4.c$233$1$171                 lab4
C:   00000900  A$lab4$3170                        lab4
C:   00000902  A$lab4$3171                        lab4
C:   00000904  A$lab4$3174                        lab4
C:   00000904  C$lab4.c$234$2$176                 lab4
C:   00000907  A$lab4$3175                        lab4
C:   0000090A  A$lab4$3179                        lab4
C:   0000090A  C$lab4.c$236$1$171                 lab4
C:   0000090B  A$lab4$3180                        lab4
C:   0000090D  A$lab4$3181                        lab4
C:   0000090F  A$lab4$3182                        lab4
C:   00000911  A$lab4$3183                        lab4
C:   00000913  A$lab4$3184                        lab4
C:   00000915  A$lab4$3185                        lab4
C:   00000918  A$lab4$3186                        lab4
C:   0000091B  A$lab4$3190                        lab4
C:   0000091B  C$lab4.c$237$1$171                 lab4
C:   0000091C  A$lab4$3191                        lab4
C:   0000091E  A$lab4$3192                        lab4
C:   00000920  A$lab4$3193                        lab4
C:   00000922  A$lab4$3194                        lab4
C:   00000924  A$lab4$3195                        lab4
C:   00000926  A$lab4$3196                        lab4
C:   00000929  A$lab4$3197                        lab4
C:   0000092C  A$lab4$3201                        lab4
C:   0000092C  C$lab4.c$239$1$171                 lab4
C:   0000092F  A$lab4$3202                        lab4
C:   00000932  A$lab4$3205                        lab4
C:   00000932  C$lab4.c$240$1$171                 lab4
C:   00000935  A$lab4$3206                        lab4
C:   00000938  A$lab4$3209                        lab4
C:   00000938  C$lab4.c$242$1$171                 lab4
C:   00000938  XG$Steering_Servo$0$0              lab4
C:   00000939  A$lab4$3227                        lab4
C:   00000939  C$lab4.c$245$1$171                 lab4
C:   00000939  G$Update_Value$0$0                 lab4
C:   00000939  _Update_Value                      lab4
C:   0000093B  A$lab4$3228                        lab4
C:   0000093D  A$lab4$3231                        lab4
C:   0000093D  C$lab4.c$250$1$180                 lab4
C:   0000093F  A$lab4$3232                        lab4
ASxxxx Linker V03.00 + NoICE + sdld,  page 58.
Hexadecimal  [32-Bits]

Area                                    Addr        Size        Decimal Bytes (Attributes)
--------------------------------        ----        ----        ------- ----- ------------
CSEG                                000000C2    00001252 =        4690. bytes (REL,CON,CODE)

      Value  Global                              Global Defined In Module
      -----  --------------------------------   ------------------------
C:   00000941  A$lab4$3238                        lab4
C:   00000941  C$lab4.c$251$1$180                 lab4
C:   00000941  C$lab4.c$253$2$181                 lab4
C:   00000943  A$lab4$3239                        lab4
C:   00000945  A$lab4$3240                        lab4
C:   00000947  A$lab4$3241                        lab4
C:   00000949  A$lab4$3242                        lab4
C:   0000094C  A$lab4$3243                        lab4
C:   0000094E  A$lab4$3244                        lab4
C:   00000950  A$lab4$3245                        lab4
C:   00000952  A$lab4$3246                        lab4
C:   00000954  A$lab4$3247                        lab4
C:   00000956  A$lab4$3250                        lab4
C:   00000956  C$lab4.c$254$2$181                 lab4
C:   00000959  A$lab4$3251                        lab4
C:   0000095B  A$lab4$3252                        lab4
C:   0000095D  A$lab4$3256                        lab4
C:   0000095D  C$lab4.c$255$2$181                 lab4
C:   00000960  A$lab4$3259                        lab4
C:   00000960  C$lab4.c$257$3$182                 lab4
C:   00000962  A$lab4$3260                        lab4
C:   00000964  A$lab4$3261                        lab4
C:   00000965  A$lab4$3262                        lab4
C:   00000966  A$lab4$3263                        lab4
C:   00000967  A$lab4$3264                        lab4
C:   00000968  A$lab4$3265                        lab4
C:   00000969  A$lab4$3266                        lab4
C:   0000096A  A$lab4$3269                        lab4
C:   0000096A  C$lab4.c$258$3$182                 lab4
C:   0000096B  A$lab4$3270                        lab4
C:   0000096D  A$lab4$3271                        lab4
C:   0000096E  A$lab4$3272                        lab4
C:   00000970  A$lab4$3273                        lab4
C:   00000972  A$lab4$3274                        lab4
C:   00000974  A$lab4$3275                        lab4
C:   00000977  A$lab4$3276                        lab4
C:   00000979  A$lab4$3277                        lab4
C:   0000097B  A$lab4$3278                        lab4
C:   0000097D  A$lab4$3279                        lab4
C:   0000097F  A$lab4$3283                        lab4
C:   0000097F  C$lab4.c$260$2$181                 lab4
C:   00000982  A$lab4$3286                        lab4
C:   00000982  C$lab4.c$262$3$183                 lab4
C:   00000984  A$lab4$3287                        lab4
C:   00000986  A$lab4$3288                        lab4
C:   00000987  A$lab4$3289                        lab4
C:   00000988  A$lab4$3290                        lab4
C:   00000989  A$lab4$3291                        lab4
C:   0000098A  A$lab4$3292                        lab4
C:   0000098B  A$lab4$3293                        lab4
C:   0000098C  A$lab4$3294                        lab4
ASxxxx Linker V03.00 + NoICE + sdld,  page 59.
Hexadecimal  [32-Bits]

Area                                    Addr        Size        Decimal Bytes (Attributes)
--------------------------------        ----        ----        ------- ----- ------------
CSEG                                000000C2    00001252 =        4690. bytes (REL,CON,CODE)

      Value  Global                              Global Defined In Module
      -----  --------------------------------   ------------------------
C:   0000098D  A$lab4$3297                        lab4
C:   0000098D  C$lab4.c$263$3$183                 lab4
C:   0000098E  A$lab4$3298                        lab4
C:   0000098F  A$lab4$3299                        lab4
C:   00000991  A$lab4$3300                        lab4
C:   00000992  A$lab4$3301                        lab4
C:   00000994  A$lab4$3302                        lab4
C:   00000997  A$lab4$3303                        lab4
C:   0000099A  A$lab4$3304                        lab4
C:   0000099C  A$lab4$3305                        lab4
C:   0000099E  A$lab4$3306                        lab4
C:   000009A0  A$lab4$3307                        lab4
C:   000009A2  A$lab4$3311                        lab4
C:   000009A2  C$lab4.c$265$2$181                 lab4
C:   000009A5  A$lab4$3312                        lab4
C:   000009A7  A$lab4$3313                        lab4
C:   000009A9  A$lab4$3316                        lab4
C:   000009A9  C$lab4.c$267$1$180                 lab4
C:   000009A9  XG$Update_Value$0$0                lab4
C:   000009AA  ___fsmul                           _fsmul
C:   00000A4D  fsgetargs                          _fsget2args
C:   00000A7B  fs_normalize_a                     _fsnormalize
C:   00000AAE  __gptrput                          _gptrput
C:   00000AC9  __mulint                           _mulint
C:   00000AC9  __mulint_dummy                     _mulint
C:   00000B56  _vsprintf                          sprintf
C:   00000B93  _sprintf                           sprintf
C:   00000BE1  ___fs2uint                         _fs2uint
C:   00000BEC  fs_round_and_return                _fsreturnval
C:   00000C04  fs_zerocheck_return                _fsreturnval
C:   00000C0D  fs_return_zero                     _fsreturnval
C:   00000C15  fs_direct_return                   _fsreturnval
C:   00000C23  fs_return_inf                      _fsreturnval
C:   00000C30  fs_return_nan                      _fsreturnval
C:   00000C46  _vprintf                           vprintf
C:   00000C5F  _printf                            vprintf
C:   00000D36  __print_format                     printf_large
C:   00001242  _strlen                            _strlen
C:   0000125A  __gptrget                          _gptrget
C:   00001276  ___uchar2fs                        _uchar2fs
C:   00001281  ___ulong2fs                        _ulong2fs
C:   0000128A  ulong2fs_doit                      _ulong2fs
C:   00001294  __sdcc_external_startup            _startup
C:   00001298  ___fs2ulong                        _fs2ulong
C:   0000129A  fs2ulong_begin                     _fs2ulong
C:   000012BF  fs_rshift_a                        _fsrshift
C:   00001302  fsgetarg                           _fsget1arg

ASxxxx Linker V03.00 + NoICE + sdld,  page 60.
Hexadecimal  [32-Bits]

Area                                    Addr        Size        Decimal Bytes (Attributes)
--------------------------------        ----        ----        ------- ----- ------------
CONST                               00001314    00000041 =          65. bytes (REL,CON,CODE)

      Value  Global                              Global Defined In Module
      -----  --------------------------------   ------------------------
C:   00001314  Flab4$__str_0$0$0                  lab4
C:   0000132A  Flab4$__str_1$0$0                  lab4
C:   0000133A  Flab4$__str_2$0$0                  lab4
C:   0000133D  Flab4$__str_3$0$0                  lab4
C:   00001345  Flab4$__str_4$0$0                  lab4

ASxxxx Linker V03.00 + NoICE + sdld,  page 61.

Files Linked                              [ module(s) ]

C:\Users\Victor\Documents\RPI\LITEC\lab4\lab4\lab4.rel
                                          [  ]


Libraries Linked                          [ object file ]

C:\Program Files\SDCC\bin\..\lib\small/libfloat.lib
                                          [ _fsmul.rel ]
C:\Program Files\SDCC\bin\..\lib\small/libfloat.lib
                                          [ _fsget2args.rel ]
C:\Program Files\SDCC\bin\..\lib\small/mcs51.lib
                                          [ crtclear.rel ]
C:\Program Files\SDCC\bin\..\lib\small/libfloat.lib
                                          [ _fsnormalize.rel ]
C:\Program Files\SDCC\bin\..\lib\small/mcs51.lib
                                          [ crtxinit.rel ]
C:\Program Files\SDCC\bin\..\lib\small/libsdcc.lib
                                          [ _gptrput.rel ]
C:\Program Files\SDCC\bin\..\lib\small/libint.lib
                                          [ _mulint.rel ]
C:\Program Files\SDCC\bin\..\lib\small/libsdcc.lib
                                          [ sprintf.rel ]
C:\Program Files\SDCC\bin\..\lib\small/mcs51.lib
                                          [ crtxclear.rel ]
C:\Program Files\SDCC\bin\..\lib\small/libfloat.lib
                                          [ _fs2uint.rel ]
C:\Program Files\SDCC\bin\..\lib\small/libfloat.lib
                                          [ _fsreturnval.rel ]
C:\Program Files\SDCC\bin\..\lib\small/libsdcc.lib
                                          [ _bp.rel ]
C:\Program Files\SDCC\bin\..\lib\small/libsdcc.lib
                                          [ vprintf.rel ]
C:\Program Files\SDCC\bin\..\lib\small/libsdcc.lib
                                          [ printf_large.rel ]
C:\Program Files\SDCC\bin\..\lib\small/libsdcc.lib
                                          [ _strlen.rel ]
C:\Program Files\SDCC\bin\..\lib\small/mcs51.lib
                                          [ crtstart.rel ]
C:\Program Files\SDCC\bin\..\lib\small/libsdcc.lib
                                          [ _gptrget.rel ]
C:\Program Files\SDCC\bin\..\lib\small/libfloat.lib
                                          [ _uchar2fs.rel ]
C:\Program Files\SDCC\bin\..\lib\small/libfloat.lib
                                          [ _ulong2fs.rel ]
C:\Program Files\SDCC\bin\..\lib\small/libsdcc.lib
                                          [ _startup.rel ]
C:\Program Files\SDCC\bin\..\lib\small/libfloat.lib
                                          [ _fs2ulong.rel ]
C:\Program Files\SDCC\bin\..\lib\small/libfloat.lib
                                          [ _fsrshift.rel ]
C:\Program Files\SDCC\bin\..\lib\small/libfloat.lib
                                          [ _fsget1arg.rel ]

ASxxxx Linker V03.00 + NoICE + sdld,  page 62.

User Base Address Definitions

HOME = 0x0000
XSEG = 0x0001
PSEG = 0x0001
ISEG = 0x0000
BSEG = 0x0000

