ASxxxx Linker V03.00 + NoICE + sdld,  page 1.
Hexadecimal  [32-Bits]

Area                                    Addr        Size        Decimal Bytes (Attributes)
--------------------------------        ----        ----        ------- ----- ------------
CABS                                00000000    00000000 =           0. bytes (ABS,CON,CODE)

      Value  Global                              Global Defined In Module
      -----  --------------------------------   ------------------------
C:   00000000  l_BIT_BANK                      
C:   00000000  l_CABS                          
C:   00000000  l_GSINIT1                       
C:   00000000  l_GSINIT5                       
C:   00000000  l_IABS                          
C:   00000000  l_PSEG                          
C:   00000000  l_REG_BANK_1                    
C:   00000000  l_REG_BANK_2                    
C:   00000000  l_REG_BANK_3                    
C:   00000000  l_RSEG                          
C:   00000000  l_RSEG0                         
C:   00000000  l_RSEG1                         
C:   00000000  l_XABS                          
C:   00000000  l_XINIT                         
C:   00000000  l_XISEG                         
C:   00000000  l__CODE                         
C:   00000000  s_BSEG                          
C:   00000000  s_CABS                          
C:   00000000  s_DSEG                          
C:   00000000  s_HOME                          
C:   00000000  s_IABS                          
C:   00000000  s_REG_BANK_0                    
C:   00000000  s_RSEG                          
C:   00000000  s_RSEG0                         
C:   00000000  s_RSEG1                         
C:   00000000  s_XABS                          
C:   00000001  s_PSEG                          
C:   00000001  s_XSEG                          
C:   00000002  l_BSEG_BYTES                    
C:   00000003  l_GSFINAL                       
C:   00000003  l_GSINIT0                       
C:   00000005  l_GSINIT                        
C:   00000006  l_ISEG                          
C:   00000006  l_OSEG                          
C:   00000008  l_REG_BANK_0                    
C:   00000008  s_REG_BANK_1                    
C:   0000000A  l_BSEG                          
C:   0000000A  l_GSINIT2                       
C:   00000010  s_REG_BANK_2                    
C:   00000011  s_OSEG                          
C:   00000017  s_ISEG                          
C:   00000018  s_BIT_BANK                      
C:   00000018  s_REG_BANK_3                    
C:   00000020  s_BSEG_BYTES                    
C:   00000020  s__CODE                         
C:   00000022  l_GSINIT3                       
C:   0000002A  l_GSINIT4                       
C:   00000050  l_XSEG                          
C:   00000051  l_HOME                          
C:   00000051  s_GSINIT0                       
ASxxxx Linker V03.00 + NoICE + sdld,  page 2.
Hexadecimal  [32-Bits]

Area                                    Addr        Size        Decimal Bytes (Attributes)
--------------------------------        ----        ----        ------- ----- ------------
CABS                                00000000    00000000 =           0. bytes (ABS,CON,CODE)

      Value  Global                              Global Defined In Module
      -----  --------------------------------   ------------------------
C:   00000051  s_XISEG                         
C:   00000054  s_GSINIT1                       
C:   00000054  s_GSINIT2                       
C:   0000005E  s_GSINIT3                       
C:   0000007D  l_DSEG                          
C:   0000007F  s_SSEG                          
C:   00000080  s_GSINIT4                       
C:   00000081  l_SSEG                          
C:   000000AA  s_GSINIT                        
C:   000000AA  s_GSINIT5                       
C:   000000AF  s_GSFINAL                       
C:   000000B2  s_CSEG                          
C:   000000F8  l_CONST                         
C:   00000100  l_IRAM                          
C:   000013C7  l_CSEG                          
C:   00001479  s_CONST                         
C:   00001571  s_XINIT                         

ASxxxx Linker V03.00 + NoICE + sdld,  page 3.
Hexadecimal  [32-Bits]

Area                                    Addr        Size        Decimal Bytes (Attributes)
--------------------------------        ----        ----        ------- ----- ------------
.  .ABS.                            00000000    00000000 =           0. bytes (ABS,CON)

      Value  Global                              Global Defined In Module
      -----  --------------------------------   ------------------------
     00000000  .__.ABS.                           _fsget1arg
     00000080  G$P0$0$0                           lab5
     00000080  G$P0_0$0$0                         lab5
     00000080  _P0                                lab5
     00000080  _P0_0                              lab5
     00000081  G$P0_1$0$0                         lab5
     00000081  G$SP$0$0                           lab5
     00000081  _P0_1                              lab5
     00000081  _SP                                lab5
     00000082  G$DPL$0$0                          lab5
     00000082  G$P0_2$0$0                         lab5
     00000082  _DPL                               lab5
     00000082  _P0_2                              lab5
     00000083  G$BUS_SCL$0$0                      lab5
     00000083  G$DPH$0$0                          lab5
     00000083  G$P0_3$0$0                         lab5
     00000083  _BUS_SCL                           lab5
     00000083  _DPH                               lab5
     00000083  _P0_3                              lab5
     00000084  G$P0_4$0$0                         lab5
     00000084  G$P4$0$0                           lab5
     00000084  _P0_4                              lab5
     00000084  _P4                                lab5
     00000085  G$P0_5$0$0                         lab5
     00000085  G$P5$0$0                           lab5
     00000085  _P0_5                              lab5
     00000085  _P5                                lab5
     00000086  G$P0_6$0$0                         lab5
     00000086  G$P6$0$0                           lab5
     00000086  _P0_6                              lab5
     00000086  _P6                                lab5
     00000087  G$P0_7$0$0                         lab5
     00000087  G$PCON$0$0                         lab5
     00000087  _P0_7                              lab5
     00000087  _PCON                              lab5
     00000088  G$IT0$0$0                          lab5
     00000088  G$TCON$0$0                         lab5
     00000088  _IT0                               lab5
     00000088  _TCON                              lab5
     00000089  G$IE0$0$0                          lab5
     00000089  G$TMOD$0$0                         lab5
     00000089  _IE0                               lab5
     00000089  _TMOD                              lab5
     0000008A  G$IT1$0$0                          lab5
     0000008A  G$TL0$0$0                          lab5
     0000008A  _IT1                               lab5
     0000008A  _TL0                               lab5
     0000008B  G$IE1$0$0                          lab5
     0000008B  G$TL1$0$0                          lab5
     0000008B  _IE1                               lab5
ASxxxx Linker V03.00 + NoICE + sdld,  page 4.
Hexadecimal  [32-Bits]

Area                                    Addr        Size        Decimal Bytes (Attributes)
--------------------------------        ----        ----        ------- ----- ------------
.  .ABS.                            00000000    00000000 =           0. bytes (ABS,CON)

      Value  Global                              Global Defined In Module
      -----  --------------------------------   ------------------------
     0000008B  _TL1                               lab5
     0000008C  G$TH0$0$0                          lab5
     0000008C  G$TR0$0$0                          lab5
     0000008C  _TH0                               lab5
     0000008C  _TR0                               lab5
     0000008D  G$TF0$0$0                          lab5
     0000008D  G$TH1$0$0                          lab5
     0000008D  _TF0                               lab5
     0000008D  _TH1                               lab5
     0000008E  G$CKCON$0$0                        lab5
     0000008E  G$TR1$0$0                          lab5
     0000008E  _CKCON                             lab5
     0000008E  _TR1                               lab5
     0000008F  G$PSCTL$0$0                        lab5
     0000008F  G$TF1$0$0                          lab5
     0000008F  _PSCTL                             lab5
     0000008F  _TF1                               lab5
     00000090  G$P1$0$0                           lab5
     00000090  G$P1_0$0$0                         lab5
     00000090  _P1                                lab5
     00000090  _P1_0                              lab5
     00000091  G$P1_1$0$0                         lab5
     00000091  G$TMR3CN$0$0                       lab5
     00000091  _P1_1                              lab5
     00000091  _TMR3CN                            lab5
     00000092  G$P1_2$0$0                         lab5
     00000092  G$TMR3RLL$0$0                      lab5
     00000092  _P1_2                              lab5
     00000092  _TMR3RLL                           lab5
     00000093  G$P1_3$0$0                         lab5
     00000093  G$TMR3RLH$0$0                      lab5
     00000093  _P1_3                              lab5
     00000093  _TMR3RLH                           lab5
     00000094  G$P1_4$0$0                         lab5
     00000094  G$TMR3L$0$0                        lab5
     00000094  _P1_4                              lab5
     00000094  _TMR3L                             lab5
     00000095  G$P1_5$0$0                         lab5
     00000095  G$TMR3H$0$0                        lab5
     00000095  _P1_5                              lab5
     00000095  _TMR3H                             lab5
     00000096  G$P1_6$0$0                         lab5
     00000096  G$P7$0$0                           lab5
     00000096  _P1_6                              lab5
     00000096  _P7                                lab5
     00000097  G$P1_7$0$0                         lab5
     00000097  _P1_7                              lab5
     00000098  G$RI$0$0                           lab5
     00000098  G$RI0$0$0                          lab5
     00000098  G$SCON$0$0                         lab5
     00000098  G$SCON0$0$0                        lab5
ASxxxx Linker V03.00 + NoICE + sdld,  page 5.
Hexadecimal  [32-Bits]

Area                                    Addr        Size        Decimal Bytes (Attributes)
--------------------------------        ----        ----        ------- ----- ------------
.  .ABS.                            00000000    00000000 =           0. bytes (ABS,CON)

      Value  Global                              Global Defined In Module
      -----  --------------------------------   ------------------------
     00000098  _RI                                lab5
     00000098  _RI0                               lab5
     00000098  _SCON                              lab5
     00000098  _SCON0                             lab5
     00000099  G$SBUF$0$0                         lab5
     00000099  G$SBUF0$0$0                        lab5
     00000099  G$TI$0$0                           lab5
     00000099  G$TI0$0$0                          lab5
     00000099  _SBUF                              lab5
     00000099  _SBUF0                             lab5
     00000099  _TI                                lab5
     00000099  _TI0                               lab5
     0000009A  G$RB8$0$0                          lab5
     0000009A  G$RB80$0$0                         lab5
     0000009A  G$SPI0CFG$0$0                      lab5
     0000009A  _RB8                               lab5
     0000009A  _RB80                              lab5
     0000009A  _SPI0CFG                           lab5
     0000009B  G$SPI0DAT$0$0                      lab5
     0000009B  G$TB8$0$0                          lab5
     0000009B  G$TB80$0$0                         lab5
     0000009B  _SPI0DAT                           lab5
     0000009B  _TB8                               lab5
     0000009B  _TB80                              lab5
     0000009C  G$ADC1$0$0                         lab5
     0000009C  G$REN$0$0                          lab5
     0000009C  G$REN0$0$0                         lab5
     0000009C  _ADC1                              lab5
     0000009C  _REN                               lab5
     0000009C  _REN0                              lab5
     0000009D  G$MCE0$0$0                         lab5
     0000009D  G$SM2$0$0                          lab5
     0000009D  G$SM20$0$0                         lab5
     0000009D  G$SPI0CKR$0$0                      lab5
     0000009D  _MCE0                              lab5
     0000009D  _SM2                               lab5
     0000009D  _SM20                              lab5
     0000009D  _SPI0CKR                           lab5
     0000009E  G$CPT0CN$0$0                       lab5
     0000009E  G$SM1$0$0                          lab5
     0000009E  G$SM10$0$0                         lab5
     0000009E  _CPT0CN                            lab5
     0000009E  _SM1                               lab5
     0000009E  _SM10                              lab5
     0000009F  G$CPT1CN$0$0                       lab5
     0000009F  G$S0MODE$0$0                       lab5
     0000009F  G$SM0$0$0                          lab5
     0000009F  G$SM00$0$0                         lab5
     0000009F  _CPT1CN                            lab5
     0000009F  _S0MODE                            lab5
     0000009F  _SM0                               lab5
ASxxxx Linker V03.00 + NoICE + sdld,  page 6.
Hexadecimal  [32-Bits]

Area                                    Addr        Size        Decimal Bytes (Attributes)
--------------------------------        ----        ----        ------- ----- ------------
.  .ABS.                            00000000    00000000 =           0. bytes (ABS,CON)

      Value  Global                              Global Defined In Module
      -----  --------------------------------   ------------------------
     0000009F  _SM00                              lab5
     000000A0  G$P2$0$0                           lab5
     000000A0  G$P2_0$0$0                         lab5
     000000A0  _P2                                lab5
     000000A0  _P2_0                              lab5
     000000A1  G$EMI0TC$0$0                       lab5
     000000A1  G$P2_1$0$0                         lab5
     000000A1  _EMI0TC                            lab5
     000000A1  _P2_1                              lab5
     000000A2  G$P2_2$0$0                         lab5
     000000A2  _P2_2                              lab5
     000000A3  G$EMI0CF$0$0                       lab5
     000000A3  G$P2_3$0$0                         lab5
     000000A3  _EMI0CF                            lab5
     000000A3  _P2_3                              lab5
     000000A4  G$P0MDOUT$0$0                      lab5
     000000A4  G$P2_4$0$0                         lab5
     000000A4  G$PRT0CF$0$0                       lab5
     000000A4  _P0MDOUT                           lab5
     000000A4  _P2_4                              lab5
     000000A4  _PRT0CF                            lab5
     000000A5  G$P1MDOUT$0$0                      lab5
     000000A5  G$P2_5$0$0                         lab5
     000000A5  G$PRT1CF$0$0                       lab5
     000000A5  _P1MDOUT                           lab5
     000000A5  _P2_5                              lab5
     000000A5  _PRT1CF                            lab5
     000000A6  G$P2MDOUT$0$0                      lab5
     000000A6  G$P2_6$0$0                         lab5
     000000A6  G$PRT2CF$0$0                       lab5
     000000A6  _P2MDOUT                           lab5
     000000A6  _P2_6                              lab5
     000000A6  _PRT2CF                            lab5
     000000A7  G$P2_7$0$0                         lab5
     000000A7  G$P3MDOUT$0$0                      lab5
     000000A7  G$PRT3CF$0$0                       lab5
     000000A7  _P2_7                              lab5
     000000A7  _P3MDOUT                           lab5
     000000A7  _PRT3CF                            lab5
     000000A8  G$EX0$0$0                          lab5
     000000A8  G$IE$0$0                           lab5
     000000A8  _EX0                               lab5
     000000A8  _IE                                lab5
     000000A9  G$ET0$0$0                          lab5
     000000A9  G$SADDR0$0$0                       lab5
     000000A9  _ET0                               lab5
     000000A9  _SADDR0                            lab5
     000000AA  G$ADC1CN$0$0                       lab5
     000000AA  G$EX1$0$0                          lab5
     000000AA  _ADC1CN                            lab5
     000000AA  _EX1                               lab5
ASxxxx Linker V03.00 + NoICE + sdld,  page 7.
Hexadecimal  [32-Bits]

Area                                    Addr        Size        Decimal Bytes (Attributes)
--------------------------------        ----        ----        ------- ----- ------------
.  .ABS.                            00000000    00000000 =           0. bytes (ABS,CON)

      Value  Global                              Global Defined In Module
      -----  --------------------------------   ------------------------
     000000AB  G$ADC1CF$0$0                       lab5
     000000AB  G$ET1$0$0                          lab5
     000000AB  _ADC1CF                            lab5
     000000AB  _ET1                               lab5
     000000AC  G$AMX1SL$0$0                       lab5
     000000AC  G$ES$0$0                           lab5
     000000AC  G$ES0$0$0                          lab5
     000000AC  _AMX1SL                            lab5
     000000AC  _ES                                lab5
     000000AC  _ES0                               lab5
     000000AD  G$ET2$0$0                          lab5
     000000AD  G$P3IF$0$0                         lab5
     000000AD  _ET2                               lab5
     000000AD  _P3IF                              lab5
     000000AE  G$SADEN1$0$0                       lab5
     000000AE  _SADEN1                            lab5
     000000AF  G$EA$0$0                           lab5
     000000AF  G$EMI0CN$0$0                       lab5
     000000AF  G$_XPAGE$0$0                       lab5
     000000AF  _EA                                lab5
     000000AF  _EMI0CN                            lab5
     000000AF  __XPAGE                            lab5
     000000B0  G$P3$0$0                           lab5
     000000B0  G$P3_0$0$0                         lab5
     000000B0  _P3                                lab5
     000000B0  _P3_0                              lab5
     000000B1  G$OSCXCN$0$0                       lab5
     000000B1  G$P3_1$0$0                         lab5
     000000B1  _OSCXCN                            lab5
     000000B1  _P3_1                              lab5
     000000B2  G$OSCICN$0$0                       lab5
     000000B2  G$P3_2$0$0                         lab5
     000000B2  _OSCICN                            lab5
     000000B2  _P3_2                              lab5
     000000B3  G$P3_3$0$0                         lab5
     000000B3  _P3_3                              lab5
     000000B4  G$P3_4$0$0                         lab5
     000000B4  _P3_4                              lab5
     000000B5  G$P3_5$0$0                         lab5
     000000B5  G$P74OUT$0$0                       lab5
     000000B5  _P3_5                              lab5
     000000B5  _P74OUT                            lab5
     000000B6  G$FLSCL$0$0                        lab5
     000000B6  G$P3_6$0$0                         lab5
     000000B6  G$SS2$0$0                          lab5
     000000B6  _FLSCL                             lab5
     000000B6  _P3_6                              lab5
     000000B6  _SS2                               lab5
     000000B7  G$FLACL$0$0                        lab5
     000000B7  G$P3_7$0$0                         lab5
     000000B7  G$SS1$0$0                          lab5
ASxxxx Linker V03.00 + NoICE + sdld,  page 8.
Hexadecimal  [32-Bits]

Area                                    Addr        Size        Decimal Bytes (Attributes)
--------------------------------        ----        ----        ------- ----- ------------
.  .ABS.                            00000000    00000000 =           0. bytes (ABS,CON)

      Value  Global                              Global Defined In Module
      -----  --------------------------------   ------------------------
     000000B7  _FLACL                             lab5
     000000B7  _P3_7                              lab5
     000000B7  _SS1                               lab5
     000000B8  G$IP$0$0                           lab5
     000000B8  G$PX0$0$0                          lab5
     000000B8  _IP                                lab5
     000000B8  _PX0                               lab5
     000000B9  G$PT0$0$0                          lab5
     000000B9  G$SADEN0$0$0                       lab5
     000000B9  _PT0                               lab5
     000000B9  _SADEN0                            lab5
     000000BA  G$AMX0CF$0$0                       lab5
     000000BA  G$PX1$0$0                          lab5
     000000BA  _AMX0CF                            lab5
     000000BA  _PX1                               lab5
     000000BB  G$AMX0SL$0$0                       lab5
     000000BB  G$PT1$0$0                          lab5
     000000BB  _AMX0SL                            lab5
     000000BB  _PT1                               lab5
     000000BC  G$ADC0CF$0$0                       lab5
     000000BC  G$PS$0$0                           lab5
     000000BC  G$PS0$0$0                          lab5
     000000BC  _ADC0CF                            lab5
     000000BC  _PS                                lab5
     000000BC  _PS0                               lab5
     000000BD  G$P1MDIN$0$0                       lab5
     000000BD  G$PT2$0$0                          lab5
     000000BD  _P1MDIN                            lab5
     000000BD  _PT2                               lab5
     000000BE  G$ADC0L$0$0                        lab5
     000000BE  _ADC0L                             lab5
     000000BF  G$ADC0H$0$0                        lab5
     000000BF  _ADC0H                             lab5
     000000C0  G$BUS_TOE$0$0                      lab5
     000000C0  G$SMB0CN$0$0                       lab5
     000000C0  G$SMBTOE$0$0                       lab5
     000000C0  _BUS_TOE                           lab5
     000000C0  _SMB0CN                            lab5
     000000C0  _SMBTOE                            lab5
     000000C1  G$BUS_FTE$0$0                      lab5
     000000C1  G$SMB0STA$0$0                      lab5
     000000C1  G$SMBFTE$0$0                       lab5
     000000C1  _BUS_FTE                           lab5
     000000C1  _SMB0STA                           lab5
     000000C1  _SMBFTE                            lab5
     000000C2  G$AA$0$0                           lab5
     000000C2  G$BUS_AA$0$0                       lab5
     000000C2  G$SMB0DAT$0$0                      lab5
     000000C2  _AA                                lab5
     000000C2  _BUS_AA                            lab5
     000000C2  _SMB0DAT                           lab5
ASxxxx Linker V03.00 + NoICE + sdld,  page 9.
Hexadecimal  [32-Bits]

Area                                    Addr        Size        Decimal Bytes (Attributes)
--------------------------------        ----        ----        ------- ----- ------------
.  .ABS.                            00000000    00000000 =           0. bytes (ABS,CON)

      Value  Global                              Global Defined In Module
      -----  --------------------------------   ------------------------
     000000C3  G$BUS_INT$0$0                      lab5
     000000C3  G$SI$0$0                           lab5
     000000C3  G$SMB0ADR$0$0                      lab5
     000000C3  _BUS_INT                           lab5
     000000C3  _SI                                lab5
     000000C3  _SMB0ADR                           lab5
     000000C4  G$ADC0GTL$0$0                      lab5
     000000C4  G$BUS_STOP$0$0                     lab5
     000000C4  G$STO$0$0                          lab5
     000000C4  _ADC0GTL                           lab5
     000000C4  _BUS_STOP                          lab5
     000000C4  _STO                               lab5
     000000C5  G$ADC0GTH$0$0                      lab5
     000000C5  G$BUS_START$0$0                    lab5
     000000C5  G$STA$0$0                          lab5
     000000C5  _ADC0GTH                           lab5
     000000C5  _BUS_START                         lab5
     000000C5  _STA                               lab5
     000000C6  G$ADC0LTL$0$0                      lab5
     000000C6  G$BUS_EN$0$0                       lab5
     000000C6  G$ENSMB$0$0                        lab5
     000000C6  _ADC0LTL                           lab5
     000000C6  _BUS_EN                            lab5
     000000C6  _ENSMB                             lab5
     000000C7  G$ADC0LTH$0$0                      lab5
     000000C7  G$BUSY$0$0                         lab5
     000000C7  G$BUS_BUSY$0$0                     lab5
     000000C7  _ADC0LTH                           lab5
     000000C7  _BUSY                              lab5
     000000C7  _BUS_BUSY                          lab5
     000000C8  G$CPRL2$0$0                        lab5
     000000C8  G$T2CON$0$0                        lab5
     000000C8  _CPRL2                             lab5
     000000C8  _T2CON                             lab5
     000000C9  G$CT2$0$0                          lab5
     000000C9  G$T4CON$0$0                        lab5
     000000C9  _CT2                               lab5
     000000C9  _T4CON                             lab5
     000000CA  G$RCAP2L$0$0                       lab5
     000000CA  G$TR2$0$0                          lab5
     000000CA  _RCAP2L                            lab5
     000000CA  _TR2                               lab5
     000000CB  G$EXEN2$0$0                        lab5
     000000CB  G$RCAP2H$0$0                       lab5
     000000CB  _EXEN2                             lab5
     000000CB  _RCAP2H                            lab5
     000000CC  G$TCLK$0$0                         lab5
     000000CC  G$TL2$0$0                          lab5
     000000CC  _TCLK                              lab5
     000000CC  _TL2                               lab5
     000000CD  G$RCLK$0$0                         lab5
ASxxxx Linker V03.00 + NoICE + sdld,  page 10.
Hexadecimal  [32-Bits]

Area                                    Addr        Size        Decimal Bytes (Attributes)
--------------------------------        ----        ----        ------- ----- ------------
.  .ABS.                            00000000    00000000 =           0. bytes (ABS,CON)

      Value  Global                              Global Defined In Module
      -----  --------------------------------   ------------------------
     000000CD  G$TH2$0$0                          lab5
     000000CD  _RCLK                              lab5
     000000CD  _TH2                               lab5
     000000CE  G$EXF2$0$0                         lab5
     000000CE  _EXF2                              lab5
     000000CF  G$SMB0CR$0$0                       lab5
     000000CF  G$TF2$0$0                          lab5
     000000CF  _SMB0CR                            lab5
     000000CF  _TF2                               lab5
     000000D0  G$P$0$0                            lab5
     000000D0  G$PSW$0$0                          lab5
     000000D0  _P                                 lab5
     000000D0  _PSW                               lab5
     000000D1  G$F1$0$0                           lab5
     000000D1  G$REF0CN$0$0                       lab5
     000000D1  _F1                                lab5
     000000D1  _REF0CN                            lab5
     000000D2  G$DAC0L$0$0                        lab5
     000000D2  G$OV$0$0                           lab5
     000000D2  _DAC0L                             lab5
     000000D2  _OV                                lab5
     000000D3  G$DAC0H$0$0                        lab5
     000000D3  G$RS0$0$0                          lab5
     000000D3  _DAC0H                             lab5
     000000D3  _RS0                               lab5
     000000D4  G$DAC0CN$0$0                       lab5
     000000D4  G$RS1$0$0                          lab5
     000000D4  _DAC0CN                            lab5
     000000D4  _RS1                               lab5
     000000D5  G$DAC1L$0$0                        lab5
     000000D5  G$F0$0$0                           lab5
     000000D5  _DAC1L                             lab5
     000000D5  _F0                                lab5
     000000D6  G$AC$0$0                           lab5
     000000D6  G$DAC1H$0$0                        lab5
     000000D6  _AC                                lab5
     000000D6  _DAC1H                             lab5
     000000D7  G$CY$0$0                           lab5
     000000D7  G$DAC1CN$0$0                       lab5
     000000D7  _CY                                lab5
     000000D7  _DAC1CN                            lab5
     000000D8  G$CCF0$0$0                         lab5
     000000D8  G$PCA0CN$0$0                       lab5
     000000D8  _CCF0                              lab5
     000000D8  _PCA0CN                            lab5
     000000D9  G$CCF1$0$0                         lab5
     000000D9  G$PCA0MD$0$0                       lab5
     000000D9  _CCF1                              lab5
     000000D9  _PCA0MD                            lab5
     000000DA  G$CCF2$0$0                         lab5
     000000DA  G$PCA0CPM0$0$0                     lab5
ASxxxx Linker V03.00 + NoICE + sdld,  page 11.
Hexadecimal  [32-Bits]

Area                                    Addr        Size        Decimal Bytes (Attributes)
--------------------------------        ----        ----        ------- ----- ------------
.  .ABS.                            00000000    00000000 =           0. bytes (ABS,CON)

      Value  Global                              Global Defined In Module
      -----  --------------------------------   ------------------------
     000000DA  _CCF2                              lab5
     000000DA  _PCA0CPM0                          lab5
     000000DB  G$CCF3$0$0                         lab5
     000000DB  G$PCA0CPM1$0$0                     lab5
     000000DB  _CCF3                              lab5
     000000DB  _PCA0CPM1                          lab5
     000000DC  G$CCF4$0$0                         lab5
     000000DC  G$PCA0CPM2$0$0                     lab5
     000000DC  _CCF4                              lab5
     000000DC  _PCA0CPM2                          lab5
     000000DD  G$PCA0CPM3$0$0                     lab5
     000000DD  _PCA0CPM3                          lab5
     000000DE  G$CR$0$0                           lab5
     000000DE  G$PCA0CPM4$0$0                     lab5
     000000DE  _CR                                lab5
     000000DE  _PCA0CPM4                          lab5
     000000DF  G$CF$0$0                           lab5
     000000DF  _CF                                lab5
     000000E0  G$ACC$0$0                          lab5
     000000E0  _ACC                               lab5
     000000E1  G$XBR0$0$0                         lab5
     000000E1  _XBR0                              lab5
     000000E2  G$XBR1$0$0                         lab5
     000000E2  _XBR1                              lab5
     000000E3  G$XBR2$0$0                         lab5
     000000E3  _XBR2                              lab5
     000000E4  G$RCAP4L$0$0                       lab5
     000000E4  _RCAP4L                            lab5
     000000E5  G$RCAP4H$0$0                       lab5
     000000E5  _RCAP4H                            lab5
     000000E6  G$EIE1$0$0                         lab5
     000000E6  _EIE1                              lab5
     000000E7  G$EIE2$0$0                         lab5
     000000E7  _EIE2                              lab5
     000000E8  G$AD0LJST$0$0                      lab5
     000000E8  G$ADC0CN$0$0                       lab5
     000000E8  G$ADLJST$0$0                       lab5
     000000E8  _AD0LJST                           lab5
     000000E8  _ADC0CN                            lab5
     000000E8  _ADLJST                            lab5
     000000E9  G$AD0WINT$0$0                      lab5
     000000E9  G$ADWINT$0$0                       lab5
     000000E9  G$PCA0L$0$0                        lab5
     000000E9  _AD0WINT                           lab5
     000000E9  _ADWINT                            lab5
     000000E9  _PCA0L                             lab5
     000000EA  G$AD0CM0$0$0                       lab5
     000000EA  G$ADSTM0$0$0                       lab5
     000000EA  G$PCA0CPL0$0$0                     lab5
     000000EA  _AD0CM0                            lab5
     000000EA  _ADSTM0                            lab5
ASxxxx Linker V03.00 + NoICE + sdld,  page 12.
Hexadecimal  [32-Bits]

Area                                    Addr        Size        Decimal Bytes (Attributes)
--------------------------------        ----        ----        ------- ----- ------------
.  .ABS.                            00000000    00000000 =           0. bytes (ABS,CON)

      Value  Global                              Global Defined In Module
      -----  --------------------------------   ------------------------
     000000EA  _PCA0CPL0                          lab5
     000000EB  G$AD0CM1$0$0                       lab5
     000000EB  G$ADSTM1$0$0                       lab5
     000000EB  G$PCA0CPL1$0$0                     lab5
     000000EB  _AD0CM1                            lab5
     000000EB  _ADSTM1                            lab5
     000000EB  _PCA0CPL1                          lab5
     000000EC  G$AD0BUSY$0$0                      lab5
     000000EC  G$ADBUSY$0$0                       lab5
     000000EC  G$PCA0CPL2$0$0                     lab5
     000000EC  _AD0BUSY                           lab5
     000000EC  _ADBUSY                            lab5
     000000EC  _PCA0CPL2                          lab5
     000000ED  G$AD0INT$0$0                       lab5
     000000ED  G$ADCINT$0$0                       lab5
     000000ED  G$PCA0CPL3$0$0                     lab5
     000000ED  _AD0INT                            lab5
     000000ED  _ADCINT                            lab5
     000000ED  _PCA0CPL3                          lab5
     000000EE  G$AD0TM$0$0                        lab5
     000000EE  G$ADCTM$0$0                        lab5
     000000EE  G$PCA0CPL4$0$0                     lab5
     000000EE  _AD0TM                             lab5
     000000EE  _ADCTM                             lab5
     000000EE  _PCA0CPL4                          lab5
     000000EF  G$AD0EN$0$0                        lab5
     000000EF  G$ADCEN$0$0                        lab5
     000000EF  G$RSTSRC$0$0                       lab5
     000000EF  _AD0EN                             lab5
     000000EF  _ADCEN                             lab5
     000000EF  _RSTSRC                            lab5
     000000F0  G$B$0$0                            lab5
     000000F0  _B                                 lab5
     000000F1  G$SCON1$0$0                        lab5
     000000F1  _SCON1                             lab5
     000000F2  G$SBUF1$0$0                        lab5
     000000F2  _SBUF1                             lab5
     000000F3  G$SADDR1$0$0                       lab5
     000000F3  _SADDR1                            lab5
     000000F4  G$TL4$0$0                          lab5
     000000F4  _TL4                               lab5
     000000F5  G$TH4$0$0                          lab5
     000000F5  _B_5                               _gptrget
     000000F5  _TH4                               lab5
     000000F6  G$EIP1$0$0                         lab5
     000000F6  _B_6                               _gptrget
     000000F6  _EIP1                              lab5
     000000F7  G$EIP2$0$0                         lab5
     000000F7  _B_7                               _gptrget
     000000F7  _EIP2                              lab5
     000000F8  G$SPI0CN$0$0                       lab5
ASxxxx Linker V03.00 + NoICE + sdld,  page 13.
Hexadecimal  [32-Bits]

Area                                    Addr        Size        Decimal Bytes (Attributes)
--------------------------------        ----        ----        ------- ----- ------------
.  .ABS.                            00000000    00000000 =           0. bytes (ABS,CON)

      Value  Global                              Global Defined In Module
      -----  --------------------------------   ------------------------
     000000F8  G$SPIEN$0$0                        lab5
     000000F8  _SPI0CN                            lab5
     000000F8  _SPIEN                             lab5
     000000F9  G$MSTEN$0$0                        lab5
     000000F9  G$PCA0H$0$0                        lab5
     000000F9  _MSTEN                             lab5
     000000F9  _PCA0H                             lab5
     000000FA  G$PCA0CPH0$0$0                     lab5
     000000FA  G$SLVSEL$0$0                       lab5
     000000FA  _PCA0CPH0                          lab5
     000000FA  _SLVSEL                            lab5
     000000FB  G$PCA0CPH1$0$0                     lab5
     000000FB  G$TXBSY$0$0                        lab5
     000000FB  _PCA0CPH1                          lab5
     000000FB  _TXBSY                             lab5
     000000FC  G$PCA0CPH2$0$0                     lab5
     000000FC  G$RXOVRN$0$0                       lab5
     000000FC  _PCA0CPH2                          lab5
     000000FC  _RXOVRN                            lab5
     000000FD  G$MODF$0$0                         lab5
     000000FD  G$PCA0CPH3$0$0                     lab5
     000000FD  _MODF                              lab5
     000000FD  _PCA0CPH3                          lab5
     000000FE  G$PCA0CPH4$0$0                     lab5
     000000FE  G$WCOL$0$0                         lab5
     000000FE  _PCA0CPH4                          lab5
     000000FE  _WCOL                              lab5
     000000FF  G$SPIF$0$0                         lab5
     000000FF  G$WDTCN$0$0                        lab5
     000000FF  _SPIF                              lab5
     000000FF  _WDTCN                             lab5
     00008C8A  G$TMR0$0$0                         lab5
     00008C8A  _TMR0                              lab5
     00008D8B  G$TMR1$0$0                         lab5
     00008D8B  _TMR1                              lab5
     00009392  G$TMR3RL$0$0                       lab5
     00009392  _TMR3RL                            lab5
     00009594  G$TMR3$0$0                         lab5
     00009594  _TMR3                              lab5
     0000BFBE  G$ADC0$0$0                         lab5
     0000BFBE  _ADC0                              lab5
     0000C5C4  G$ADC0GT$0$0                       lab5
     0000C5C4  _ADC0GT                            lab5
     0000C7C6  G$ADC0LT$0$0                       lab5
     0000C7C6  _ADC0LT                            lab5
     0000CBCA  G$RCAP2$0$0                        lab5
     0000CBCA  _RCAP2                             lab5
     0000CDCC  G$TMR2$0$0                         lab5
     0000CDCC  _TMR2                              lab5
     0000D3D2  G$DAC0$0$0                         lab5
     0000D3D2  _DAC0                              lab5
ASxxxx Linker V03.00 + NoICE + sdld,  page 14.
Hexadecimal  [32-Bits]

Area                                    Addr        Size        Decimal Bytes (Attributes)
--------------------------------        ----        ----        ------- ----- ------------
.  .ABS.                            00000000    00000000 =           0. bytes (ABS,CON)

      Value  Global                              Global Defined In Module
      -----  --------------------------------   ------------------------
     0000D6D5  G$DAC1$0$0                         lab5
     0000D6D5  _DAC1                              lab5
     0000E5E4  G$RCAP4$0$0                        lab5
     0000E5E4  _RCAP4                             lab5
     0000F5F4  G$TMR4$0$0                         lab5
     0000F5F4  _TMR4                              lab5
     0000F9E9  G$PCA0$0$0                         lab5
     0000F9E9  _PCA0                              lab5
     0000FAEA  G$PCA0CP0$0$0                      lab5
     0000FAEA  _PCA0CP0                           lab5
     0000FBEB  G$PCA0CP1$0$0                      lab5
     0000FBEB  _PCA0CP1                           lab5
     0000FCEC  G$PCA0CP2$0$0                      lab5
     0000FCEC  _PCA0CP2                           lab5
     0000FDED  G$PCA0CP3$0$0                      lab5
     0000FDED  _PCA0CP3                           lab5
     0000FEEE  G$PCA0CP4$0$0                      lab5
     0000FEEE  _PCA0CP4                           lab5

ASxxxx Linker V03.00 + NoICE + sdld,  page 15.
Hexadecimal  [32-Bits]

Area                                    Addr        Size        Decimal Bytes (Attributes)
--------------------------------        ----        ----        ------- ----- ------------
BSEG_BYTES                          00000020    00000002 =           2. bytes (REL,CON)

      Value  Global                              Global Defined In Module
      -----  --------------------------------   ------------------------
ASxxxx Linker V03.00 + NoICE + sdld,  page 16.
Hexadecimal  [32-Bits]

Area                                    Addr        Size        Decimal Bytes (Attributes)
--------------------------------        ----        ----        ------- ----- ------------
REG_BANK_0                          00000000    00000008 =           8. bytes (REL,OVR)

      Value  Global                              Global Defined In Module
      -----  --------------------------------   ------------------------
ASxxxx Linker V03.00 + NoICE + sdld,  page 17.
Hexadecimal  [32-Bits]

Area                                    Addr        Size        Decimal Bytes (Attributes)
--------------------------------        ----        ----        ------- ----- ------------
DSEG                                00000000    0000007D =         125. bytes (REL,CON)

      Value  Global                              Global Defined In Module
      -----  --------------------------------   ------------------------
     00000008  _vsprintf_PARM_2                   sprintf
     0000000B  _vsprintf_PARM_3                   sprintf
     0000000F  _bp                                _bp
     00000010  _vprintf_PARM_2                    vprintf
     00000022  G$Data2$0$0                        lab5
     00000022  _Data2                             lab5
     00000025  Llab5.lcd_clear$NumBytes$1$85      lab5
     00000026  Llab5.lcd_clear$Cmd$1$85           lab5
     00000028  Llab5.read_keypad$Data$1$86        lab5
     0000002A  Llab5.i2c_write_data$start_reg$1   lab5
     0000002A  _i2c_write_data_PARM_2             lab5
     0000002B  Llab5.i2c_write_data$buffer$1$10   lab5
     0000002B  _i2c_write_data_PARM_3             lab5
     0000002E  Llab5.i2c_write_data$num_bytes$1   lab5
     0000002E  _i2c_write_data_PARM_4             lab5
     0000002F  Llab5.i2c_read_data$start_reg$1$   lab5
     0000002F  _i2c_read_data_PARM_2              lab5
     00000030  Llab5.i2c_read_data$buffer$1$107   lab5
     00000030  _i2c_read_data_PARM_3              lab5
     00000033  Llab5.i2c_read_data$num_bytes$1$   lab5
     00000033  _i2c_read_data_PARM_4              lab5
     00000034  G$counts$0$0                       lab5
     00000034  _counts                            lab5
     00000036  G$new_counts$0$0                   lab5
     00000036  _new_counts                        lab5
     00000038  G$PW_SS$0$0                        lab5
     00000038  _PW_SS                             lab5
     0000003A  G$PW_DM$0$0                        lab5
     0000003A  _PW_DM                             lab5
     0000003C  G$wait_count$0$0                   lab5
     0000003C  _wait_count                        lab5
     0000003E  G$time$0$0                         lab5
     0000003E  _time                              lab5
     00000040  G$gx$0$0                           lab5
     00000040  _gx                                lab5
     00000042  G$gy$0$0                           lab5
     00000042  _gy                                lab5
     00000044  G$x0$0$0                           lab5
     00000044  _x0                                lab5
     00000046  G$y0$0$0                           lab5
     00000046  _y0                                lab5
     00000048  G$ks$0$0                           lab5
     00000048  _ks                                lab5
     0000004A  G$kdx$0$0                          lab5
     0000004A  _kdx                               lab5
     0000004C  G$kdy$0$0                          lab5
     0000004C  _kdy                               lab5
     0000004E  G$ki$0$0                           lab5
     0000004E  _ki                                lab5
     00000050  G$error_sum$0$0                    lab5
ASxxxx Linker V03.00 + NoICE + sdld,  page 18.
Hexadecimal  [32-Bits]

Area                                    Addr        Size        Decimal Bytes (Attributes)
--------------------------------        ----        ----        ------- ----- ------------
DSEG                                00000000    0000007D =         125. bytes (REL,CON)

      Value  Global                              Global Defined In Module
      -----  --------------------------------   ------------------------
     00000050  _error_sum                         lab5
     00000052  G$r_count$0$0                      lab5
     00000052  _r_count                           lab5
     00000053  G$h_count$0$0                      lab5
     00000053  _h_count                           lab5
     00000054  G$num$0$0                          lab5
     00000054  _num                               lab5
     00000055  G$i$0$0                            lab5
     00000055  _i                                 lab5
     00000056  G$Data$0$0                         lab5
     00000056  _Data                              lab5
     00000059  G$keypad$0$0                       lab5
     00000059  _keypad                            lab5
     0000005A  Llab5.ReadAccel$avg_gy$1$157       lab5
     0000005C  Llab5.ReadAccel$status_reg$1$157   lab5
     0000005D  Llab5.ReadAccel$Data$1$157         lab5
     00000061  Llab5.calibration$Data$1$161       lab5
     00000071  __print_format_PARM_2              printf_large
     00000074  __print_format_PARM_3              printf_large
     00000077  __print_format_PARM_4              printf_large

ASxxxx Linker V03.00 + NoICE + sdld,  page 19.
Hexadecimal  [32-Bits]

Area                                    Addr        Size        Decimal Bytes (Attributes)
--------------------------------        ----        ----        ------- ----- ------------
OSEG                                00000011    00000006 =           6. bytes (REL,OVR)

      Value  Global                              Global Defined In Module
      -----  --------------------------------   ------------------------
     00000011  Llab5.aligned_alloc$size$1$26      lab5
     00000011  __divsint_PARM_2                   _divuint
     00000011  __divuint_PARM_2                   _divuint
     00000011  __gptrput_PARM_2                   _gptrput
     00000011  __mulint_PARM_2                    _mulint
     00000011  _aligned_alloc_PARM_2              lab5
ASxxxx Linker V03.00 + NoICE + sdld,  page 20.
Hexadecimal  [32-Bits]

Area                                    Addr        Size        Decimal Bytes (Attributes)
--------------------------------        ----        ----        ------- ----- ------------
ISEG                                00000017    00000006 =           6. bytes (REL,CON)

      Value  Global                              Global Defined In Module
      -----  --------------------------------   ------------------------
ASxxxx Linker V03.00 + NoICE + sdld,  page 21.
Hexadecimal  [32-Bits]

Area                                    Addr        Size        Decimal Bytes (Attributes)
--------------------------------        ----        ----        ------- ----- ------------
SSEG                                0000007F    00000081 =         129. bytes (REL,OVR)

      Value  Global                              Global Defined In Module
      -----  --------------------------------   ------------------------
     0000007F  __start__stack                     lab5

ASxxxx Linker V03.00 + NoICE + sdld,  page 22.
Hexadecimal  [32-Bits]

Area                                    Addr        Size        Decimal Bytes (Attributes)
--------------------------------        ----        ----        ------- ----- ------------
XSEG                                00000001    00000050 =          80. bytes (REL,CON,XDATA)

      Value  Global                              Global Defined In Module
      -----  --------------------------------   ------------------------
D:   00000001  Llab5.lcd_print$text$1$81          lab5

ASxxxx Linker V03.00 + NoICE + sdld,  page 23.
Hexadecimal  [32-Bits]

Area                                    Addr        Size        Decimal Bytes (Attributes)
--------------------------------        ----        ----        ------- ----- ------------
HOME                                00000000    00000051 =          81. bytes (REL,CON,CODE)

      Value  Global                              Global Defined In Module
      -----  --------------------------------   ------------------------
C:   00000000  A$lab5$1132                        lab5
C:   00000003  A$lab5$1133                        lab5
C:   0000000B  A$lab5$1135                        lab5
C:   00000013  A$lab5$1137                        lab5
C:   0000001B  A$lab5$1139                        lab5
C:   00000023  A$lab5$1141                        lab5
C:   0000002B  A$lab5$1143                        lab5
C:   00000033  A$lab5$1145                        lab5
C:   0000003B  A$lab5$1147                        lab5
C:   00000043  A$lab5$1149                        lab5
C:   0000004B  A$lab5$1151                        lab5
C:   0000004E  A$lab5$1178                        lab5
C:   0000004E  __sdcc_program_startup             lab5

ASxxxx Linker V03.00 + NoICE + sdld,  page 24.
Hexadecimal  [32-Bits]

Area                                    Addr        Size        Decimal Bytes (Attributes)
--------------------------------        ----        ----        ------- ----- ------------
GSINIT0                             00000051    00000003 =           3. bytes (REL,CON,CODE)

      Value  Global                              Global Defined In Module
      -----  --------------------------------   ------------------------
C:   00000051  __sdcc_gsinit_startup              

ASxxxx Linker V03.00 + NoICE + sdld,  page 25.
Hexadecimal  [32-Bits]

Area                                    Addr        Size        Decimal Bytes (Attributes)
--------------------------------        ----        ----        ------- ----- ------------
GSINIT2                             00000054    0000000A =          10. bytes (REL,CON,CODE)

      Value  Global                              Global Defined In Module
      -----  --------------------------------   ------------------------
ASxxxx Linker V03.00 + NoICE + sdld,  page 26.
Hexadecimal  [32-Bits]

Area                                    Addr        Size        Decimal Bytes (Attributes)
--------------------------------        ----        ----        ------- ----- ------------
GSINIT3                             0000005E    00000022 =          34. bytes (REL,CON,CODE)

      Value  Global                              Global Defined In Module
      -----  --------------------------------   ------------------------
C:   0000005E  __mcs51_genXINIT                   

ASxxxx Linker V03.00 + NoICE + sdld,  page 27.
Hexadecimal  [32-Bits]

Area                                    Addr        Size        Decimal Bytes (Attributes)
--------------------------------        ----        ----        ------- ----- ------------
GSINIT4                             00000080    0000002A =          42. bytes (REL,CON,CODE)

      Value  Global                              Global Defined In Module
      -----  --------------------------------   ------------------------
C:   00000080  __mcs51_genRAMCLEAR                
C:   00000086  __mcs51_genXRAMCLEAR               

ASxxxx Linker V03.00 + NoICE + sdld,  page 28.
Hexadecimal  [32-Bits]

Area                                    Addr        Size        Decimal Bytes (Attributes)
--------------------------------        ----        ----        ------- ----- ------------
GSINIT                              000000AA    00000005 =           5. bytes (REL,CON,CODE)

      Value  Global                              Global Defined In Module
      -----  --------------------------------   ------------------------
C:   000000AA  A$lab5$1167                        lab5
C:   000000AA  C$lab5.c$30$1$169                  lab5
C:   000000AB  A$lab5$1168                        lab5
C:   000000AD  A$lab5$1169                        lab5

ASxxxx Linker V03.00 + NoICE + sdld,  page 29.
Hexadecimal  [32-Bits]

Area                                    Addr        Size        Decimal Bytes (Attributes)
--------------------------------        ----        ----        ------- ----- ------------
GSFINAL                             000000AF    00000003 =           3. bytes (REL,CON,CODE)

      Value  Global                              Global Defined In Module
      -----  --------------------------------   ------------------------
C:   000000AF  A$lab5$1171                        lab5

ASxxxx Linker V03.00 + NoICE + sdld,  page 30.
Hexadecimal  [32-Bits]

Area                                    Addr        Size        Decimal Bytes (Attributes)
--------------------------------        ----        ----        ------- ----- ------------
CSEG                                000000B2    000013C7 =        5063. bytes (REL,CON,CODE)

      Value  Global                              Global Defined In Module
      -----  --------------------------------   ------------------------
C:   000000B2  A$lab5$1206                        lab5
C:   000000B2  C$c8051_SDCC.h$42$0$0              lab5
C:   000000B2  C$c8051_SDCC.h$46$1$35             lab5
C:   000000B2  G$SYSCLK_Init$0$0                  lab5
C:   000000B2  _SYSCLK_Init                       lab5
C:   000000B5  A$lab5$1209                        lab5
C:   000000B5  C$c8051_SDCC.h$49$1$35             lab5
C:   000000B7  A$lab5$1210                        lab5
C:   000000B9  A$lab5$1212                        lab5
C:   000000BA  A$lab5$1213                        lab5
C:   000000BC  A$lab5$1214                        lab5
C:   000000BD  A$lab5$1215                        lab5
C:   000000BE  A$lab5$1216                        lab5
C:   000000C0  A$lab5$1217                        lab5
C:   000000C1  A$lab5$1218                        lab5
C:   000000C3  A$lab5$1219                        lab5
C:   000000C5  A$lab5$1220                        lab5
C:   000000C6  A$lab5$1221                        lab5
C:   000000C7  A$lab5$1222                        lab5
C:   000000C9  A$lab5$1226                        lab5
C:   000000C9  C$c8051_SDCC.h$51$1$35             lab5
C:   000000CB  A$lab5$1227                        lab5
C:   000000CE  A$lab5$1230                        lab5
C:   000000CE  C$c8051_SDCC.h$53$1$35             lab5
C:   000000D1  A$lab5$1233                        lab5
C:   000000D1  C$c8051_SDCC.h$56$1$35             lab5
C:   000000D1  XG$SYSCLK_Init$0$0                 lab5
C:   000000D2  A$lab5$1246                        lab5
C:   000000D2  C$c8051_SDCC.h$64$1$35             lab5
C:   000000D2  C$c8051_SDCC.h$66$1$37             lab5
C:   000000D2  G$UART0_Init$0$0                   lab5
C:   000000D2  _UART0_Init                        lab5
C:   000000D5  A$lab5$1249                        lab5
C:   000000D5  C$c8051_SDCC.h$67$1$37             lab5
C:   000000D8  A$lab5$1252                        lab5
C:   000000D8  C$c8051_SDCC.h$68$1$37             lab5
C:   000000DB  A$lab5$1255                        lab5
C:   000000DB  C$c8051_SDCC.h$69$1$37             lab5
C:   000000DD  A$lab5$1258                        lab5
C:   000000DD  C$c8051_SDCC.h$70$1$37             lab5
C:   000000E0  A$lab5$1261                        lab5
C:   000000E0  C$c8051_SDCC.h$71$1$37             lab5
C:   000000E3  A$lab5$1264                        lab5
C:   000000E3  C$c8051_SDCC.h$73$1$37             lab5
C:   000000E5  A$lab5$1267                        lab5
C:   000000E5  C$c8051_SDCC.h$74$1$37             lab5
C:   000000E8  A$lab5$1270                        lab5
C:   000000E8  C$c8051_SDCC.h$75$1$37             lab5
C:   000000E8  XG$UART0_Init$0$0                  lab5
C:   000000E9  A$lab5$1283                        lab5
ASxxxx Linker V03.00 + NoICE + sdld,  page 31.
Hexadecimal  [32-Bits]

Area                                    Addr        Size        Decimal Bytes (Attributes)
--------------------------------        ----        ----        ------- ----- ------------
CSEG                                000000B2    000013C7 =        5063. bytes (REL,CON,CODE)

      Value  Global                              Global Defined In Module
      -----  --------------------------------   ------------------------
C:   000000E9  C$c8051_SDCC.h$83$1$37             lab5
C:   000000E9  C$c8051_SDCC.h$85$1$39             lab5
C:   000000E9  G$Sys_Init$0$0                     lab5
C:   000000E9  _Sys_Init                          lab5
C:   000000EC  A$lab5$1286                        lab5
C:   000000EC  C$c8051_SDCC.h$86$1$39             lab5
C:   000000EF  A$lab5$1289                        lab5
C:   000000EF  C$c8051_SDCC.h$88$1$39             lab5
C:   000000F2  A$lab5$1292                        lab5
C:   000000F2  C$c8051_SDCC.h$89$1$39             lab5
C:   000000F5  A$lab5$1295                        lab5
C:   000000F5  C$c8051_SDCC.h$91$1$39             lab5
C:   000000F8  A$lab5$1298                        lab5
C:   000000F8  C$c8051_SDCC.h$92$1$39             lab5
C:   000000FB  A$lab5$1301                        lab5
C:   000000FB  C$c8051_SDCC.h$93$1$39             lab5
C:   000000FB  XG$Sys_Init$0$0                    lab5
C:   000000FC  A$lab5$1314                        lab5
C:   000000FC  C$c8051_SDCC.h$98$1$39             lab5
C:   000000FC  G$putchar$0$0                      lab5
C:   000000FC  _putchar                           lab5
C:   000000FE  A$lab5$1320                        lab5
C:   000000FE  C$c8051_SDCC.h$100$1$41            lab5
C:   000000FE  C$c8051_SDCC.h$101$1$41            lab5
C:   00000101  A$lab5$1321                        lab5
C:   00000103  A$lab5$1325                        lab5
C:   00000103  C$c8051_SDCC.h$102$1$41            lab5
C:   00000105  A$lab5$1328                        lab5
C:   00000105  C$c8051_SDCC.h$103$1$41            lab5
C:   00000105  XG$putchar$0$0                     lab5
C:   00000106  A$lab5$1346                        lab5
C:   00000106  C$c8051_SDCC.h$108$1$41            lab5
C:   00000106  C$c8051_SDCC.h$111$1$43            lab5
C:   00000106  C$c8051_SDCC.h$112$1$43            lab5
C:   00000106  G$getchar$0$0                      lab5
C:   00000106  _getchar                           lab5
C:   00000109  A$lab5$1347                        lab5
C:   0000010B  A$lab5$1351                        lab5
C:   0000010B  C$c8051_SDCC.h$113$1$43            lab5
C:   0000010E  A$lab5$1354                        lab5
C:   0000010E  C$c8051_SDCC.h$114$1$43            lab5
C:   00000111  A$lab5$1357                        lab5
C:   00000111  C$c8051_SDCC.h$115$1$43            lab5
C:   00000114  A$lab5$1360                        lab5
C:   00000114  C$c8051_SDCC.h$116$1$43            lab5
C:   00000114  XG$getchar$0$0                     lab5
C:   00000115  A$lab5$1375                        lab5
C:   00000115  C$c8051_SDCC.h$121$1$43            lab5
C:   00000115  C$c8051_SDCC.h$124$1$45            lab5
C:   00000115  G$getchar_nw$0$0                   lab5
C:   00000115  _getchar_nw                        lab5
ASxxxx Linker V03.00 + NoICE + sdld,  page 32.
Hexadecimal  [32-Bits]

Area                                    Addr        Size        Decimal Bytes (Attributes)
--------------------------------        ----        ----        ------- ----- ------------
CSEG                                000000B2    000013C7 =        5063. bytes (REL,CON,CODE)

      Value  Global                              Global Defined In Module
      -----  --------------------------------   ------------------------
C:   00000118  A$lab5$1376                        lab5
C:   0000011B  A$lab5$1377                        lab5
C:   0000011D  A$lab5$1381                        lab5
C:   0000011D  C$c8051_SDCC.h$127$2$46            lab5
C:   0000011F  A$lab5$1384                        lab5
C:   0000011F  C$c8051_SDCC.h$128$2$46            lab5
C:   00000122  A$lab5$1387                        lab5
C:   00000122  C$c8051_SDCC.h$129$2$46            lab5
C:   00000125  A$lab5$1390                        lab5
C:   00000125  C$c8051_SDCC.h$130$2$46            lab5
C:   00000128  A$lab5$1394                        lab5
C:   00000128  C$c8051_SDCC.h$132$1$45            lab5
C:   00000128  XG$getchar_nw$0$0                  lab5
C:   00000129  A$lab5$1411                        lab5
C:   00000129  C$i2c.h$84$1$45                    lab5
C:   00000129  G$lcd_print$0$0                    lab5
C:   00000129  _lcd_print                         lab5
C:   0000012B  A$lab5$1412                        lab5
C:   0000012E  A$lab5$1415                        lab5
C:   0000012E  C$i2c.h$90$1$81                    lab5
C:   00000130  A$lab5$1416                        lab5
C:   00000132  A$lab5$1417                        lab5
C:   00000133  A$lab5$1418                        lab5
C:   00000135  A$lab5$1419                        lab5
C:   00000136  A$lab5$1420                        lab5
C:   00000138  A$lab5$1421                        lab5
C:   00000139  A$lab5$1422                        lab5
C:   0000013B  A$lab5$1423                        lab5
C:   0000013E  A$lab5$1424                        lab5
C:   00000140  A$lab5$1425                        lab5
C:   00000143  A$lab5$1426                        lab5
C:   00000145  A$lab5$1427                        lab5
C:   00000147  A$lab5$1428                        lab5
C:   00000149  A$lab5$1432                        lab5
C:   00000149  C$i2c.h$92$2$82                    lab5
C:   0000014B  A$lab5$1433                        lab5
C:   0000014D  A$lab5$1434                        lab5
C:   0000014E  A$lab5$1435                        lab5
C:   00000150  A$lab5$1438                        lab5
C:   00000150  C$i2c.h$93$1$81                    lab5
C:   00000152  A$lab5$1439                        lab5
C:   00000154  A$lab5$1440                        lab5
C:   00000155  A$lab5$1441                        lab5
C:   00000157  A$lab5$1442                        lab5
C:   00000158  A$lab5$1443                        lab5
C:   0000015A  A$lab5$1444                        lab5
C:   0000015B  A$lab5$1445                        lab5
C:   0000015D  A$lab5$1446                        lab5
C:   00000160  A$lab5$1447                        lab5
C:   00000163  A$lab5$1448                        lab5
C:   00000166  A$lab5$1451                        lab5
ASxxxx Linker V03.00 + NoICE + sdld,  page 33.
Hexadecimal  [32-Bits]

Area                                    Addr        Size        Decimal Bytes (Attributes)
--------------------------------        ----        ----        ------- ----- ------------
CSEG                                000000B2    000013C7 =        5063. bytes (REL,CON,CODE)

      Value  Global                              Global Defined In Module
      -----  --------------------------------   ------------------------
C:   00000166  C$i2c.h$96$1$81                    lab5
C:   00000169  A$lab5$1452                        lab5
C:   0000016C  A$lab5$1453                        lab5
C:   0000016F  A$lab5$1454                        lab5
C:   00000171  A$lab5$1457                        lab5
C:   00000173  A$lab5$1459                        lab5
C:   00000174  A$lab5$1460                        lab5
C:   00000175  A$lab5$1461                        lab5
C:   00000176  A$lab5$1462                        lab5
C:   00000178  A$lab5$1465                        lab5
C:   00000178  C$i2c.h$99$2$84                    lab5
C:   00000179  A$lab5$1466                        lab5
C:   0000017B  A$lab5$1467                        lab5
C:   0000017D  A$lab5$1468                        lab5
C:   0000017E  A$lab5$1469                        lab5
C:   00000180  A$lab5$1470                        lab5
C:   00000182  A$lab5$1471                        lab5
C:   00000183  A$lab5$1472                        lab5
C:   00000184  A$lab5$1473                        lab5
C:   00000187  A$lab5$1474                        lab5
C:   00000188  A$lab5$1475                        lab5
C:   0000018A  A$lab5$1476                        lab5
C:   0000018C  A$lab5$1477                        lab5
C:   0000018D  A$lab5$1478                        lab5
C:   0000018F  A$lab5$1479                        lab5
C:   00000191  A$lab5$1480                        lab5
C:   00000193  A$lab5$1481                        lab5
C:   00000194  A$lab5$1485                        lab5
C:   00000194  C$i2c.h$97$1$81                    lab5
C:   00000195  A$lab5$1486                        lab5
C:   00000197  A$lab5$1490                        lab5
C:   00000197  C$i2c.h$102$1$81                   lab5
C:   0000019A  A$lab5$1491                        lab5
C:   0000019D  A$lab5$1492                        lab5
C:   000001A0  A$lab5$1493                        lab5
C:   000001A3  A$lab5$1494                        lab5
C:   000001A5  A$lab5$1495                        lab5
C:   000001A8  A$lab5$1496                        lab5
C:   000001AB  A$lab5$1498                        lab5
C:   000001AD  A$lab5$1501                        lab5
C:   000001AD  C$i2c.h$103$1$81                   lab5
C:   000001AD  XG$lcd_print$0$0                   lab5
C:   000001AE  A$lab5$1517                        lab5
C:   000001AE  C$i2c.h$106$1$81                   lab5
C:   000001AE  C$i2c.h$108$1$81                   lab5
C:   000001AE  G$lcd_clear$0$0                    lab5
C:   000001AE  _lcd_clear                         lab5
C:   000001B1  A$lab5$1521                        lab5
C:   000001B1  C$i2c.h$110$1$85                   lab5
C:   000001B3  A$lab5$1522                        lab5
C:   000001B5  A$lab5$1523                        lab5
ASxxxx Linker V03.00 + NoICE + sdld,  page 34.
Hexadecimal  [32-Bits]

Area                                    Addr        Size        Decimal Bytes (Attributes)
--------------------------------        ----        ----        ------- ----- ------------
CSEG                                000000B2    000013C7 =        5063. bytes (REL,CON,CODE)

      Value  Global                              Global Defined In Module
      -----  --------------------------------   ------------------------
C:   000001B7  A$lab5$1524                        lab5
C:   000001BA  A$lab5$1525                        lab5
C:   000001BD  A$lab5$1526                        lab5
C:   000001C0  A$lab5$1527                        lab5
C:   000001C3  A$lab5$1528                        lab5
C:   000001C6  A$lab5$1529                        lab5
C:   000001C9  A$lab5$1530                        lab5
C:   000001CC  A$lab5$1531                        lab5
C:   000001CE  A$lab5$1535                        lab5
C:   000001CE  C$i2c.h$112$1$85                   lab5
C:   000001D1  A$lab5$1538                        lab5
C:   000001D1  C$i2c.h$113$1$85                   lab5
C:   000001D4  A$lab5$1539                        lab5
C:   000001D7  A$lab5$1540                        lab5
C:   000001DA  A$lab5$1541                        lab5
C:   000001DD  A$lab5$1542                        lab5
C:   000001E0  A$lab5$1543                        lab5
C:   000001E3  A$lab5$1544                        lab5
C:   000001E6  A$lab5$1547                        lab5
C:   000001E6  C$i2c.h$114$1$85                   lab5
C:   000001E6  XG$lcd_clear$0$0                   lab5
C:   000001E7  A$lab5$1563                        lab5
C:   000001E7  C$i2c.h$117$1$85                   lab5
C:   000001E7  C$i2c.h$121$1$86                   lab5
C:   000001E7  G$read_keypad$0$0                  lab5
C:   000001E7  _read_keypad                       lab5
C:   000001EA  A$lab5$1564                        lab5
C:   000001ED  A$lab5$1565                        lab5
C:   000001F0  A$lab5$1566                        lab5
C:   000001F3  A$lab5$1567                        lab5
C:   000001F6  A$lab5$1568                        lab5
C:   000001F9  A$lab5$1569                        lab5
C:   000001FC  A$lab5$1572                        lab5
C:   000001FC  C$i2c.h$122$1$86                   lab5
C:   000001FE  A$lab5$1573                        lab5
C:   00000201  A$lab5$1574                        lab5
C:   00000204  A$lab5$1575                        lab5
C:   00000206  A$lab5$1579                        lab5
C:   00000208  A$lab5$1580                        lab5
C:   0000020A  A$lab5$1584                        lab5
C:   0000020A  C$i2c.h$126$2$87                   lab5
C:   0000020C  A$lab5$1585                        lab5
C:   0000020E  A$lab5$1586                        lab5
C:   00000210  A$lab5$1587                        lab5
C:   00000212  A$lab5$1588                        lab5
C:   00000214  A$lab5$1590                        lab5
C:   00000215  A$lab5$1591                        lab5
C:   00000216  A$lab5$1592                        lab5
C:   00000217  A$lab5$1593                        lab5
C:   00000218  A$lab5$1594                        lab5
C:   00000219  A$lab5$1595                        lab5
ASxxxx Linker V03.00 + NoICE + sdld,  page 35.
Hexadecimal  [32-Bits]

Area                                    Addr        Size        Decimal Bytes (Attributes)
--------------------------------        ----        ----        ------- ----- ------------
CSEG                                000000B2    000013C7 =        5063. bytes (REL,CON,CODE)

      Value  Global                              Global Defined In Module
      -----  --------------------------------   ------------------------
C:   0000021A  A$lab5$1597                        lab5
C:   0000021D  A$lab5$1598                        lab5
C:   0000021F  A$lab5$1599                        lab5
C:   00000221  A$lab5$1600                        lab5
C:   00000222  A$lab5$1601                        lab5
C:   00000224  A$lab5$1602                        lab5
C:   00000225  A$lab5$1603                        lab5
C:   00000227  A$lab5$1604                        lab5
C:   00000228  A$lab5$1605                        lab5
C:   00000229  A$lab5$1606                        lab5
C:   0000022B  A$lab5$1609                        lab5
C:   0000022B  C$i2c.h$127$2$87                   lab5
C:   0000022D  A$lab5$1610                        lab5
C:   0000022E  A$lab5$1611                        lab5
C:   00000230  A$lab5$1612                        lab5
C:   00000232  A$lab5$1616                        lab5
C:   00000232  C$i2c.h$124$1$86                   lab5
C:   00000233  A$lab5$1617                        lab5
C:   00000235  A$lab5$1618                        lab5
C:   00000238  A$lab5$1620                        lab5
C:   0000023A  A$lab5$1623                        lab5
C:   0000023A  C$i2c.h$130$1$86                   lab5
C:   0000023C  A$lab5$1624                        lab5
C:   0000023F  A$lab5$1625                        lab5
C:   00000242  A$lab5$1626                        lab5
C:   00000244  A$lab5$1630                        lab5
C:   00000244  C$i2c.h$132$1$86                   lab5
C:   00000246  A$lab5$1631                        lab5
C:   00000249  A$lab5$1632                        lab5
C:   0000024C  A$lab5$1633                        lab5
C:   0000024E  A$lab5$1637                        lab5
C:   0000024E  C$i2c.h$134$1$86                   lab5
C:   00000250  A$lab5$1638                        lab5
C:   00000253  A$lab5$1639                        lab5
C:   00000256  A$lab5$1640                        lab5
C:   00000258  A$lab5$1644                        lab5
C:   00000258  C$i2c.h$136$1$86                   lab5
C:   0000025A  A$lab5$1645                        lab5
C:   0000025D  A$lab5$1646                        lab5
C:   00000260  A$lab5$1647                        lab5
C:   00000262  A$lab5$1651                        lab5
C:   00000262  C$i2c.h$138$1$86                   lab5
C:   00000265  A$lab5$1655                        lab5
C:   00000265  C$i2c.h$139$1$86                   lab5
C:   00000265  XG$read_keypad$0$0                 lab5
C:   00000266  A$lab5$1671                        lab5
C:   00000266  C$i2c.h$151$1$86                   lab5
C:   00000266  G$kpd_input$0$0                    lab5
C:   00000266  _kpd_input                         lab5
C:   00000268  A$lab5$1676                        lab5
C:   00000268  C$i2c.h$156$1$89                   lab5
ASxxxx Linker V03.00 + NoICE + sdld,  page 36.
Hexadecimal  [32-Bits]

Area                                    Addr        Size        Decimal Bytes (Attributes)
--------------------------------        ----        ----        ------- ----- ------------
CSEG                                000000B2    000013C7 =        5063. bytes (REL,CON,CODE)

      Value  Global                              Global Defined In Module
      -----  --------------------------------   ------------------------
C:   00000268  C$i2c.h$159$1$89                   lab5
C:   00000269  A$lab5$1677                        lab5
C:   0000026A  A$lab5$1678                        lab5
C:   0000026B  A$lab5$1679                        lab5
C:   0000026C  A$lab5$1680                        lab5
C:   0000026E  A$lab5$1681                        lab5
C:   00000270  A$lab5$1682                        lab5
C:   00000272  A$lab5$1683                        lab5
C:   00000274  A$lab5$1684                        lab5
C:   00000276  A$lab5$1685                        lab5
C:   00000278  A$lab5$1686                        lab5
C:   0000027A  A$lab5$1687                        lab5
C:   0000027C  A$lab5$1688                        lab5
C:   0000027E  A$lab5$1689                        lab5
C:   00000281  A$lab5$1690                        lab5
C:   00000283  A$lab5$1691                        lab5
C:   00000285  A$lab5$1692                        lab5
C:   00000287  A$lab5$1693                        lab5
C:   00000289  A$lab5$1694                        lab5
C:   0000028B  A$lab5$1698                        lab5
C:   0000028B  C$i2c.h$161$1$89                   lab5
C:   0000028D  A$lab5$1699                        lab5
C:   0000028F  A$lab5$1700                        lab5
C:   00000291  A$lab5$1701                        lab5
C:   00000293  A$lab5$1702                        lab5
C:   00000294  A$lab5$1703                        lab5
C:   00000296  A$lab5$1704                        lab5
C:   00000298  A$lab5$1705                        lab5
C:   0000029A  A$lab5$1706                        lab5
C:   0000029B  A$lab5$1707                        lab5
C:   0000029D  A$lab5$1708                        lab5
C:   0000029F  A$lab5$1709                        lab5
C:   000002A1  A$lab5$1710                        lab5
C:   000002A2  A$lab5$1711                        lab5
C:   000002A4  A$lab5$1712                        lab5
C:   000002A6  A$lab5$1713                        lab5
C:   000002A8  A$lab5$1714                        lab5
C:   000002A9  A$lab5$1715                        lab5
C:   000002AB  A$lab5$1716                        lab5
C:   000002AD  A$lab5$1717                        lab5
C:   000002AF  A$lab5$1718                        lab5
C:   000002B0  A$lab5$1719                        lab5
C:   000002B2  A$lab5$1720                        lab5
C:   000002B4  A$lab5$1721                        lab5
C:   000002B6  A$lab5$1722                        lab5
C:   000002B8  A$lab5$1723                        lab5
C:   000002BA  A$lab5$1724                        lab5
C:   000002BC  A$lab5$1725                        lab5
C:   000002BE  A$lab5$1726                        lab5
C:   000002C1  A$lab5$1727                        lab5
C:   000002C3  A$lab5$1728                        lab5
ASxxxx Linker V03.00 + NoICE + sdld,  page 37.
Hexadecimal  [32-Bits]

Area                                    Addr        Size        Decimal Bytes (Attributes)
--------------------------------        ----        ----        ------- ----- ------------
CSEG                                000000B2    000013C7 =        5063. bytes (REL,CON,CODE)

      Value  Global                              Global Defined In Module
      -----  --------------------------------   ------------------------
C:   000002C5  A$lab5$1729                        lab5
C:   000002C7  A$lab5$1732                        lab5
C:   000002C7  C$i2c.h$163$1$89                   lab5
C:   000002CA  A$lab5$1733                        lab5
C:   000002CD  A$lab5$1734                        lab5
C:   000002CE  A$lab5$1735                        lab5
C:   000002D1  A$lab5$1736                        lab5
C:   000002D3  A$lab5$1737                        lab5
C:   000002D5  A$lab5$1740                        lab5
C:   000002D7  A$lab5$1744                        lab5
C:   000002D7  C$i2c.h$169$3$92                   lab5
C:   000002D9  A$lab5$1745                        lab5
C:   000002DB  A$lab5$1746                        lab5
C:   000002DD  A$lab5$1747                        lab5
C:   000002E0  A$lab5$1748                        lab5
C:   000002E2  A$lab5$1749                        lab5
C:   000002E4  A$lab5$1750                        lab5
C:   000002E6  A$lab5$1751                        lab5
C:   000002E8  A$lab5$1752                        lab5
C:   000002EA  A$lab5$1753                        lab5
C:   000002ED  A$lab5$1754                        lab5
C:   000002EF  A$lab5$1756                        lab5
C:   000002F2  A$lab5$1758                        lab5
C:   000002F5  A$lab5$1759                        lab5
C:   000002F6  A$lab5$1760                        lab5
C:   000002F8  A$lab5$1761                        lab5
C:   000002FA  A$lab5$1762                        lab5
C:   000002FC  A$lab5$1763                        lab5
C:   000002FE  A$lab5$1764                        lab5
[...]
C:   00000945  A$lab5$3217                        lab5
ASxxxx Linker V03.00 + NoICE + sdld,  page 58.
Hexadecimal  [32-Bits]

Area                                    Addr        Size        Decimal Bytes (Attributes)
--------------------------------        ----        ----        ------- ----- ------------
CSEG                                000000B2    000013C7 =        5063. bytes (REL,CON,CODE)

      Value  Global                              Global Defined In Module
      -----  --------------------------------   ------------------------
C:   00000947  A$lab5$3218                        lab5
C:   00000949  A$lab5$3219                        lab5
C:   0000094A  A$lab5$3220                        lab5
C:   0000094B  A$lab5$3221                        lab5
C:   0000094D  A$lab5$3222                        lab5
C:   0000094F  A$lab5$3223                        lab5
C:   00000950  A$lab5$3224                        lab5
C:   00000952  A$lab5$3227                        lab5
C:   00000952  C$lab5.c$207$1$165                 lab5
C:   00000955  A$lab5$3228                        lab5
C:   00000958  A$lab5$3229                        lab5
C:   0000095B  A$lab5$3230                        lab5
C:   0000095E  A$lab5$3231                        lab5
C:   00000961  A$lab5$3232                        lab5
C:   00000964  A$lab5$3233                        lab5
C:   00000967  A$lab5$3234                        lab5
C:   0000096A  A$lab5$3235                        lab5
C:   0000096D  A$lab5$3236                        lab5
C:   00000970  A$lab5$3237                        lab5
C:   00000972  A$lab5$3238                        lab5
C:   00000975  A$lab5$3239                        lab5
C:   00000977  A$lab5$3240                        lab5
C:   00000979  A$lab5$3241                        lab5
C:   0000097B  A$lab5$3242                        lab5
C:   0000097D  A$lab5$3243                        lab5
C:   0000097F  A$lab5$3246                        lab5
C:   0000097F  C$lab5.c$208$1$165                 lab5
C:   00000982  A$lab5$3247                        lab5
C:   00000985  A$lab5$3248                        lab5
C:   00000988  A$lab5$3249                        lab5
C:   0000098B  A$lab5$3250                        lab5
C:   0000098E  A$lab5$3251                        lab5
C:   00000991  A$lab5$3252                        lab5
C:   00000994  A$lab5$3253                        lab5
C:   00000997  A$lab5$3254                        lab5
C:   0000099A  A$lab5$3255                        lab5
C:   0000099D  A$lab5$3256                        lab5
C:   000009A0  A$lab5$3257                        lab5
C:   000009A2  A$lab5$3258                        lab5
C:   000009A4  A$lab5$3259                        lab5
C:   000009A6  A$lab5$3260                        lab5
C:   000009A7  A$lab5$3261                        lab5
C:   000009A8  A$lab5$3262                        lab5
C:   000009AA  A$lab5$3263                        lab5
C:   000009AC  A$lab5$3264                        lab5
C:   000009AD  A$lab5$3265                        lab5
C:   000009AF  A$lab5$3268                        lab5
C:   000009AF  C$lab5.c$211$1$165                 lab5
C:   000009B0  A$lab5$3269                        lab5
C:   000009B2  A$lab5$3270                        lab5
C:   000009B4  A$lab5$3271                        lab5
ASxxxx Linker V03.00 + NoICE + sdld,  page 59.
Hexadecimal  [32-Bits]

Area                                    Addr        Size        Decimal Bytes (Attributes)
--------------------------------        ----        ----        ------- ----- ------------
CSEG                                000000B2    000013C7 =        5063. bytes (REL,CON,CODE)

      Value  Global                              Global Defined In Module
      -----  --------------------------------   ------------------------
C:   000009B6  A$lab5$3272                        lab5
C:   000009B8  A$lab5$3273                        lab5
C:   000009BA  A$lab5$3276                        lab5
C:   000009BA  C$lab5.c$212$1$165                 lab5
C:   000009BD  A$lab5$3277                        lab5
C:   000009C0  A$lab5$3281                        lab5
C:   000009C0  C$lab5.c$213$1$165                 lab5
C:   000009C1  A$lab5$3282                        lab5
C:   000009C3  A$lab5$3283                        lab5
C:   000009C5  A$lab5$3284                        lab5
C:   000009C7  A$lab5$3285                        lab5
C:   000009C9  A$lab5$3286                        lab5
C:   000009CB  A$lab5$3289                        lab5
C:   000009CB  C$lab5.c$214$1$165                 lab5
C:   000009CE  A$lab5$3290                        lab5
C:   000009D1  A$lab5$3294                        lab5
C:   000009D1  C$lab5.c$215$1$165                 lab5
C:   000009D2  A$lab5$3295                        lab5
C:   000009D4  A$lab5$3296                        lab5
C:   000009D6  A$lab5$3297                        lab5
C:   000009D8  A$lab5$3298                        lab5
C:   000009DA  A$lab5$3299                        lab5
C:   000009DC  A$lab5$3302                        lab5
C:   000009DC  C$lab5.c$216$1$165                 lab5
C:   000009DF  A$lab5$3303                        lab5
C:   000009E2  A$lab5$3307                        lab5
C:   000009E2  C$lab5.c$217$1$165                 lab5
C:   000009E3  A$lab5$3308                        lab5
C:   000009E5  A$lab5$3309                        lab5
C:   000009E7  A$lab5$3310                        lab5
C:   000009E9  A$lab5$3311                        lab5
C:   000009EB  A$lab5$3312                        lab5
C:   000009ED  A$lab5$3315                        lab5
C:   000009ED  C$lab5.c$218$1$165                 lab5
C:   000009F0  A$lab5$3316                        lab5
C:   000009F3  A$lab5$3320                        lab5
C:   000009F3  C$lab5.c$220$1$165                 lab5
C:   000009F5  A$lab5$3321                        lab5
C:   000009F7  A$lab5$3322                        lab5
C:   000009F8  A$lab5$3323                        lab5
C:   000009F9  A$lab5$3324                        lab5
C:   000009FA  A$lab5$3325                        lab5
C:   000009FB  A$lab5$3326                        lab5
C:   000009FC  A$lab5$3327                        lab5
C:   000009FD  A$lab5$3328                        lab5
C:   000009FE  A$lab5$3329                        lab5
C:   000009FF  A$lab5$3330                        lab5
C:   00000A00  A$lab5$3331                        lab5
C:   00000A02  A$lab5$3332                        lab5
C:   00000A03  A$lab5$3333                        lab5
C:   00000A04  A$lab5$3334                        lab5
ASxxxx Linker V03.00 + NoICE + sdld,  page 60.
Hexadecimal  [32-Bits]

Area                                    Addr        Size        Decimal Bytes (Attributes)
--------------------------------        ----        ----        ------- ----- ------------
CSEG                                000000B2    000013C7 =        5063. bytes (REL,CON,CODE)

      Value  Global                              Global Defined In Module
      -----  --------------------------------   ------------------------
C:   00000A05  A$lab5$3335                        lab5
C:   00000A07  A$lab5$3336                        lab5
C:   00000A09  A$lab5$3339                        lab5
C:   00000A09  C$lab5.c$221$1$165                 lab5
C:   00000A0B  A$lab5$3340                        lab5
C:   00000A0D  A$lab5$3341                        lab5
C:   00000A0E  A$lab5$3342                        lab5
C:   00000A0F  A$lab5$3343                        lab5
C:   00000A10  A$lab5$3344                        lab5
C:   00000A11  A$lab5$3345                        lab5
C:   00000A12  A$lab5$3346                        lab5
C:   00000A13  A$lab5$3347                        lab5
C:   00000A14  A$lab5$3348                        lab5
C:   00000A15  A$lab5$3349                        lab5
C:   00000A16  A$lab5$3350                        lab5
C:   00000A18  A$lab5$3351                        lab5
C:   00000A19  A$lab5$3352                        lab5
C:   00000A1A  A$lab5$3353                        lab5
C:   00000A1B  A$lab5$3354                        lab5
C:   00000A1D  A$lab5$3355                        lab5
C:   00000A1F  A$lab5$3358                        lab5
C:   00000A1F  C$lab5.c$222$1$165                 lab5
C:   00000A1F  XG$Drive$0$0                       lab5
C:   00000A20  A$lab5$3371                        lab5
C:   00000A20  C$lab5.c$224$1$165                 lab5
C:   00000A20  C$lab5.c$225$1$167                 lab5
C:   00000A20  G$SteeringGain$0$0                 lab5
C:   00000A20  _SteeringGain                      lab5
C:   00000A23  A$lab5$3374                        lab5
C:   00000A23  C$lab5.c$226$1$167                 lab5
C:   00000A25  A$lab5$3375                        lab5
C:   00000A27  A$lab5$3376                        lab5
C:   00000A29  A$lab5$3377                        lab5
C:   00000A2B  A$lab5$3378                        lab5
C:   00000A2D  A$lab5$3379                        lab5
C:   00000A2F  A$lab5$3380                        lab5
C:   00000A32  A$lab5$3381                        lab5
C:   00000A34  A$lab5$3382                        lab5
C:   00000A36  A$lab5$3383                        lab5
C:   00000A38  A$lab5$3387                        lab5
C:   00000A38  C$lab5.c$229$1$167                 lab5
C:   00000A3B  A$lab5$3388                        lab5
C:   00000A3D  A$lab5$3389                        lab5
C:   00000A40  A$lab5$3390                        lab5
C:   00000A42  A$lab5$3394                        lab5
C:   00000A42  C$lab5.c$230$1$167                 lab5
C:   00000A45  A$lab5$3395                        lab5
C:   00000A48  A$lab5$3398                        lab5
C:   00000A48  C$lab5.c$231$1$167                 lab5
C:   00000A4A  A$lab5$3399                        lab5
C:   00000A4C  A$lab5$3400                        lab5
ASxxxx Linker V03.00 + NoICE + sdld,  page 61.
Hexadecimal  [32-Bits]

Area                                    Addr        Size        Decimal Bytes (Attributes)
--------------------------------        ----        ----        ------- ----- ------------
CSEG                                000000B2    000013C7 =        5063. bytes (REL,CON,CODE)

      Value  Global                              Global Defined In Module
      -----  --------------------------------   ------------------------
C:   00000A4D  A$lab5$3401                        lab5
C:   00000A4F  A$lab5$3402                        lab5
C:   00000A50  A$lab5$3403                        lab5
C:   00000A51  A$lab5$3404                        lab5
C:   00000A53  A$lab5$3405                        lab5
C:   00000A55  A$lab5$3406                        lab5
C:   00000A57  A$lab5$3407                        lab5
C:   00000A59  A$lab5$3408                        lab5
C:   00000A5B  A$lab5$3409                        lab5
C:   00000A5C  A$lab5$3410                        lab5
C:   00000A5E  A$lab5$3413                        lab5
C:   00000A5E  C$lab5.c$233$1$167                 lab5
C:   00000A60  A$lab5$3414                        lab5
C:   00000A62  A$lab5$3415                        lab5
C:   00000A64  A$lab5$3416                        lab5
C:   00000A66  A$lab5$3417                        lab5
C:   00000A68  A$lab5$3418                        lab5
C:   00000A6A  A$lab5$3419                        lab5
C:   00000A6C  A$lab5$3420                        lab5
C:   00000A6E  A$lab5$3421                        lab5
C:   00000A71  A$lab5$3422                        lab5
C:   00000A73  A$lab5$3423                        lab5
C:   00000A75  A$lab5$3424                        lab5
C:   00000A77  A$lab5$3427                        lab5
C:   00000A77  C$lab5.c$236$1$167                 lab5
C:   00000A77  XG$SteeringGain$0$0                lab5
C:   00000A78  A$lab5$3442                        lab5
C:   00000A78  C$lab5.c$238$1$167                 lab5
C:   00000A78  C$lab5.c$240$1$169                 lab5
C:   00000A78  G$DriveGain$0$0                    lab5
C:   00000A78  _DriveGain                         lab5
C:   00000A7B  A$lab5$3443                        lab5
C:   00000A7E  A$lab5$3446                        lab5
C:   00000A7E  C$lab5.c$241$1$169                 lab5
C:   00000A80  A$lab5$3447                        lab5
C:   00000A83  A$lab5$3448                        lab5
C:   00000A84  A$lab5$3449                        lab5
C:   00000A86  A$lab5$3450                        lab5
C:   00000A89  A$lab5$3451                        lab5
C:   00000A8C  A$lab5$3452                        lab5
C:   00000A8F  A$lab5$3453                        lab5
C:   00000A92  A$lab5$3454                        lab5
C:   00000A94  A$lab5$3455                        lab5
C:   00000A96  A$lab5$3458                        lab5
C:   00000A96  C$lab5.c$242$1$169                 lab5
C:   00000A98  A$lab5$3459                        lab5
C:   00000A9A  A$lab5$3460                        lab5
C:   00000A9C  A$lab5$3461                        lab5
C:   00000A9E  A$lab5$3462                        lab5
C:   00000AA0  A$lab5$3465                        lab5
C:   00000AA0  C$lab5.c$244$1$169                 lab5
ASxxxx Linker V03.00 + NoICE + sdld,  page 62.
Hexadecimal  [32-Bits]

Area                                    Addr        Size        Decimal Bytes (Attributes)
--------------------------------        ----        ----        ------- ----- ------------
CSEG                                000000B2    000013C7 =        5063. bytes (REL,CON,CODE)

      Value  Global                              Global Defined In Module
      -----  --------------------------------   ------------------------
C:   00000AA0  XG$DriveGain$0$0                   lab5
C:   00000AA1  ___fsmul                           _fsmul
C:   00000B44  fsgetargs                          _fsget2args
C:   00000B72  fs_normalize_a                     _fsnormalize
C:   00000BA5  __gptrput                          _gptrput
C:   00000BC0  _abs                               abs
C:   00000BCD  __mulint                           _mulint
C:   00000BCD  __mulint_dummy                     _mulint
C:   00000C5A  _vsprintf                          sprintf
C:   00000C97  _sprintf                           sprintf
C:   00000CE5  __divuint                          _divuint
C:   00000D0E  ___fs2uint                         _fs2uint
C:   00000D19  fs_round_and_return                _fsreturnval
C:   00000D31  fs_zerocheck_return                _fsreturnval
C:   00000D3A  fs_return_zero                     _fsreturnval
C:   00000D42  fs_direct_return                   _fsreturnval
C:   00000D50  fs_return_inf                      _fsreturnval
C:   00000D5D  fs_return_nan                      _fsreturnval
C:   00000D73  _vprintf                           vprintf
C:   00000D8C  _printf                            vprintf
C:   00000E63  __print_format                     printf_large
C:   0000136F  _strlen                            _strlen
C:   00001387  __gptrget                          _gptrget
C:   000013A3  ___uchar2fs                        _uchar2fs
C:   000013AE  ___ulong2fs                        _ulong2fs
C:   000013B7  ulong2fs_doit                      _ulong2fs
C:   000013C1  __divsint                          _divsint
C:   000013F9  __sdcc_external_startup            _startup
C:   000013FD  ___fs2ulong                        _fs2ulong
C:   000013FF  fs2ulong_begin                     _fs2ulong
C:   00001424  fs_rshift_a                        _fsrshift
C:   00001467  fsgetarg                           _fsget1arg

ASxxxx Linker V03.00 + NoICE + sdld,  page 63.
Hexadecimal  [32-Bits]

Area                                    Addr        Size        Decimal Bytes (Attributes)
--------------------------------        ----        ----        ------- ----- ------------
CONST                               00001479    000000F8 =         248. bytes (REL,CON,CODE)

      Value  Global                              Global Defined In Module
      -----  --------------------------------   ------------------------
C:   00001479  Flab5$__str_0$0$0                  lab5
C:   0000148F  Flab5$__str_1$0$0                  lab5
C:   0000149F  Flab5$__str_2$0$0                  lab5
C:   000014A2  Flab5$__str_3$0$0                  lab5
C:   000014AA  Flab5$__str_4$0$0                  lab5
C:   000014BD  Flab5$__str_5$0$0                  lab5
C:   000014EC  Flab5$__str_6$0$0                  lab5
C:   0000151B  Flab5$__str_7$0$0                  lab5
C:   00001541  Flab5$__str_8$0$0                  lab5
C:   0000155C  Flab5$__str_9$0$0                  lab5

ASxxxx Linker V03.00 + NoICE + sdld,  page 64.

Files Linked                              [ module(s) ]

C:\Users\Victor\Documents\RPI\LITEC\lab5\lab5.rel
                                          [  ]


Libraries Linked                          [ object file ]

C:\Program Files\SDCC\bin\..\lib\small/libfloat.lib
                                          [ _fsmul.rel ]
C:\Program Files\SDCC\bin\..\lib\small/libfloat.lib
                                          [ _fsget2args.rel ]
C:\Program Files\SDCC\bin\..\lib\small/mcs51.lib
                                          [ crtclear.rel ]
C:\Program Files\SDCC\bin\..\lib\small/libfloat.lib
                                          [ _fsnormalize.rel ]
C:\Program Files\SDCC\bin\..\lib\small/mcs51.lib
                                          [ crtxinit.rel ]
C:\Program Files\SDCC\bin\..\lib\small/libsdcc.lib
                                          [ _gptrput.rel ]
C:\Program Files\SDCC\bin\..\lib\small/libsdcc.lib
                                          [ abs.rel ]
C:\Program Files\SDCC\bin\..\lib\small/libint.lib
                                          [ _mulint.rel ]
C:\Program Files\SDCC\bin\..\lib\small/libsdcc.lib
                                          [ sprintf.rel ]
C:\Program Files\SDCC\bin\..\lib\small/mcs51.lib
                                          [ crtxclear.rel ]
C:\Program Files\SDCC\bin\..\lib\small/libint.lib
                                          [ _divuint.rel ]
C:\Program Files\SDCC\bin\..\lib\small/libfloat.lib
                                          [ _fs2uint.rel ]
C:\Program Files\SDCC\bin\..\lib\small/libfloat.lib
                                          [ _fsreturnval.rel ]
C:\Program Files\SDCC\bin\..\lib\small/libsdcc.lib
                                          [ _bp.rel ]
C:\Program Files\SDCC\bin\..\lib\small/libsdcc.lib
                                          [ vprintf.rel ]
C:\Program Files\SDCC\bin\..\lib\small/libsdcc.lib
                                          [ printf_large.rel ]
C:\Program Files\SDCC\bin\..\lib\small/libsdcc.lib
                                          [ _strlen.rel ]
C:\Program Files\SDCC\bin\..\lib\small/mcs51.lib
                                          [ crtstart.rel ]
C:\Program Files\SDCC\bin\..\lib\small/libsdcc.lib
                                          [ _gptrget.rel ]
C:\Program Files\SDCC\bin\..\lib\small/libfloat.lib
                                          [ _uchar2fs.rel ]
C:\Program Files\SDCC\bin\..\lib\small/libfloat.lib
                                          [ _ulong2fs.rel ]
C:\Program Files\SDCC\bin\..\lib\small/libint.lib
                                          [ _divsint.rel ]
C:\Program Files\SDCC\bin\..\lib\small/libsdcc.lib
                                          [ _startup.rel ]
C:\Program Files\SDCC\bin\..\lib\small/libfloat.lib
                                          [ _fs2ulong.rel ]
C:\Program Files\SDCC\bin\..\lib\small/libfloat.lib
                                          [ _fsrshift.rel ]
C:\Program Files\SDCC\bin\..\lib\small/libfloat.lib
                                          [ _fsget1arg.rel ]

ASxxxx Linker V03.00 + NoICE + sdld,  page 65.

User Base Address Definitions

HOME = 0x0000
XSEG = 0x0001
PSEG = 0x0001
ISEG = 0x0000
BSEG = 0x0000

