ASxxxx Linker V03.00 + NoICE + sdld,  page 1.
Hexadecimal  [32-Bits]

Area                                    Addr        Size        Decimal Bytes (Attributes)
--------------------------------        ----        ----        ------- ----- ------------
CABS                                00000000    00000000 =           0. bytes (ABS,CON,CODE)

      Value  Global                              Global Defined In Module
      -----  --------------------------------   ------------------------
C:   00000000  l_BIT_BANK                      
C:   00000000  l_CABS                          
C:   00000000  l_GSINIT                        
C:   00000000  l_GSINIT1                       
C:   00000000  l_GSINIT5                       
C:   00000000  l_IABS                          
C:   00000000  l_PSEG                          
C:   00000000  l_REG_BANK_1                    
C:   00000000  l_REG_BANK_2                    
C:   00000000  l_REG_BANK_3                    
C:   00000000  l_RSEG                          
C:   00000000  l_RSEG0                         
C:   00000000  l_RSEG1                         
C:   00000000  l_XABS                          
C:   00000000  l_XINIT                         
C:   00000000  l_XISEG                         
C:   00000000  l__CODE                         
C:   00000000  s_BSEG                          
C:   00000000  s_CABS                          
C:   00000000  s_DSEG                          
C:   00000000  s_HOME                          
C:   00000000  s_IABS                          
C:   00000000  s_REG_BANK_0                    
C:   00000000  s_RSEG                          
C:   00000000  s_RSEG0                         
C:   00000000  s_RSEG1                         
C:   00000000  s_XABS                          
C:   00000001  s_PSEG                          
C:   00000001  s_XSEG                          
C:   00000002  l_BSEG_BYTES                    
C:   00000003  l_GSFINAL                       
C:   00000003  l_GSINIT0                       
C:   00000006  l_ISEG                          
C:   00000006  l_OSEG                          
C:   00000008  l_REG_BANK_0                    
C:   00000008  s_REG_BANK_1                    
C:   0000000A  l_BSEG                          
C:   0000000A  l_GSINIT2                       
C:   00000010  s_REG_BANK_2                    
C:   00000018  s_BIT_BANK                      
C:   00000018  s_REG_BANK_3                    
C:   00000020  s_BSEG_BYTES                    
C:   00000020  s__CODE                         
C:   00000022  l_GSINIT3                       
C:   0000002A  l_GSINIT4                       
C:   00000045  s_OSEG                          
C:   0000004B  s_ISEG                          
C:   00000050  l_XSEG                          
C:   00000051  l_HOME                          
C:   00000051  s_GSINIT0                       
ASxxxx Linker V03.00 + NoICE + sdld,  page 2.
Hexadecimal  [32-Bits]

Area                                    Addr        Size        Decimal Bytes (Attributes)
--------------------------------        ----        ----        ------- ----- ------------
CABS                                00000000    00000000 =           0. bytes (ABS,CON,CODE)

      Value  Global                              Global Defined In Module
      -----  --------------------------------   ------------------------
C:   00000051  s_SSEG                          
C:   00000051  s_XISEG                         
C:   00000054  s_GSINIT1                       
C:   00000054  s_GSINIT2                       
C:   0000005E  s_GSINIT3                       
C:   00000080  l_DSEG                          
C:   00000080  s_GSINIT4                       
C:   000000AA  s_GSFINAL                       
C:   000000AA  s_GSINIT                        
C:   000000AA  s_GSINIT5                       
C:   000000AD  s_CSEG                          
C:   000000AF  l_SSEG                          
C:   000000DE  l_CONST                         
C:   00000100  l_IRAM                          
C:   00000DE9  l_CSEG                          
C:   00000E96  s_CONST                         
C:   00000F74  s_XINIT                         

ASxxxx Linker V03.00 + NoICE + sdld,  page 3.
Hexadecimal  [32-Bits]

Area                                    Addr        Size        Decimal Bytes (Attributes)
--------------------------------        ----        ----        ------- ----- ------------
.  .ABS.                            00000000    00000000 =           0. bytes (ABS,CON)

      Value  Global                              Global Defined In Module
      -----  --------------------------------   ------------------------
     00000000  .__.ABS.                           _startup
     00000080  G$P0$0$0                           kpdlcdtestPCA
     00000080  G$P0_0$0$0                         kpdlcdtestPCA
     00000080  _P0                                kpdlcdtestPCA
     00000080  _P0_0                              kpdlcdtestPCA
     00000081  G$P0_1$0$0                         kpdlcdtestPCA
     00000081  G$SP$0$0                           kpdlcdtestPCA
     00000081  _P0_1                              kpdlcdtestPCA
     00000081  _SP                                kpdlcdtestPCA
     00000082  G$DPL$0$0                          kpdlcdtestPCA
     00000082  G$P0_2$0$0                         kpdlcdtestPCA
     00000082  _DPL                               kpdlcdtestPCA
     00000082  _P0_2                              kpdlcdtestPCA
     00000083  G$BUS_SCL$0$0                      kpdlcdtestPCA
     00000083  G$DPH$0$0                          kpdlcdtestPCA
     00000083  G$P0_3$0$0                         kpdlcdtestPCA
     00000083  _BUS_SCL                           kpdlcdtestPCA
     00000083  _DPH                               kpdlcdtestPCA
     00000083  _P0_3                              kpdlcdtestPCA
     00000084  G$P0_4$0$0                         kpdlcdtestPCA
     00000084  G$P4$0$0                           kpdlcdtestPCA
     00000084  _P0_4                              kpdlcdtestPCA
     00000084  _P4                                kpdlcdtestPCA
     00000085  G$P0_5$0$0                         kpdlcdtestPCA
     00000085  G$P5$0$0                           kpdlcdtestPCA
     00000085  _P0_5                              kpdlcdtestPCA
     00000085  _P5                                kpdlcdtestPCA
     00000086  G$P0_6$0$0                         kpdlcdtestPCA
     00000086  G$P6$0$0                           kpdlcdtestPCA
     00000086  _P0_6                              kpdlcdtestPCA
     00000086  _P6                                kpdlcdtestPCA
     00000087  G$P0_7$0$0                         kpdlcdtestPCA
     00000087  G$PCON$0$0                         kpdlcdtestPCA
     00000087  _P0_7                              kpdlcdtestPCA
     00000087  _PCON                              kpdlcdtestPCA
     00000088  G$IT0$0$0                          kpdlcdtestPCA
     00000088  G$TCON$0$0                         kpdlcdtestPCA
     00000088  _IT0                               kpdlcdtestPCA
     00000088  _TCON                              kpdlcdtestPCA
     00000089  G$IE0$0$0                          kpdlcdtestPCA
     00000089  G$TMOD$0$0                         kpdlcdtestPCA
     00000089  _IE0                               kpdlcdtestPCA
     00000089  _TMOD                              kpdlcdtestPCA
     0000008A  G$IT1$0$0                          kpdlcdtestPCA
     0000008A  G$TL0$0$0                          kpdlcdtestPCA
     0000008A  _IT1                               kpdlcdtestPCA
     0000008A  _TL0                               kpdlcdtestPCA
     0000008B  G$IE1$0$0                          kpdlcdtestPCA
     0000008B  G$TL1$0$0                          kpdlcdtestPCA
     0000008B  _IE1                               kpdlcdtestPCA
ASxxxx Linker V03.00 + NoICE + sdld,  page 4.
Hexadecimal  [32-Bits]

Area                                    Addr        Size        Decimal Bytes (Attributes)
--------------------------------        ----        ----        ------- ----- ------------
.  .ABS.                            00000000    00000000 =           0. bytes (ABS,CON)

      Value  Global                              Global Defined In Module
      -----  --------------------------------   ------------------------
     0000008B  _TL1                               kpdlcdtestPCA
     0000008C  G$TH0$0$0                          kpdlcdtestPCA
     0000008C  G$TR0$0$0                          kpdlcdtestPCA
     0000008C  _TH0                               kpdlcdtestPCA
     0000008C  _TR0                               kpdlcdtestPCA
     0000008D  G$TF0$0$0                          kpdlcdtestPCA
     0000008D  G$TH1$0$0                          kpdlcdtestPCA
     0000008D  _TF0                               kpdlcdtestPCA
     0000008D  _TH1                               kpdlcdtestPCA
     0000008E  G$CKCON$0$0                        kpdlcdtestPCA
     0000008E  G$TR1$0$0                          kpdlcdtestPCA
     0000008E  _CKCON                             kpdlcdtestPCA
     0000008E  _TR1                               kpdlcdtestPCA
     0000008F  G$PSCTL$0$0                        kpdlcdtestPCA
     0000008F  G$TF1$0$0                          kpdlcdtestPCA
     0000008F  _PSCTL                             kpdlcdtestPCA
     0000008F  _TF1                               kpdlcdtestPCA
     00000090  G$P1$0$0                           kpdlcdtestPCA
     00000090  G$P1_0$0$0                         kpdlcdtestPCA
     00000090  _P1                                kpdlcdtestPCA
     00000090  _P1_0                              kpdlcdtestPCA
     00000091  G$P1_1$0$0                         kpdlcdtestPCA
     00000091  G$TMR3CN$0$0                       kpdlcdtestPCA
     00000091  _P1_1                              kpdlcdtestPCA
     00000091  _TMR3CN                            kpdlcdtestPCA
     00000092  G$P1_2$0$0                         kpdlcdtestPCA
     00000092  G$TMR3RLL$0$0                      kpdlcdtestPCA
     00000092  _P1_2                              kpdlcdtestPCA
     00000092  _TMR3RLL                           kpdlcdtestPCA
     00000093  G$P1_3$0$0                         kpdlcdtestPCA
     00000093  G$TMR3RLH$0$0                      kpdlcdtestPCA
     00000093  _P1_3                              kpdlcdtestPCA
     00000093  _TMR3RLH                           kpdlcdtestPCA
     00000094  G$P1_4$0$0                         kpdlcdtestPCA
     00000094  G$TMR3L$0$0                        kpdlcdtestPCA
     00000094  _P1_4                              kpdlcdtestPCA
     00000094  _TMR3L                             kpdlcdtestPCA
     00000095  G$P1_5$0$0                         kpdlcdtestPCA
     00000095  G$TMR3H$0$0                        kpdlcdtestPCA
     00000095  _P1_5                              kpdlcdtestPCA
     00000095  _TMR3H                             kpdlcdtestPCA
     00000096  G$P1_6$0$0                         kpdlcdtestPCA
     00000096  G$P7$0$0                           kpdlcdtestPCA
     00000096  _P1_6                              kpdlcdtestPCA
     00000096  _P7                                kpdlcdtestPCA
     00000097  G$P1_7$0$0                         kpdlcdtestPCA
     00000097  _P1_7                              kpdlcdtestPCA
     00000098  G$RI$0$0                           kpdlcdtestPCA
     00000098  G$RI0$0$0                          kpdlcdtestPCA
     00000098  G$SCON$0$0                         kpdlcdtestPCA
     00000098  G$SCON0$0$0                        kpdlcdtestPCA
ASxxxx Linker V03.00 + NoICE + sdld,  page 5.
Hexadecimal  [32-Bits]

Area                                    Addr        Size        Decimal Bytes (Attributes)
--------------------------------        ----        ----        ------- ----- ------------
.  .ABS.                            00000000    00000000 =           0. bytes (ABS,CON)

      Value  Global                              Global Defined In Module
      -----  --------------------------------   ------------------------
     00000098  _RI                                kpdlcdtestPCA
     00000098  _RI0                               kpdlcdtestPCA
     00000098  _SCON                              kpdlcdtestPCA
     00000098  _SCON0                             kpdlcdtestPCA
     00000099  G$SBUF$0$0                         kpdlcdtestPCA
     00000099  G$SBUF0$0$0                        kpdlcdtestPCA
     00000099  G$TI$0$0                           kpdlcdtestPCA
     00000099  G$TI0$0$0                          kpdlcdtestPCA
     00000099  _SBUF                              kpdlcdtestPCA
     00000099  _SBUF0                             kpdlcdtestPCA
     00000099  _TI                                kpdlcdtestPCA
     00000099  _TI0                               kpdlcdtestPCA
     0000009A  G$RB8$0$0                          kpdlcdtestPCA
     0000009A  G$RB80$0$0                         kpdlcdtestPCA
     0000009A  G$SPI0CFG$0$0                      kpdlcdtestPCA
     0000009A  _RB8                               kpdlcdtestPCA
     0000009A  _RB80                              kpdlcdtestPCA
     0000009A  _SPI0CFG                           kpdlcdtestPCA
     0000009B  G$SPI0DAT$0$0                      kpdlcdtestPCA
     0000009B  G$TB8$0$0                          kpdlcdtestPCA
     0000009B  G$TB80$0$0                         kpdlcdtestPCA
     0000009B  _SPI0DAT                           kpdlcdtestPCA
     0000009B  _TB8                               kpdlcdtestPCA
     0000009B  _TB80                              kpdlcdtestPCA
     0000009C  G$ADC1$0$0                         kpdlcdtestPCA
     0000009C  G$REN$0$0                          kpdlcdtestPCA
     0000009C  G$REN0$0$0                         kpdlcdtestPCA
     0000009C  _ADC1                              kpdlcdtestPCA
     0000009C  _REN                               kpdlcdtestPCA
     0000009C  _REN0                              kpdlcdtestPCA
     0000009D  G$MCE0$0$0                         kpdlcdtestPCA
     0000009D  G$SM2$0$0                          kpdlcdtestPCA
     0000009D  G$SM20$0$0                         kpdlcdtestPCA
     0000009D  G$SPI0CKR$0$0                      kpdlcdtestPCA
     0000009D  _MCE0                              kpdlcdtestPCA
     0000009D  _SM2                               kpdlcdtestPCA
     0000009D  _SM20                              kpdlcdtestPCA
     0000009D  _SPI0CKR                           kpdlcdtestPCA
     0000009E  G$CPT0CN$0$0                       kpdlcdtestPCA
     0000009E  G$SM1$0$0                          kpdlcdtestPCA
     0000009E  G$SM10$0$0                         kpdlcdtestPCA
     0000009E  _CPT0CN                            kpdlcdtestPCA
     0000009E  _SM1                               kpdlcdtestPCA
     0000009E  _SM10                              kpdlcdtestPCA
     0000009F  G$CPT1CN$0$0                       kpdlcdtestPCA
     0000009F  G$S0MODE$0$0                       kpdlcdtestPCA
     0000009F  G$SM0$0$0                          kpdlcdtestPCA
     0000009F  G$SM00$0$0                         kpdlcdtestPCA
     0000009F  _CPT1CN                            kpdlcdtestPCA
     0000009F  _S0MODE                            kpdlcdtestPCA
     0000009F  _SM0                               kpdlcdtestPCA
ASxxxx Linker V03.00 + NoICE + sdld,  page 6.
Hexadecimal  [32-Bits]

Area                                    Addr        Size        Decimal Bytes (Attributes)
--------------------------------        ----        ----        ------- ----- ------------
.  .ABS.                            00000000    00000000 =           0. bytes (ABS,CON)

      Value  Global                              Global Defined In Module
      -----  --------------------------------   ------------------------
     0000009F  _SM00                              kpdlcdtestPCA
     000000A0  G$P2$0$0                           kpdlcdtestPCA
     000000A0  G$P2_0$0$0                         kpdlcdtestPCA
     000000A0  _P2                                kpdlcdtestPCA
     000000A0  _P2_0                              kpdlcdtestPCA
     000000A1  G$EMI0TC$0$0                       kpdlcdtestPCA
     000000A1  G$P2_1$0$0                         kpdlcdtestPCA
     000000A1  _EMI0TC                            kpdlcdtestPCA
     000000A1  _P2_1                              kpdlcdtestPCA
     000000A2  G$P2_2$0$0                         kpdlcdtestPCA
     000000A2  _P2_2                              kpdlcdtestPCA
     000000A3  G$EMI0CF$0$0                       kpdlcdtestPCA
     000000A3  G$P2_3$0$0                         kpdlcdtestPCA
     000000A3  _EMI0CF                            kpdlcdtestPCA
     000000A3  _P2_3                              kpdlcdtestPCA
     000000A4  G$P0MDOUT$0$0                      kpdlcdtestPCA
     000000A4  G$P2_4$0$0                         kpdlcdtestPCA
     000000A4  G$PRT0CF$0$0                       kpdlcdtestPCA
     000000A4  _P0MDOUT                           kpdlcdtestPCA
     000000A4  _P2_4                              kpdlcdtestPCA
     000000A4  _PRT0CF                            kpdlcdtestPCA
     000000A5  G$P1MDOUT$0$0                      kpdlcdtestPCA
     000000A5  G$P2_5$0$0                         kpdlcdtestPCA
     000000A5  G$PRT1CF$0$0                       kpdlcdtestPCA
     000000A5  _P1MDOUT                           kpdlcdtestPCA
     000000A5  _P2_5                              kpdlcdtestPCA
     000000A5  _PRT1CF                            kpdlcdtestPCA
     000000A6  G$P2MDOUT$0$0                      kpdlcdtestPCA
     000000A6  G$P2_6$0$0                         kpdlcdtestPCA
     000000A6  G$PRT2CF$0$0                       kpdlcdtestPCA
     000000A6  _P2MDOUT                           kpdlcdtestPCA
     000000A6  _P2_6                              kpdlcdtestPCA
     000000A6  _PRT2CF                            kpdlcdtestPCA
     000000A7  G$P2_7$0$0                         kpdlcdtestPCA
     000000A7  G$P3MDOUT$0$0                      kpdlcdtestPCA
     000000A7  G$PRT3CF$0$0                       kpdlcdtestPCA
     000000A7  _P2_7                              kpdlcdtestPCA
     000000A7  _P3MDOUT                           kpdlcdtestPCA
     000000A7  _PRT3CF                            kpdlcdtestPCA
     000000A8  G$EX0$0$0                          kpdlcdtestPCA
     000000A8  G$IE$0$0                           kpdlcdtestPCA
     000000A8  _EX0                               kpdlcdtestPCA
     000000A8  _IE                                kpdlcdtestPCA
     000000A9  G$ET0$0$0                          kpdlcdtestPCA
     000000A9  G$SADDR0$0$0                       kpdlcdtestPCA
     000000A9  _ET0                               kpdlcdtestPCA
     000000A9  _SADDR0                            kpdlcdtestPCA
     000000AA  G$ADC1CN$0$0                       kpdlcdtestPCA
     000000AA  G$EX1$0$0                          kpdlcdtestPCA
     000000AA  _ADC1CN                            kpdlcdtestPCA
     000000AA  _EX1                               kpdlcdtestPCA
ASxxxx Linker V03.00 + NoICE + sdld,  page 7.
Hexadecimal  [32-Bits]

Area                                    Addr        Size        Decimal Bytes (Attributes)
--------------------------------        ----        ----        ------- ----- ------------
.  .ABS.                            00000000    00000000 =           0. bytes (ABS,CON)

      Value  Global                              Global Defined In Module
      -----  --------------------------------   ------------------------
     000000AB  G$ADC1CF$0$0                       kpdlcdtestPCA
     000000AB  G$ET1$0$0                          kpdlcdtestPCA
     000000AB  _ADC1CF                            kpdlcdtestPCA
     000000AB  _ET1                               kpdlcdtestPCA
     000000AC  G$AMX1SL$0$0                       kpdlcdtestPCA
     000000AC  G$ES$0$0                           kpdlcdtestPCA
     000000AC  G$ES0$0$0                          kpdlcdtestPCA
     000000AC  _AMX1SL                            kpdlcdtestPCA
     000000AC  _ES                                kpdlcdtestPCA
     000000AC  _ES0                               kpdlcdtestPCA
     000000AD  G$ET2$0$0                          kpdlcdtestPCA
     000000AD  G$P3IF$0$0                         kpdlcdtestPCA
     000000AD  _ET2                               kpdlcdtestPCA
     000000AD  _P3IF                              kpdlcdtestPCA
     000000AE  G$SADEN1$0$0                       kpdlcdtestPCA
     000000AE  _SADEN1                            kpdlcdtestPCA
     000000AF  G$EA$0$0                           kpdlcdtestPCA
     000000AF  G$EMI0CN$0$0                       kpdlcdtestPCA
     000000AF  G$_XPAGE$0$0                       kpdlcdtestPCA
     000000AF  _EA                                kpdlcdtestPCA
     000000AF  _EMI0CN                            kpdlcdtestPCA
     000000AF  __XPAGE                            kpdlcdtestPCA
     000000B0  G$P3$0$0                           kpdlcdtestPCA
     000000B0  G$P3_0$0$0                         kpdlcdtestPCA
     000000B0  _P3                                kpdlcdtestPCA
     000000B0  _P3_0                              kpdlcdtestPCA
     000000B1  G$OSCXCN$0$0                       kpdlcdtestPCA
     000000B1  G$P3_1$0$0                         kpdlcdtestPCA
     000000B1  _OSCXCN                            kpdlcdtestPCA
     000000B1  _P3_1                              kpdlcdtestPCA
     000000B2  G$OSCICN$0$0                       kpdlcdtestPCA
     000000B2  G$P3_2$0$0                         kpdlcdtestPCA
     000000B2  _OSCICN                            kpdlcdtestPCA
     000000B2  _P3_2                              kpdlcdtestPCA
     000000B3  G$P3_3$0$0                         kpdlcdtestPCA
     000000B3  _P3_3                              kpdlcdtestPCA
     000000B4  G$P3_4$0$0                         kpdlcdtestPCA
     000000B4  _P3_4                              kpdlcdtestPCA
     000000B5  G$P3_5$0$0                         kpdlcdtestPCA
     000000B5  G$P74OUT$0$0                       kpdlcdtestPCA
     000000B5  _P3_5                              kpdlcdtestPCA
     000000B5  _P74OUT                            kpdlcdtestPCA
     000000B6  G$FLSCL$0$0                        kpdlcdtestPCA
     000000B6  G$P3_6$0$0                         kpdlcdtestPCA
     000000B6  _FLSCL                             kpdlcdtestPCA
     000000B6  _P3_6                              kpdlcdtestPCA
     000000B7  G$FLACL$0$0                        kpdlcdtestPCA
     000000B7  G$P3_7$0$0                         kpdlcdtestPCA
     000000B7  _FLACL                             kpdlcdtestPCA
     000000B7  _P3_7                              kpdlcdtestPCA
     000000B8  G$IP$0$0                           kpdlcdtestPCA
ASxxxx Linker V03.00 + NoICE + sdld,  page 8.
Hexadecimal  [32-Bits]

Area                                    Addr        Size        Decimal Bytes (Attributes)
--------------------------------        ----        ----        ------- ----- ------------
.  .ABS.                            00000000    00000000 =           0. bytes (ABS,CON)

      Value  Global                              Global Defined In Module
      -----  --------------------------------   ------------------------
     000000B8  G$PX0$0$0                          kpdlcdtestPCA
     000000B8  _IP                                kpdlcdtestPCA
     000000B8  _PX0                               kpdlcdtestPCA
     000000B9  G$PT0$0$0                          kpdlcdtestPCA
     000000B9  G$SADEN0$0$0                       kpdlcdtestPCA
     000000B9  _PT0                               kpdlcdtestPCA
     000000B9  _SADEN0                            kpdlcdtestPCA
     000000BA  G$AMX0CF$0$0                       kpdlcdtestPCA
     000000BA  G$PX1$0$0                          kpdlcdtestPCA
     000000BA  _AMX0CF                            kpdlcdtestPCA
     000000BA  _PX1                               kpdlcdtestPCA
     000000BB  G$AMX0SL$0$0                       kpdlcdtestPCA
     000000BB  G$PT1$0$0                          kpdlcdtestPCA
     000000BB  _AMX0SL                            kpdlcdtestPCA
     000000BB  _PT1                               kpdlcdtestPCA
     000000BC  G$ADC0CF$0$0                       kpdlcdtestPCA
     000000BC  G$PS$0$0                           kpdlcdtestPCA
     000000BC  G$PS0$0$0                          kpdlcdtestPCA
     000000BC  _ADC0CF                            kpdlcdtestPCA
     000000BC  _PS                                kpdlcdtestPCA
     000000BC  _PS0                               kpdlcdtestPCA
     000000BD  G$P1MDIN$0$0                       kpdlcdtestPCA
     000000BD  G$PT2$0$0                          kpdlcdtestPCA
     000000BD  _P1MDIN                            kpdlcdtestPCA
     000000BD  _PT2                               kpdlcdtestPCA
     000000BE  G$ADC0L$0$0                        kpdlcdtestPCA
     000000BE  _ADC0L                             kpdlcdtestPCA
     000000BF  G$ADC0H$0$0                        kpdlcdtestPCA
     000000BF  _ADC0H                             kpdlcdtestPCA
     000000C0  G$BUS_TOE$0$0                      kpdlcdtestPCA
     000000C0  G$SMB0CN$0$0                       kpdlcdtestPCA
     000000C0  G$SMBTOE$0$0                       kpdlcdtestPCA
     000000C0  _BUS_TOE                           kpdlcdtestPCA
     000000C0  _SMB0CN                            kpdlcdtestPCA
     000000C0  _SMBTOE                            kpdlcdtestPCA
     000000C1  G$BUS_FTE$0$0                      kpdlcdtestPCA
     000000C1  G$SMB0STA$0$0                      kpdlcdtestPCA
     000000C1  G$SMBFTE$0$0                       kpdlcdtestPCA
     000000C1  _BUS_FTE                           kpdlcdtestPCA
     000000C1  _SMB0STA                           kpdlcdtestPCA
     000000C1  _SMBFTE                            kpdlcdtestPCA
     000000C2  G$AA$0$0                           kpdlcdtestPCA
     000000C2  G$BUS_AA$0$0                       kpdlcdtestPCA
     000000C2  G$SMB0DAT$0$0                      kpdlcdtestPCA
     000000C2  _AA                                kpdlcdtestPCA
     000000C2  _BUS_AA                            kpdlcdtestPCA
     000000C2  _SMB0DAT                           kpdlcdtestPCA
     000000C3  G$BUS_INT$0$0                      kpdlcdtestPCA
     000000C3  G$SI$0$0                           kpdlcdtestPCA
     000000C3  G$SMB0ADR$0$0                      kpdlcdtestPCA
     000000C3  _BUS_INT                           kpdlcdtestPCA
ASxxxx Linker V03.00 + NoICE + sdld,  page 9.
Hexadecimal  [32-Bits]

Area                                    Addr        Size        Decimal Bytes (Attributes)
--------------------------------        ----        ----        ------- ----- ------------
.  .ABS.                            00000000    00000000 =           0. bytes (ABS,CON)

      Value  Global                              Global Defined In Module
      -----  --------------------------------   ------------------------
     000000C3  _SI                                kpdlcdtestPCA
     000000C3  _SMB0ADR                           kpdlcdtestPCA
     000000C4  G$ADC0GTL$0$0                      kpdlcdtestPCA
     000000C4  G$BUS_STOP$0$0                     kpdlcdtestPCA
     000000C4  G$STO$0$0                          kpdlcdtestPCA
     000000C4  _ADC0GTL                           kpdlcdtestPCA
     000000C4  _BUS_STOP                          kpdlcdtestPCA
     000000C4  _STO                               kpdlcdtestPCA
     000000C5  G$ADC0GTH$0$0                      kpdlcdtestPCA
     000000C5  G$BUS_START$0$0                    kpdlcdtestPCA
     000000C5  G$STA$0$0                          kpdlcdtestPCA
     000000C5  _ADC0GTH                           kpdlcdtestPCA
     000000C5  _BUS_START                         kpdlcdtestPCA
     000000C5  _STA                               kpdlcdtestPCA
     000000C6  G$ADC0LTL$0$0                      kpdlcdtestPCA
     000000C6  G$BUS_EN$0$0                       kpdlcdtestPCA
     000000C6  G$ENSMB$0$0                        kpdlcdtestPCA
     000000C6  _ADC0LTL                           kpdlcdtestPCA
     000000C6  _BUS_EN                            kpdlcdtestPCA
     000000C6  _ENSMB                             kpdlcdtestPCA
     000000C7  G$ADC0LTH$0$0                      kpdlcdtestPCA
     000000C7  G$BUSY$0$0                         kpdlcdtestPCA
     000000C7  G$BUS_BUSY$0$0                     kpdlcdtestPCA
     000000C7  _ADC0LTH                           kpdlcdtestPCA
     000000C7  _BUSY                              kpdlcdtestPCA
     000000C7  _BUS_BUSY                          kpdlcdtestPCA
     000000C8  G$CPRL2$0$0                        kpdlcdtestPCA
     000000C8  G$T2CON$0$0                        kpdlcdtestPCA
     000000C8  _CPRL2                             kpdlcdtestPCA
     000000C8  _T2CON                             kpdlcdtestPCA
     000000C9  G$CT2$0$0                          kpdlcdtestPCA
     000000C9  G$T4CON$0$0                        kpdlcdtestPCA
     000000C9  _CT2                               kpdlcdtestPCA
     000000C9  _T4CON                             kpdlcdtestPCA
     000000CA  G$RCAP2L$0$0                       kpdlcdtestPCA
     000000CA  G$TR2$0$0                          kpdlcdtestPCA
     000000CA  _RCAP2L                            kpdlcdtestPCA
     000000CA  _TR2                               kpdlcdtestPCA
     000000CB  G$EXEN2$0$0                        kpdlcdtestPCA
     000000CB  G$RCAP2H$0$0                       kpdlcdtestPCA
     000000CB  _EXEN2                             kpdlcdtestPCA
     000000CB  _RCAP2H                            kpdlcdtestPCA
     000000CC  G$TCLK$0$0                         kpdlcdtestPCA
     000000CC  G$TL2$0$0                          kpdlcdtestPCA
     000000CC  _TCLK                              kpdlcdtestPCA
     000000CC  _TL2                               kpdlcdtestPCA
     000000CD  G$RCLK$0$0                         kpdlcdtestPCA
     000000CD  G$TH2$0$0                          kpdlcdtestPCA
     000000CD  _RCLK                              kpdlcdtestPCA
     000000CD  _TH2                               kpdlcdtestPCA
     000000CE  G$EXF2$0$0                         kpdlcdtestPCA
ASxxxx Linker V03.00 + NoICE + sdld,  page 10.
Hexadecimal  [32-Bits]

Area                                    Addr        Size        Decimal Bytes (Attributes)
--------------------------------        ----        ----        ------- ----- ------------
.  .ABS.                            00000000    00000000 =           0. bytes (ABS,CON)

      Value  Global                              Global Defined In Module
      -----  --------------------------------   ------------------------
     000000CE  _EXF2                              kpdlcdtestPCA
     000000CF  G$SMB0CR$0$0                       kpdlcdtestPCA
     000000CF  G$TF2$0$0                          kpdlcdtestPCA
     000000CF  _SMB0CR                            kpdlcdtestPCA
     000000CF  _TF2                               kpdlcdtestPCA
     000000D0  G$P$0$0                            kpdlcdtestPCA
     000000D0  G$PSW$0$0                          kpdlcdtestPCA
     000000D0  _P                                 kpdlcdtestPCA
     000000D0  _PSW                               kpdlcdtestPCA
     000000D1  G$F1$0$0                           kpdlcdtestPCA
     000000D1  G$REF0CN$0$0                       kpdlcdtestPCA
     000000D1  _F1                                kpdlcdtestPCA
     000000D1  _REF0CN                            kpdlcdtestPCA
     000000D2  G$DAC0L$0$0                        kpdlcdtestPCA
     000000D2  G$OV$0$0                           kpdlcdtestPCA
     000000D2  _DAC0L                             kpdlcdtestPCA
     000000D2  _OV                                kpdlcdtestPCA
     000000D3  G$DAC0H$0$0                        kpdlcdtestPCA
     000000D3  G$RS0$0$0                          kpdlcdtestPCA
     000000D3  _DAC0H                             kpdlcdtestPCA
     000000D3  _RS0                               kpdlcdtestPCA
     000000D4  G$DAC0CN$0$0                       kpdlcdtestPCA
     000000D4  G$RS1$0$0                          kpdlcdtestPCA
     000000D4  _DAC0CN                            kpdlcdtestPCA
     000000D4  _RS1                               kpdlcdtestPCA
     000000D5  G$DAC1L$0$0                        kpdlcdtestPCA
     000000D5  G$F0$0$0                           kpdlcdtestPCA
     000000D5  _DAC1L                             kpdlcdtestPCA
     000000D5  _F0                                kpdlcdtestPCA
     000000D6  G$AC$0$0                           kpdlcdtestPCA
     000000D6  G$DAC1H$0$0                        kpdlcdtestPCA
     000000D6  _AC                                kpdlcdtestPCA
     000000D6  _DAC1H                             kpdlcdtestPCA
     000000D7  G$CY$0$0                           kpdlcdtestPCA
     000000D7  G$DAC1CN$0$0                       kpdlcdtestPCA
     000000D7  _CY                                kpdlcdtestPCA
     000000D7  _DAC1CN                            kpdlcdtestPCA
     000000D8  G$CCF0$0$0                         kpdlcdtestPCA
     000000D8  G$PCA0CN$0$0                       kpdlcdtestPCA
     000000D8  _CCF0                              kpdlcdtestPCA
     000000D8  _PCA0CN                            kpdlcdtestPCA
     000000D9  G$CCF1$0$0                         kpdlcdtestPCA
     000000D9  G$PCA0MD$0$0                       kpdlcdtestPCA
     000000D9  _CCF1                              kpdlcdtestPCA
     000000D9  _PCA0MD                            kpdlcdtestPCA
     000000DA  G$CCF2$0$0                         kpdlcdtestPCA
     000000DA  G$PCA0CPM0$0$0                     kpdlcdtestPCA
     000000DA  _CCF2                              kpdlcdtestPCA
     000000DA  _PCA0CPM0                          kpdlcdtestPCA
     000000DB  G$CCF3$0$0                         kpdlcdtestPCA
     000000DB  G$PCA0CPM1$0$0                     kpdlcdtestPCA
ASxxxx Linker V03.00 + NoICE + sdld,  page 11.
Hexadecimal  [32-Bits]

Area                                    Addr        Size        Decimal Bytes (Attributes)
--------------------------------        ----        ----        ------- ----- ------------
.  .ABS.                            00000000    00000000 =           0. bytes (ABS,CON)

      Value  Global                              Global Defined In Module
      -----  --------------------------------   ------------------------
     000000DB  _CCF3                              kpdlcdtestPCA
     000000DB  _PCA0CPM1                          kpdlcdtestPCA
     000000DC  G$CCF4$0$0                         kpdlcdtestPCA
     000000DC  G$PCA0CPM2$0$0                     kpdlcdtestPCA
     000000DC  _CCF4                              kpdlcdtestPCA
     000000DC  _PCA0CPM2                          kpdlcdtestPCA
     000000DD  G$PCA0CPM3$0$0                     kpdlcdtestPCA
     000000DD  _PCA0CPM3                          kpdlcdtestPCA
     000000DE  G$CR$0$0                           kpdlcdtestPCA
     000000DE  G$PCA0CPM4$0$0                     kpdlcdtestPCA
     000000DE  _CR                                kpdlcdtestPCA
     000000DE  _PCA0CPM4                          kpdlcdtestPCA
     000000DF  G$CF$0$0                           kpdlcdtestPCA
     000000DF  _CF                                kpdlcdtestPCA
     000000E0  G$ACC$0$0                          kpdlcdtestPCA
     000000E0  _ACC                               kpdlcdtestPCA
     000000E1  G$XBR0$0$0                         kpdlcdtestPCA
     000000E1  _XBR0                              kpdlcdtestPCA
     000000E2  G$XBR1$0$0                         kpdlcdtestPCA
     000000E2  _XBR1                              kpdlcdtestPCA
     000000E3  G$XBR2$0$0                         kpdlcdtestPCA
     000000E3  _XBR2                              kpdlcdtestPCA
     000000E4  G$RCAP4L$0$0                       kpdlcdtestPCA
     000000E4  _RCAP4L                            kpdlcdtestPCA
     000000E5  G$RCAP4H$0$0                       kpdlcdtestPCA
     000000E5  _RCAP4H                            kpdlcdtestPCA
     000000E6  G$EIE1$0$0                         kpdlcdtestPCA
     000000E6  _EIE1                              kpdlcdtestPCA
     000000E7  G$EIE2$0$0                         kpdlcdtestPCA
     000000E7  _EIE2                              kpdlcdtestPCA
     000000E8  G$AD0LJST$0$0                      kpdlcdtestPCA
     000000E8  G$ADC0CN$0$0                       kpdlcdtestPCA
     000000E8  G$ADLJST$0$0                       kpdlcdtestPCA
     000000E8  _AD0LJST                           kpdlcdtestPCA
     000000E8  _ADC0CN                            kpdlcdtestPCA
     000000E8  _ADLJST                            kpdlcdtestPCA
     000000E9  G$AD0WINT$0$0                      kpdlcdtestPCA
     000000E9  G$ADWINT$0$0                       kpdlcdtestPCA
     000000E9  G$PCA0L$0$0                        kpdlcdtestPCA
     000000E9  _AD0WINT                           kpdlcdtestPCA
     000000E9  _ADWINT                            kpdlcdtestPCA
     000000E9  _PCA0L                             kpdlcdtestPCA
     000000EA  G$AD0CM0$0$0                       kpdlcdtestPCA
     000000EA  G$ADSTM0$0$0                       kpdlcdtestPCA
     000000EA  G$PCA0CPL0$0$0                     kpdlcdtestPCA
     000000EA  _AD0CM0                            kpdlcdtestPCA
     000000EA  _ADSTM0                            kpdlcdtestPCA
     000000EA  _PCA0CPL0                          kpdlcdtestPCA
     000000EB  G$AD0CM1$0$0                       kpdlcdtestPCA
     000000EB  G$ADSTM1$0$0                       kpdlcdtestPCA
     000000EB  G$PCA0CPL1$0$0                     kpdlcdtestPCA
ASxxxx Linker V03.00 + NoICE + sdld,  page 12.
Hexadecimal  [32-Bits]

Area                                    Addr        Size        Decimal Bytes (Attributes)
--------------------------------        ----        ----        ------- ----- ------------
.  .ABS.                            00000000    00000000 =           0. bytes (ABS,CON)

      Value  Global                              Global Defined In Module
      -----  --------------------------------   ------------------------
     000000EB  _AD0CM1                            kpdlcdtestPCA
     000000EB  _ADSTM1                            kpdlcdtestPCA
     000000EB  _PCA0CPL1                          kpdlcdtestPCA
     000000EC  G$AD0BUSY$0$0                      kpdlcdtestPCA
     000000EC  G$ADBUSY$0$0                       kpdlcdtestPCA
     000000EC  G$PCA0CPL2$0$0                     kpdlcdtestPCA
     000000EC  _AD0BUSY                           kpdlcdtestPCA
     000000EC  _ADBUSY                            kpdlcdtestPCA
     000000EC  _PCA0CPL2                          kpdlcdtestPCA
     000000ED  G$AD0INT$0$0                       kpdlcdtestPCA
     000000ED  G$ADCINT$0$0                       kpdlcdtestPCA
     000000ED  G$PCA0CPL3$0$0                     kpdlcdtestPCA
     000000ED  _AD0INT                            kpdlcdtestPCA
     000000ED  _ADCINT                            kpdlcdtestPCA
     000000ED  _PCA0CPL3                          kpdlcdtestPCA
     000000EE  G$AD0TM$0$0                        kpdlcdtestPCA
     000000EE  G$ADCTM$0$0                        kpdlcdtestPCA
     000000EE  G$PCA0CPL4$0$0                     kpdlcdtestPCA
     000000EE  _AD0TM                             kpdlcdtestPCA
     000000EE  _ADCTM                             kpdlcdtestPCA
     000000EE  _PCA0CPL4                          kpdlcdtestPCA
     000000EF  G$AD0EN$0$0                        kpdlcdtestPCA
     000000EF  G$ADCEN$0$0                        kpdlcdtestPCA
     000000EF  G$RSTSRC$0$0                       kpdlcdtestPCA
     000000EF  _AD0EN                             kpdlcdtestPCA
     000000EF  _ADCEN                             kpdlcdtestPCA
     000000EF  _RSTSRC                            kpdlcdtestPCA
     000000F0  G$B$0$0                            kpdlcdtestPCA
     000000F0  _B                                 kpdlcdtestPCA
     000000F1  G$SCON1$0$0                        kpdlcdtestPCA
     000000F1  _SCON1                             kpdlcdtestPCA
     000000F2  G$SBUF1$0$0                        kpdlcdtestPCA
     000000F2  _SBUF1                             kpdlcdtestPCA
     000000F3  G$SADDR1$0$0                       kpdlcdtestPCA
     000000F3  _SADDR1                            kpdlcdtestPCA
     000000F4  G$TL4$0$0                          kpdlcdtestPCA
     000000F4  _TL4                               kpdlcdtestPCA
     000000F5  G$TH4$0$0                          kpdlcdtestPCA
     000000F5  _B_5                               _gptrget
     000000F5  _TH4                               kpdlcdtestPCA
     000000F6  G$EIP1$0$0                         kpdlcdtestPCA
     000000F6  _B_6                               _gptrget
     000000F6  _EIP1                              kpdlcdtestPCA
     000000F7  G$EIP2$0$0                         kpdlcdtestPCA
     000000F7  _B_7                               _gptrget
     000000F7  _EIP2                              kpdlcdtestPCA
     000000F8  G$SPI0CN$0$0                       kpdlcdtestPCA
     000000F8  G$SPIEN$0$0                        kpdlcdtestPCA
     000000F8  _SPI0CN                            kpdlcdtestPCA
     000000F8  _SPIEN                             kpdlcdtestPCA
     000000F9  G$MSTEN$0$0                        kpdlcdtestPCA
ASxxxx Linker V03.00 + NoICE + sdld,  page 13.
Hexadecimal  [32-Bits]

Area                                    Addr        Size        Decimal Bytes (Attributes)
--------------------------------        ----        ----        ------- ----- ------------
.  .ABS.                            00000000    00000000 =           0. bytes (ABS,CON)

      Value  Global                              Global Defined In Module
      -----  --------------------------------   ------------------------
     000000F9  G$PCA0H$0$0                        kpdlcdtestPCA
     000000F9  _MSTEN                             kpdlcdtestPCA
     000000F9  _PCA0H                             kpdlcdtestPCA
     000000FA  G$PCA0CPH0$0$0                     kpdlcdtestPCA
     000000FA  G$SLVSEL$0$0                       kpdlcdtestPCA
     000000FA  _PCA0CPH0                          kpdlcdtestPCA
     000000FA  _SLVSEL                            kpdlcdtestPCA
     000000FB  G$PCA0CPH1$0$0                     kpdlcdtestPCA
     000000FB  G$TXBSY$0$0                        kpdlcdtestPCA
     000000FB  _PCA0CPH1                          kpdlcdtestPCA
     000000FB  _TXBSY                             kpdlcdtestPCA
     000000FC  G$PCA0CPH2$0$0                     kpdlcdtestPCA
     000000FC  G$RXOVRN$0$0                       kpdlcdtestPCA
     000000FC  _PCA0CPH2                          kpdlcdtestPCA
     000000FC  _RXOVRN                            kpdlcdtestPCA
     000000FD  G$MODF$0$0                         kpdlcdtestPCA
     000000FD  G$PCA0CPH3$0$0                     kpdlcdtestPCA
     000000FD  _MODF                              kpdlcdtestPCA
     000000FD  _PCA0CPH3                          kpdlcdtestPCA
     000000FE  G$PCA0CPH4$0$0                     kpdlcdtestPCA
     000000FE  G$WCOL$0$0                         kpdlcdtestPCA
     000000FE  _PCA0CPH4                          kpdlcdtestPCA
     000000FE  _WCOL                              kpdlcdtestPCA
     000000FF  G$SPIF$0$0                         kpdlcdtestPCA
     000000FF  G$WDTCN$0$0                        kpdlcdtestPCA
     000000FF  _SPIF                              kpdlcdtestPCA
     000000FF  _WDTCN                             kpdlcdtestPCA
     00008C8A  G$TMR0$0$0                         kpdlcdtestPCA
     00008C8A  _TMR0                              kpdlcdtestPCA
     00008D8B  G$TMR1$0$0                         kpdlcdtestPCA
     00008D8B  _TMR1                              kpdlcdtestPCA
     00009392  G$TMR3RL$0$0                       kpdlcdtestPCA
     00009392  _TMR3RL                            kpdlcdtestPCA
     00009594  G$TMR3$0$0                         kpdlcdtestPCA
     00009594  _TMR3                              kpdlcdtestPCA
     0000BFBE  G$ADC0$0$0                         kpdlcdtestPCA
     0000BFBE  _ADC0                              kpdlcdtestPCA
     0000C5C4  G$ADC0GT$0$0                       kpdlcdtestPCA
     0000C5C4  _ADC0GT                            kpdlcdtestPCA
     0000C7C6  G$ADC0LT$0$0                       kpdlcdtestPCA
     0000C7C6  _ADC0LT                            kpdlcdtestPCA
     0000CBCA  G$RCAP2$0$0                        kpdlcdtestPCA
     0000CBCA  _RCAP2                             kpdlcdtestPCA
     0000CDCC  G$TMR2$0$0                         kpdlcdtestPCA
     0000CDCC  _TMR2                              kpdlcdtestPCA
     0000D3D2  G$DAC0$0$0                         kpdlcdtestPCA
     0000D3D2  _DAC0                              kpdlcdtestPCA
     0000D6D5  G$DAC1$0$0                         kpdlcdtestPCA
     0000D6D5  _DAC1                              kpdlcdtestPCA
     0000E5E4  G$RCAP4$0$0                        kpdlcdtestPCA
     0000E5E4  _RCAP4                             kpdlcdtestPCA
ASxxxx Linker V03.00 + NoICE + sdld,  page 14.
Hexadecimal  [32-Bits]

Area                                    Addr        Size        Decimal Bytes (Attributes)
--------------------------------        ----        ----        ------- ----- ------------
.  .ABS.                            00000000    00000000 =           0. bytes (ABS,CON)

      Value  Global                              Global Defined In Module
      -----  --------------------------------   ------------------------
     0000F5F4  G$TMR4$0$0                         kpdlcdtestPCA
     0000F5F4  _TMR4                              kpdlcdtestPCA
     0000F9E9  G$PCA0$0$0                         kpdlcdtestPCA
     0000F9E9  _PCA0                              kpdlcdtestPCA
     0000FAEA  G$PCA0CP0$0$0                      kpdlcdtestPCA
     0000FAEA  _PCA0CP0                           kpdlcdtestPCA
     0000FBEB  G$PCA0CP1$0$0                      kpdlcdtestPCA
     0000FBEB  _PCA0CP1                           kpdlcdtestPCA
     0000FCEC  G$PCA0CP2$0$0                      kpdlcdtestPCA
     0000FCEC  _PCA0CP2                           kpdlcdtestPCA
     0000FDED  G$PCA0CP3$0$0                      kpdlcdtestPCA
     0000FDED  _PCA0CP3                           kpdlcdtestPCA
     0000FEEE  G$PCA0CP4$0$0                      kpdlcdtestPCA
     0000FEEE  _PCA0CP4                           kpdlcdtestPCA

ASxxxx Linker V03.00 + NoICE + sdld,  page 15.
Hexadecimal  [32-Bits]

Area                                    Addr        Size        Decimal Bytes (Attributes)
--------------------------------        ----        ----        ------- ----- ------------
BSEG_BYTES                          00000020    00000002 =           2. bytes (REL,CON)

      Value  Global                              Global Defined In Module
      -----  --------------------------------   ------------------------
ASxxxx Linker V03.00 + NoICE + sdld,  page 16.
Hexadecimal  [32-Bits]

Area                                    Addr        Size        Decimal Bytes (Attributes)
--------------------------------        ----        ----        ------- ----- ------------
REG_BANK_0                          00000000    00000008 =           8. bytes (REL,OVR)

      Value  Global                              Global Defined In Module
      -----  --------------------------------   ------------------------
ASxxxx Linker V03.00 + NoICE + sdld,  page 17.
Hexadecimal  [32-Bits]

Area                                    Addr        Size        Decimal Bytes (Attributes)
--------------------------------        ----        ----        ------- ----- ------------
DSEG                                00000000    00000080 =         128. bytes (REL,CON)

      Value  Global                              Global Defined In Module
      -----  --------------------------------   ------------------------
     00000008  G$Data2$0$0                        kpdlcdtestPCA
     00000008  _Data2                             kpdlcdtestPCA
     0000000B  LkpdlcdtestPCA.lcd_clear$NumByte   kpdlcdtestPCA
     0000000C  LkpdlcdtestPCA.lcd_clear$Cmd$1$8   kpdlcdtestPCA
     0000000E  LkpdlcdtestPCA.read_keypad$Data$   kpdlcdtestPCA
     00000010  LkpdlcdtestPCA.i2c_write_data$st   kpdlcdtestPCA
     00000010  _i2c_write_data_PARM_2             kpdlcdtestPCA
     00000011  LkpdlcdtestPCA.i2c_write_data$bu   kpdlcdtestPCA
     00000011  _i2c_write_data_PARM_3             kpdlcdtestPCA
     00000014  LkpdlcdtestPCA.i2c_write_data$nu   kpdlcdtestPCA
     00000014  _i2c_write_data_PARM_4             kpdlcdtestPCA
     00000015  LkpdlcdtestPCA.i2c_read_data$sta   kpdlcdtestPCA
     00000015  _i2c_read_data_PARM_2              kpdlcdtestPCA
     00000016  LkpdlcdtestPCA.i2c_read_data$buf   kpdlcdtestPCA
     00000016  _i2c_read_data_PARM_3              kpdlcdtestPCA
     00000019  LkpdlcdtestPCA.i2c_read_data$num   kpdlcdtestPCA
     00000019  _i2c_read_data_PARM_4              kpdlcdtestPCA
     0000001A  G$Counts$0$0                       kpdlcdtestPCA
     0000001A  _Counts                            kpdlcdtestPCA
     0000001C  G$nCounts$0$0                      kpdlcdtestPCA
     0000001C  _nCounts                           kpdlcdtestPCA
     0000001E  G$nOverflows$0$0                   kpdlcdtestPCA
     0000001E  _nOverflows                        kpdlcdtestPCA
     00000022  _vsprintf_PARM_2                   sprintf
     00000025  _vsprintf_PARM_3                   sprintf
     00000029  _bp                                _bp
     0000002A  _vprintf_PARM_2                    vprintf
     00000037  __print_format_PARM_2              printf_large
     0000003A  __print_format_PARM_3              printf_large
     0000003D  __print_format_PARM_4              printf_large
ASxxxx Linker V03.00 + NoICE + sdld,  page 18.
Hexadecimal  [32-Bits]

Area                                    Addr        Size        Decimal Bytes (Attributes)
--------------------------------        ----        ----        ------- ----- ------------
OSEG                                00000045    00000006 =           6. bytes (REL,OVR)

      Value  Global                              Global Defined In Module
      -----  --------------------------------   ------------------------
     00000045  LkpdlcdtestPCA.aligned_alloc$siz   kpdlcdtestPCA
     00000045  __gptrput_PARM_2                   _gptrput
     00000045  __mulint_PARM_2                    _mulint
     00000045  _aligned_alloc_PARM_2              kpdlcdtestPCA

ASxxxx Linker V03.00 + NoICE + sdld,  page 19.
Hexadecimal  [32-Bits]

Area                                    Addr        Size        Decimal Bytes (Attributes)
--------------------------------        ----        ----        ------- ----- ------------
ISEG                                0000004B    00000006 =           6. bytes (REL,CON)

      Value  Global                              Global Defined In Module
      -----  --------------------------------   ------------------------
ASxxxx Linker V03.00 + NoICE + sdld,  page 20.
Hexadecimal  [32-Bits]

Area                                    Addr        Size        Decimal Bytes (Attributes)
--------------------------------        ----        ----        ------- ----- ------------
SSEG                                00000051    000000AF =         175. bytes (REL,OVR)

      Value  Global                              Global Defined In Module
      -----  --------------------------------   ------------------------
     00000051  __start__stack                     kpdlcdtestPCA

ASxxxx Linker V03.00 + NoICE + sdld,  page 21.
Hexadecimal  [32-Bits]

Area                                    Addr        Size        Decimal Bytes (Attributes)
--------------------------------        ----        ----        ------- ----- ------------
XSEG                                00000001    00000050 =          80. bytes (REL,CON,XDATA)

      Value  Global                              Global Defined In Module
      -----  --------------------------------   ------------------------
D:   00000001  LkpdlcdtestPCA.lcd_print$text$1$   kpdlcdtestPCA

ASxxxx Linker V03.00 + NoICE + sdld,  page 22.
Hexadecimal  [32-Bits]

Area                                    Addr        Size        Decimal Bytes (Attributes)
--------------------------------        ----        ----        ------- ----- ------------
HOME                                00000000    00000051 =          81. bytes (REL,CON,CODE)

      Value  Global                              Global Defined In Module
      -----  --------------------------------   ------------------------
C:   00000000  A$kpdlcdtestPCA$1033               kpdlcdtestPCA
C:   00000003  A$kpdlcdtestPCA$1034               kpdlcdtestPCA
C:   0000000B  A$kpdlcdtestPCA$1036               kpdlcdtestPCA
C:   00000013  A$kpdlcdtestPCA$1038               kpdlcdtestPCA
C:   0000001B  A$kpdlcdtestPCA$1040               kpdlcdtestPCA
C:   00000023  A$kpdlcdtestPCA$1042               kpdlcdtestPCA
C:   0000002B  A$kpdlcdtestPCA$1044               kpdlcdtestPCA
C:   00000033  A$kpdlcdtestPCA$1046               kpdlcdtestPCA
C:   0000003B  A$kpdlcdtestPCA$1048               kpdlcdtestPCA
C:   00000043  A$kpdlcdtestPCA$1050               kpdlcdtestPCA
C:   0000004B  A$kpdlcdtestPCA$1052               kpdlcdtestPCA
C:   0000004E  A$kpdlcdtestPCA$1074               kpdlcdtestPCA
C:   0000004E  __sdcc_program_startup             kpdlcdtestPCA

ASxxxx Linker V03.00 + NoICE + sdld,  page 23.
Hexadecimal  [32-Bits]

Area                                    Addr        Size        Decimal Bytes (Attributes)
--------------------------------        ----        ----        ------- ----- ------------
GSINIT0                             00000051    00000003 =           3. bytes (REL,CON,CODE)

      Value  Global                              Global Defined In Module
      -----  --------------------------------   ------------------------
C:   00000051  __sdcc_gsinit_startup              

ASxxxx Linker V03.00 + NoICE + sdld,  page 24.
Hexadecimal  [32-Bits]

Area                                    Addr        Size        Decimal Bytes (Attributes)
--------------------------------        ----        ----        ------- ----- ------------
GSINIT2                             00000054    0000000A =          10. bytes (REL,CON,CODE)

      Value  Global                              Global Defined In Module
      -----  --------------------------------   ------------------------
ASxxxx Linker V03.00 + NoICE + sdld,  page 25.
Hexadecimal  [32-Bits]

Area                                    Addr        Size        Decimal Bytes (Attributes)
--------------------------------        ----        ----        ------- ----- ------------
GSINIT3                             0000005E    00000022 =          34. bytes (REL,CON,CODE)

      Value  Global                              Global Defined In Module
      -----  --------------------------------   ------------------------
C:   0000005E  __mcs51_genXINIT                   

ASxxxx Linker V03.00 + NoICE + sdld,  page 26.
Hexadecimal  [32-Bits]

Area                                    Addr        Size        Decimal Bytes (Attributes)
--------------------------------        ----        ----        ------- ----- ------------
GSINIT4                             00000080    0000002A =          42. bytes (REL,CON,CODE)

      Value  Global                              Global Defined In Module
      -----  --------------------------------   ------------------------
C:   00000080  __mcs51_genRAMCLEAR                
C:   00000086  __mcs51_genXRAMCLEAR               

ASxxxx Linker V03.00 + NoICE + sdld,  page 27.
Hexadecimal  [32-Bits]

Area                                    Addr        Size        Decimal Bytes (Attributes)
--------------------------------        ----        ----        ------- ----- ------------
GSFINAL                             000000AA    00000003 =           3. bytes (REL,CON,CODE)

      Value  Global                              Global Defined In Module
      -----  --------------------------------   ------------------------
C:   000000AA  A$kpdlcdtestPCA$1067               kpdlcdtestPCA

ASxxxx Linker V03.00 + NoICE + sdld,  page 28.
Hexadecimal  [32-Bits]

Area                                    Addr        Size        Decimal Bytes (Attributes)
--------------------------------        ----        ----        ------- ----- ------------
CSEG                                000000AD    00000DE9 =        3561. bytes (REL,CON,CODE)

      Value  Global                              Global Defined In Module
      -----  --------------------------------   ------------------------
C:   000000AD  A$kpdlcdtestPCA$1102               kpdlcdtestPCA
C:   000000AD  C$c8051_SDCC.h$42$0$0              kpdlcdtestPCA
C:   000000AD  C$c8051_SDCC.h$46$1$35             kpdlcdtestPCA
C:   000000AD  G$SYSCLK_Init$0$0                  kpdlcdtestPCA
C:   000000AD  _SYSCLK_Init                       kpdlcdtestPCA
C:   000000B0  A$kpdlcdtestPCA$1105               kpdlcdtestPCA
C:   000000B0  C$c8051_SDCC.h$49$1$35             kpdlcdtestPCA
C:   000000B2  A$kpdlcdtestPCA$1106               kpdlcdtestPCA
C:   000000B4  A$kpdlcdtestPCA$1108               kpdlcdtestPCA
C:   000000B5  A$kpdlcdtestPCA$1109               kpdlcdtestPCA
C:   000000B7  A$kpdlcdtestPCA$1110               kpdlcdtestPCA
C:   000000B8  A$kpdlcdtestPCA$1111               kpdlcdtestPCA
C:   000000B9  A$kpdlcdtestPCA$1112               kpdlcdtestPCA
C:   000000BB  A$kpdlcdtestPCA$1113               kpdlcdtestPCA
C:   000000BC  A$kpdlcdtestPCA$1114               kpdlcdtestPCA
C:   000000BE  A$kpdlcdtestPCA$1115               kpdlcdtestPCA
C:   000000C0  A$kpdlcdtestPCA$1116               kpdlcdtestPCA
C:   000000C1  A$kpdlcdtestPCA$1117               kpdlcdtestPCA
C:   000000C2  A$kpdlcdtestPCA$1118               kpdlcdtestPCA
C:   000000C4  A$kpdlcdtestPCA$1122               kpdlcdtestPCA
C:   000000C4  C$c8051_SDCC.h$51$1$35             kpdlcdtestPCA
C:   000000C6  A$kpdlcdtestPCA$1123               kpdlcdtestPCA
C:   000000C9  A$kpdlcdtestPCA$1126               kpdlcdtestPCA
C:   000000C9  C$c8051_SDCC.h$53$1$35             kpdlcdtestPCA
C:   000000CC  A$kpdlcdtestPCA$1129               kpdlcdtestPCA
C:   000000CC  C$c8051_SDCC.h$56$1$35             kpdlcdtestPCA
C:   000000CC  XG$SYSCLK_Init$0$0                 kpdlcdtestPCA
C:   000000CD  A$kpdlcdtestPCA$1142               kpdlcdtestPCA
C:   000000CD  C$c8051_SDCC.h$64$1$35             kpdlcdtestPCA
C:   000000CD  C$c8051_SDCC.h$66$1$37             kpdlcdtestPCA
C:   000000CD  G$UART0_Init$0$0                   kpdlcdtestPCA
C:   000000CD  _UART0_Init                        kpdlcdtestPCA
C:   000000D0  A$kpdlcdtestPCA$1145               kpdlcdtestPCA
C:   000000D0  C$c8051_SDCC.h$67$1$37             kpdlcdtestPCA
C:   000000D3  A$kpdlcdtestPCA$1148               kpdlcdtestPCA
C:   000000D3  C$c8051_SDCC.h$68$1$37             kpdlcdtestPCA
C:   000000D6  A$kpdlcdtestPCA$1151               kpdlcdtestPCA
C:   000000D6  C$c8051_SDCC.h$69$1$37             kpdlcdtestPCA
C:   000000D8  A$kpdlcdtestPCA$1154               kpdlcdtestPCA
C:   000000D8  C$c8051_SDCC.h$70$1$37             kpdlcdtestPCA
C:   000000DB  A$kpdlcdtestPCA$1157               kpdlcdtestPCA
C:   000000DB  C$c8051_SDCC.h$71$1$37             kpdlcdtestPCA
C:   000000DE  A$kpdlcdtestPCA$1160               kpdlcdtestPCA
C:   000000DE  C$c8051_SDCC.h$73$1$37             kpdlcdtestPCA
C:   000000E0  A$kpdlcdtestPCA$1163               kpdlcdtestPCA
C:   000000E0  C$c8051_SDCC.h$74$1$37             kpdlcdtestPCA
C:   000000E3  A$kpdlcdtestPCA$1166               kpdlcdtestPCA
C:   000000E3  C$c8051_SDCC.h$75$1$37             kpdlcdtestPCA
C:   000000E3  XG$UART0_Init$0$0                  kpdlcdtestPCA
C:   000000E4  A$kpdlcdtestPCA$1179               kpdlcdtestPCA
ASxxxx Linker V03.00 + NoICE + sdld,  page 29.
Hexadecimal  [32-Bits]

Area                                    Addr        Size        Decimal Bytes (Attributes)
--------------------------------        ----        ----        ------- ----- ------------
CSEG                                000000AD    00000DE9 =        3561. bytes (REL,CON,CODE)

      Value  Global                              Global Defined In Module
      -----  --------------------------------   ------------------------
C:   000000E4  C$c8051_SDCC.h$83$1$37             kpdlcdtestPCA
C:   000000E4  C$c8051_SDCC.h$85$1$39             kpdlcdtestPCA
C:   000000E4  G$Sys_Init$0$0                     kpdlcdtestPCA
C:   000000E4  _Sys_Init                          kpdlcdtestPCA
C:   000000E7  A$kpdlcdtestPCA$1182               kpdlcdtestPCA
C:   000000E7  C$c8051_SDCC.h$86$1$39             kpdlcdtestPCA
C:   000000EA  A$kpdlcdtestPCA$1185               kpdlcdtestPCA
C:   000000EA  C$c8051_SDCC.h$88$1$39             kpdlcdtestPCA
C:   000000ED  A$kpdlcdtestPCA$1188               kpdlcdtestPCA
C:   000000ED  C$c8051_SDCC.h$89$1$39             kpdlcdtestPCA
C:   000000F0  A$kpdlcdtestPCA$1191               kpdlcdtestPCA
C:   000000F0  C$c8051_SDCC.h$91$1$39             kpdlcdtestPCA
C:   000000F3  A$kpdlcdtestPCA$1194               kpdlcdtestPCA
C:   000000F3  C$c8051_SDCC.h$92$1$39             kpdlcdtestPCA
C:   000000F6  A$kpdlcdtestPCA$1197               kpdlcdtestPCA
C:   000000F6  C$c8051_SDCC.h$93$1$39             kpdlcdtestPCA
C:   000000F6  XG$Sys_Init$0$0                    kpdlcdtestPCA
C:   000000F7  A$kpdlcdtestPCA$1210               kpdlcdtestPCA
C:   000000F7  C$c8051_SDCC.h$98$1$39             kpdlcdtestPCA
C:   000000F7  G$putchar$0$0                      kpdlcdtestPCA
C:   000000F7  _putchar                           kpdlcdtestPCA
C:   000000F9  A$kpdlcdtestPCA$1216               kpdlcdtestPCA
C:   000000F9  C$c8051_SDCC.h$100$1$41            kpdlcdtestPCA
C:   000000F9  C$c8051_SDCC.h$101$1$41            kpdlcdtestPCA
C:   000000FC  A$kpdlcdtestPCA$1217               kpdlcdtestPCA
C:   000000FE  A$kpdlcdtestPCA$1221               kpdlcdtestPCA
C:   000000FE  C$c8051_SDCC.h$102$1$41            kpdlcdtestPCA
C:   00000100  A$kpdlcdtestPCA$1224               kpdlcdtestPCA
C:   00000100  C$c8051_SDCC.h$103$1$41            kpdlcdtestPCA
C:   00000100  XG$putchar$0$0                     kpdlcdtestPCA
C:   00000101  A$kpdlcdtestPCA$1242               kpdlcdtestPCA
C:   00000101  C$c8051_SDCC.h$108$1$41            kpdlcdtestPCA
C:   00000101  C$c8051_SDCC.h$111$1$43            kpdlcdtestPCA
C:   00000101  C$c8051_SDCC.h$112$1$43            kpdlcdtestPCA
C:   00000101  G$getchar$0$0                      kpdlcdtestPCA
C:   00000101  _getchar                           kpdlcdtestPCA
C:   00000104  A$kpdlcdtestPCA$1243               kpdlcdtestPCA
C:   00000106  A$kpdlcdtestPCA$1247               kpdlcdtestPCA
C:   00000106  C$c8051_SDCC.h$113$1$43            kpdlcdtestPCA
C:   00000109  A$kpdlcdtestPCA$1250               kpdlcdtestPCA
C:   00000109  C$c8051_SDCC.h$114$1$43            kpdlcdtestPCA
C:   0000010C  A$kpdlcdtestPCA$1253               kpdlcdtestPCA
C:   0000010C  C$c8051_SDCC.h$115$1$43            kpdlcdtestPCA
C:   0000010F  A$kpdlcdtestPCA$1256               kpdlcdtestPCA
C:   0000010F  C$c8051_SDCC.h$116$1$43            kpdlcdtestPCA
C:   0000010F  XG$getchar$0$0                     kpdlcdtestPCA
C:   00000110  A$kpdlcdtestPCA$1271               kpdlcdtestPCA
C:   00000110  C$c8051_SDCC.h$121$1$43            kpdlcdtestPCA
C:   00000110  C$c8051_SDCC.h$124$1$45            kpdlcdtestPCA
C:   00000110  G$getchar_nw$0$0                   kpdlcdtestPCA
C:   00000110  _getchar_nw                        kpdlcdtestPCA
ASxxxx Linker V03.00 + NoICE + sdld,  page 30.
Hexadecimal  [32-Bits]

Area                                    Addr        Size        Decimal Bytes (Attributes)
--------------------------------        ----        ----        ------- ----- ------------
CSEG                                000000AD    00000DE9 =        3561. bytes (REL,CON,CODE)

      Value  Global                              Global Defined In Module
      -----  --------------------------------   ------------------------
C:   00000113  A$kpdlcdtestPCA$1272               kpdlcdtestPCA
C:   00000116  A$kpdlcdtestPCA$1273               kpdlcdtestPCA
C:   00000118  A$kpdlcdtestPCA$1277               kpdlcdtestPCA
C:   00000118  C$c8051_SDCC.h$127$2$46            kpdlcdtestPCA
C:   0000011A  A$kpdlcdtestPCA$1280               kpdlcdtestPCA
C:   0000011A  C$c8051_SDCC.h$128$2$46            kpdlcdtestPCA
C:   0000011D  A$kpdlcdtestPCA$1283               kpdlcdtestPCA
C:   0000011D  C$c8051_SDCC.h$129$2$46            kpdlcdtestPCA
C:   00000120  A$kpdlcdtestPCA$1286               kpdlcdtestPCA
C:   00000120  C$c8051_SDCC.h$130$2$46            kpdlcdtestPCA
C:   00000123  A$kpdlcdtestPCA$1290               kpdlcdtestPCA
C:   00000123  C$c8051_SDCC.h$132$1$45            kpdlcdtestPCA
C:   00000123  XG$getchar_nw$0$0                  kpdlcdtestPCA
C:   00000124  A$kpdlcdtestPCA$1307               kpdlcdtestPCA
C:   00000124  C$i2c.h$84$1$45                    kpdlcdtestPCA
C:   00000124  G$lcd_print$0$0                    kpdlcdtestPCA
C:   00000124  _lcd_print                         kpdlcdtestPCA
C:   00000126  A$kpdlcdtestPCA$1308               kpdlcdtestPCA
C:   00000129  A$kpdlcdtestPCA$1311               kpdlcdtestPCA
C:   00000129  C$i2c.h$90$1$81                    kpdlcdtestPCA
C:   0000012B  A$kpdlcdtestPCA$1312               kpdlcdtestPCA
C:   0000012D  A$kpdlcdtestPCA$1313               kpdlcdtestPCA
C:   0000012E  A$kpdlcdtestPCA$1314               kpdlcdtestPCA
C:   00000130  A$kpdlcdtestPCA$1315               kpdlcdtestPCA
C:   00000131  A$kpdlcdtestPCA$1316               kpdlcdtestPCA
C:   00000133  A$kpdlcdtestPCA$1317               kpdlcdtestPCA
C:   00000134  A$kpdlcdtestPCA$1318               kpdlcdtestPCA
C:   00000136  A$kpdlcdtestPCA$1319               kpdlcdtestPCA
C:   00000139  A$kpdlcdtestPCA$1320               kpdlcdtestPCA
C:   0000013B  A$kpdlcdtestPCA$1321               kpdlcdtestPCA
C:   0000013E  A$kpdlcdtestPCA$1322               kpdlcdtestPCA
C:   00000140  A$kpdlcdtestPCA$1323               kpdlcdtestPCA
C:   00000142  A$kpdlcdtestPCA$1324               kpdlcdtestPCA
C:   00000144  A$kpdlcdtestPCA$1328               kpdlcdtestPCA
C:   00000144  C$i2c.h$92$2$82                    kpdlcdtestPCA
C:   00000146  A$kpdlcdtestPCA$1329               kpdlcdtestPCA
C:   00000148  A$kpdlcdtestPCA$1330               kpdlcdtestPCA
C:   00000149  A$kpdlcdtestPCA$1331               kpdlcdtestPCA
C:   0000014B  A$kpdlcdtestPCA$1334               kpdlcdtestPCA
C:   0000014B  C$i2c.h$93$1$81                    kpdlcdtestPCA
C:   0000014D  A$kpdlcdtestPCA$1335               kpdlcdtestPCA
C:   0000014F  A$kpdlcdtestPCA$1336               kpdlcdtestPCA
C:   00000150  A$kpdlcdtestPCA$1337               kpdlcdtestPCA
C:   00000152  A$kpdlcdtestPCA$1338               kpdlcdtestPCA
C:   00000153  A$kpdlcdtestPCA$1339               kpdlcdtestPCA
C:   00000155  A$kpdlcdtestPCA$1340               kpdlcdtestPCA
C:   00000156  A$kpdlcdtestPCA$1341               kpdlcdtestPCA
C:   00000158  A$kpdlcdtestPCA$1342               kpdlcdtestPCA
C:   0000015B  A$kpdlcdtestPCA$1343               kpdlcdtestPCA
C:   0000015E  A$kpdlcdtestPCA$1344               kpdlcdtestPCA
C:   00000161  A$kpdlcdtestPCA$1347               kpdlcdtestPCA
ASxxxx Linker V03.00 + NoICE + sdld,  page 31.
Hexadecimal  [32-Bits]

Area                                    Addr        Size        Decimal Bytes (Attributes)
--------------------------------        ----        ----        ------- ----- ------------
CSEG                                000000AD    00000DE9 =        3561. bytes (REL,CON,CODE)

      Value  Global                              Global Defined In Module
      -----  --------------------------------   ------------------------
C:   00000161  C$i2c.h$96$1$81                    kpdlcdtestPCA
C:   00000164  A$kpdlcdtestPCA$1348               kpdlcdtestPCA
C:   00000167  A$kpdlcdtestPCA$1349               kpdlcdtestPCA
C:   0000016A  A$kpdlcdtestPCA$1350               kpdlcdtestPCA
C:   0000016C  A$kpdlcdtestPCA$1353               kpdlcdtestPCA
C:   0000016E  A$kpdlcdtestPCA$1355               kpdlcdtestPCA
C:   0000016F  A$kpdlcdtestPCA$1356               kpdlcdtestPCA
C:   00000170  A$kpdlcdtestPCA$1357               kpdlcdtestPCA
C:   00000171  A$kpdlcdtestPCA$1358               kpdlcdtestPCA
C:   00000173  A$kpdlcdtestPCA$1361               kpdlcdtestPCA
C:   00000173  C$i2c.h$99$2$84                    kpdlcdtestPCA
C:   00000174  A$kpdlcdtestPCA$1362               kpdlcdtestPCA
C:   00000176  A$kpdlcdtestPCA$1363               kpdlcdtestPCA
C:   00000178  A$kpdlcdtestPCA$1364               kpdlcdtestPCA
C:   00000179  A$kpdlcdtestPCA$1365               kpdlcdtestPCA
C:   0000017B  A$kpdlcdtestPCA$1366               kpdlcdtestPCA
C:   0000017D  A$kpdlcdtestPCA$1367               kpdlcdtestPCA
C:   0000017E  A$kpdlcdtestPCA$1368               kpdlcdtestPCA
C:   0000017F  A$kpdlcdtestPCA$1369               kpdlcdtestPCA
C:   00000182  A$kpdlcdtestPCA$1370               kpdlcdtestPCA
C:   00000183  A$kpdlcdtestPCA$1371               kpdlcdtestPCA
C:   00000185  A$kpdlcdtestPCA$1372               kpdlcdtestPCA
C:   00000187  A$kpdlcdtestPCA$1373               kpdlcdtestPCA
C:   00000188  A$kpdlcdtestPCA$1374               kpdlcdtestPCA
C:   0000018A  A$kpdlcdtestPCA$1375               kpdlcdtestPCA
C:   0000018C  A$kpdlcdtestPCA$1376               kpdlcdtestPCA
C:   0000018E  A$kpdlcdtestPCA$1377               kpdlcdtestPCA
C:   0000018F  A$kpdlcdtestPCA$1381               kpdlcdtestPCA
C:   0000018F  C$i2c.h$97$1$81                    kpdlcdtestPCA
C:   00000190  A$kpdlcdtestPCA$1382               kpdlcdtestPCA
C:   00000192  A$kpdlcdtestPCA$1386               kpdlcdtestPCA
C:   00000192  C$i2c.h$102$1$81                   kpdlcdtestPCA
C:   00000195  A$kpdlcdtestPCA$1387               kpdlcdtestPCA
C:   00000198  A$kpdlcdtestPCA$1388               kpdlcdtestPCA
C:   0000019B  A$kpdlcdtestPCA$1389               kpdlcdtestPCA
C:   0000019E  A$kpdlcdtestPCA$1390               kpdlcdtestPCA
C:   000001A0  A$kpdlcdtestPCA$1391               kpdlcdtestPCA
C:   000001A3  A$kpdlcdtestPCA$1392               kpdlcdtestPCA
C:   000001A6  A$kpdlcdtestPCA$1394               kpdlcdtestPCA
C:   000001A8  A$kpdlcdtestPCA$1397               kpdlcdtestPCA
C:   000001A8  C$i2c.h$103$1$81                   kpdlcdtestPCA
C:   000001A8  XG$lcd_print$0$0                   kpdlcdtestPCA
C:   000001A9  A$kpdlcdtestPCA$1413               kpdlcdtestPCA
C:   000001A9  C$i2c.h$106$1$81                   kpdlcdtestPCA
C:   000001A9  C$i2c.h$108$1$81                   kpdlcdtestPCA
C:   000001A9  G$lcd_clear$0$0                    kpdlcdtestPCA
C:   000001A9  _lcd_clear                         kpdlcdtestPCA
C:   000001AC  A$kpdlcdtestPCA$1417               kpdlcdtestPCA
C:   000001AC  C$i2c.h$110$1$85                   kpdlcdtestPCA
C:   000001AE  A$kpdlcdtestPCA$1418               kpdlcdtestPCA
C:   000001B0  A$kpdlcdtestPCA$1419               kpdlcdtestPCA
ASxxxx Linker V03.00 + NoICE + sdld,  page 32.
Hexadecimal  [32-Bits]

Area                                    Addr        Size        Decimal Bytes (Attributes)
--------------------------------        ----        ----        ------- ----- ------------
CSEG                                000000AD    00000DE9 =        3561. bytes (REL,CON,CODE)

      Value  Global                              Global Defined In Module
      -----  --------------------------------   ------------------------
C:   000001B2  A$kpdlcdtestPCA$1420               kpdlcdtestPCA
C:   000001B5  A$kpdlcdtestPCA$1421               kpdlcdtestPCA
C:   000001B8  A$kpdlcdtestPCA$1422               kpdlcdtestPCA
C:   000001BB  A$kpdlcdtestPCA$1423               kpdlcdtestPCA
C:   000001BE  A$kpdlcdtestPCA$1424               kpdlcdtestPCA
C:   000001C1  A$kpdlcdtestPCA$1425               kpdlcdtestPCA
C:   000001C4  A$kpdlcdtestPCA$1426               kpdlcdtestPCA
C:   000001C7  A$kpdlcdtestPCA$1427               kpdlcdtestPCA
C:   000001C9  A$kpdlcdtestPCA$1431               kpdlcdtestPCA
C:   000001C9  C$i2c.h$112$1$85                   kpdlcdtestPCA
C:   000001CC  A$kpdlcdtestPCA$1434               kpdlcdtestPCA
C:   000001CC  C$i2c.h$113$1$85                   kpdlcdtestPCA
C:   000001CF  A$kpdlcdtestPCA$1435               kpdlcdtestPCA
C:   000001D2  A$kpdlcdtestPCA$1436               kpdlcdtestPCA
C:   000001D5  A$kpdlcdtestPCA$1437               kpdlcdtestPCA
C:   000001D8  A$kpdlcdtestPCA$1438               kpdlcdtestPCA
C:   000001DB  A$kpdlcdtestPCA$1439               kpdlcdtestPCA
C:   000001DE  A$kpdlcdtestPCA$1440               kpdlcdtestPCA
C:   000001E1  A$kpdlcdtestPCA$1443               kpdlcdtestPCA
C:   000001E1  C$i2c.h$114$1$85                   kpdlcdtestPCA
C:   000001E1  XG$lcd_clear$0$0                   kpdlcdtestPCA
C:   000001E2  A$kpdlcdtestPCA$1459               kpdlcdtestPCA
C:   000001E2  C$i2c.h$117$1$85                   kpdlcdtestPCA
C:   000001E2  C$i2c.h$121$1$86                   kpdlcdtestPCA
C:   000001E2  G$read_keypad$0$0                  kpdlcdtestPCA
C:   000001E2  _read_keypad                       kpdlcdtestPCA
C:   000001E5  A$kpdlcdtestPCA$1460               kpdlcdtestPCA
C:   000001E8  A$kpdlcdtestPCA$1461               kpdlcdtestPCA
C:   000001EB  A$kpdlcdtestPCA$1462               kpdlcdtestPCA
C:   000001EE  A$kpdlcdtestPCA$1463               kpdlcdtestPCA
C:   000001F1  A$kpdlcdtestPCA$1464               kpdlcdtestPCA
C:   000001F4  A$kpdlcdtestPCA$1465               kpdlcdtestPCA
C:   000001F7  A$kpdlcdtestPCA$1468               kpdlcdtestPCA
C:   000001F7  C$i2c.h$122$1$86                   kpdlcdtestPCA
C:   000001F9  A$kpdlcdtestPCA$1469               kpdlcdtestPCA
C:   000001FC  A$kpdlcdtestPCA$1470               kpdlcdtestPCA
C:   000001FF  A$kpdlcdtestPCA$1471               kpdlcdtestPCA
C:   00000201  A$kpdlcdtestPCA$1475               kpdlcdtestPCA
C:   00000203  A$kpdlcdtestPCA$1476               kpdlcdtestPCA
C:   00000205  A$kpdlcdtestPCA$1480               kpdlcdtestPCA
C:   00000205  C$i2c.h$126$2$87                   kpdlcdtestPCA
C:   00000207  A$kpdlcdtestPCA$1481               kpdlcdtestPCA
C:   00000209  A$kpdlcdtestPCA$1482               kpdlcdtestPCA
C:   0000020B  A$kpdlcdtestPCA$1483               kpdlcdtestPCA
C:   0000020D  A$kpdlcdtestPCA$1484               kpdlcdtestPCA
C:   0000020F  A$kpdlcdtestPCA$1486               kpdlcdtestPCA
C:   00000210  A$kpdlcdtestPCA$1487               kpdlcdtestPCA
C:   00000211  A$kpdlcdtestPCA$1488               kpdlcdtestPCA
C:   00000212  A$kpdlcdtestPCA$1489               kpdlcdtestPCA
C:   00000213  A$kpdlcdtestPCA$1490               kpdlcdtestPCA
C:   00000214  A$kpdlcdtestPCA$1491               kpdlcdtestPCA
ASxxxx Linker V03.00 + NoICE + sdld,  page 33.
Hexadecimal  [32-Bits]

Area                                    Addr        Size        Decimal Bytes (Attributes)
--------------------------------        ----        ----        ------- ----- ------------
CSEG                                000000AD    00000DE9 =        3561. bytes (REL,CON,CODE)

      Value  Global                              Global Defined In Module
      -----  --------------------------------   ------------------------
C:   00000215  A$kpdlcdtestPCA$1493               kpdlcdtestPCA
C:   00000218  A$kpdlcdtestPCA$1494               kpdlcdtestPCA
C:   0000021A  A$kpdlcdtestPCA$1495               kpdlcdtestPCA
C:   0000021C  A$kpdlcdtestPCA$1496               kpdlcdtestPCA
C:   0000021D  A$kpdlcdtestPCA$1497               kpdlcdtestPCA
C:   0000021F  A$kpdlcdtestPCA$1498               kpdlcdtestPCA
C:   00000220  A$kpdlcdtestPCA$1499               kpdlcdtestPCA
C:   00000222  A$kpdlcdtestPCA$1500               kpdlcdtestPCA
C:   00000223  A$kpdlcdtestPCA$1501               kpdlcdtestPCA
C:   00000224  A$kpdlcdtestPCA$1502               kpdlcdtestPCA
C:   00000226  A$kpdlcdtestPCA$1505               kpdlcdtestPCA
C:   00000226  C$i2c.h$127$2$87                   kpdlcdtestPCA
C:   00000228  A$kpdlcdtestPCA$1506               kpdlcdtestPCA
C:   00000229  A$kpdlcdtestPCA$1507               kpdlcdtestPCA
C:   0000022B  A$kpdlcdtestPCA$1508               kpdlcdtestPCA
C:   0000022D  A$kpdlcdtestPCA$1512               kpdlcdtestPCA
C:   0000022D  C$i2c.h$124$1$86                   kpdlcdtestPCA
C:   0000022E  A$kpdlcdtestPCA$1513               kpdlcdtestPCA
C:   00000230  A$kpdlcdtestPCA$1514               kpdlcdtestPCA
C:   00000233  A$kpdlcdtestPCA$1516               kpdlcdtestPCA
C:   00000235  A$kpdlcdtestPCA$1519               kpdlcdtestPCA
C:   00000235  C$i2c.h$130$1$86                   kpdlcdtestPCA
C:   00000237  A$kpdlcdtestPCA$1520               kpdlcdtestPCA
C:   0000023A  A$kpdlcdtestPCA$1521               kpdlcdtestPCA
C:   0000023D  A$kpdlcdtestPCA$1522               kpdlcdtestPCA
C:   0000023F  A$kpdlcdtestPCA$1526               kpdlcdtestPCA
C:   0000023F  C$i2c.h$132$1$86                   kpdlcdtestPCA
C:   00000241  A$kpdlcdtestPCA$1527               kpdlcdtestPCA
C:   00000244  A$kpdlcdtestPCA$1528               kpdlcdtestPCA
C:   00000247  A$kpdlcdtestPCA$1529               kpdlcdtestPCA
C:   00000249  A$kpdlcdtestPCA$1533               kpdlcdtestPCA
C:   00000249  C$i2c.h$134$1$86                   kpdlcdtestPCA
C:   0000024B  A$kpdlcdtestPCA$1534               kpdlcdtestPCA
C:   0000024E  A$kpdlcdtestPCA$1535               kpdlcdtestPCA
C:   00000251  A$kpdlcdtestPCA$1536               kpdlcdtestPCA
C:   00000253  A$kpdlcdtestPCA$1540               kpdlcdtestPCA
C:   00000253  C$i2c.h$136$1$86                   kpdlcdtestPCA
C:   00000255  A$kpdlcdtestPCA$1541               kpdlcdtestPCA
C:   00000258  A$kpdlcdtestPCA$1542               kpdlcdtestPCA
C:   0000025B  A$kpdlcdtestPCA$1543               kpdlcdtestPCA
C:   0000025D  A$kpdlcdtestPCA$1547               kpdlcdtestPCA
C:   0000025D  C$i2c.h$138$1$86                   kpdlcdtestPCA
C:   00000260  A$kpdlcdtestPCA$1551               kpdlcdtestPCA
C:   00000260  C$i2c.h$139$1$86                   kpdlcdtestPCA
C:   00000260  XG$read_keypad$0$0                 kpdlcdtestPCA
C:   00000261  A$kpdlcdtestPCA$1567               kpdlcdtestPCA
C:   00000261  C$i2c.h$151$1$86                   kpdlcdtestPCA
C:   00000261  G$kpd_input$0$0                    kpdlcdtestPCA
C:   00000261  _kpd_input                         kpdlcdtestPCA
C:   00000263  A$kpdlcdtestPCA$1572               kpdlcdtestPCA
C:   00000263  C$i2c.h$156$1$89                   kpdlcdtestPCA
ASxxxx Linker V03.00 + NoICE + sdld,  page 34.
Hexadecimal  [32-Bits]

Area                                    Addr        Size        Decimal Bytes (Attributes)
--------------------------------        ----        ----        ------- ----- ------------
CSEG                                000000AD    00000DE9 =        3561. bytes (REL,CON,CODE)

      Value  Global                              Global Defined In Module
      -----  --------------------------------   ------------------------
C:   00000263  C$i2c.h$159$1$89                   kpdlcdtestPCA
C:   00000264  A$kpdlcdtestPCA$1573               kpdlcdtestPCA
C:   00000265  A$kpdlcdtestPCA$1574               kpdlcdtestPCA
C:   00000266  A$kpdlcdtestPCA$1575               kpdlcdtestPCA
C:   00000267  A$kpdlcdtestPCA$1576               kpdlcdtestPCA
C:   00000269  A$kpdlcdtestPCA$1577               kpdlcdtestPCA
[...]
C:   000005E9  A$kpdlcdtestPCA$2365               kpdlcdtestPCA
C:   000005E9  C$kpdlcdtestPCA.c$52$1$122         kpdlcdtestPCA
C:   000005EC  A$kpdlcdtestPCA$2368               kpdlcdtestPCA
C:   000005EC  C$kpdlcdtestPCA.c$53$1$122         kpdlcdtestPCA
C:   000005EE  A$kpdlcdtestPCA$2369               kpdlcdtestPCA
C:   000005F0  A$kpdlcdtestPCA$2370               kpdlcdtestPCA
C:   000005F2  A$kpdlcdtestPCA$2371               kpdlcdtestPCA
C:   000005F4  A$kpdlcdtestPCA$2372               kpdlcdtestPCA
C:   000005F6  A$kpdlcdtestPCA$2373               kpdlcdtestPCA
C:   000005F8  A$kpdlcdtestPCA$2374               kpdlcdtestPCA
C:   000005FB  A$kpdlcdtestPCA$2375               kpdlcdtestPCA
C:   000005FD  A$kpdlcdtestPCA$2376               kpdlcdtestPCA
C:   000005FF  A$kpdlcdtestPCA$2377               kpdlcdtestPCA
C:   00000601  A$kpdlcdtestPCA$2383               kpdlcdtestPCA
C:   00000601  C$kpdlcdtestPCA.c$55$1$122         kpdlcdtestPCA
C:   00000601  C$kpdlcdtestPCA.c$83$2$123         kpdlcdtestPCA
C:   00000604  A$kpdlcdtestPCA$2384               kpdlcdtestPCA
C:   00000606  A$kpdlcdtestPCA$2387               kpdlcdtestPCA
C:   00000606  C$kpdlcdtestPCA.c$85$2$123         kpdlcdtestPCA
C:   00000608  A$kpdlcdtestPCA$2388               kpdlcdtestPCA
C:   0000060A  A$kpdlcdtestPCA$2389               kpdlcdtestPCA
C:   0000060C  A$kpdlcdtestPCA$2390               kpdlcdtestPCA
C:   0000060E  A$kpdlcdtestPCA$2391               kpdlcdtestPCA
C:   00000610  A$kpdlcdtestPCA$2392               kpdlcdtestPCA
C:   00000612  A$kpdlcdtestPCA$2393               kpdlcdtestPCA
C:   00000614  A$kpdlcdtestPCA$2394               kpdlcdtestPCA
C:   00000617  A$kpdlcdtestPCA$2395               kpdlcdtestPCA
C:   00000619  A$kpdlcdtestPCA$2396               kpdlcdtestPCA
C:   0000061B  A$kpdlcdtestPCA$2397               kpdlcdtestPCA
C:   0000061D  A$kpdlcdtestPCA$2400               kpdlcdtestPCA
C:   0000061D  C$kpdlcdtestPCA.c$86$2$123         kpdlcdtestPCA
C:   0000061F  A$kpdlcdtestPCA$2401               kpdlcdtestPCA
C:   00000621  A$kpdlcdtestPCA$2402               kpdlcdtestPCA
C:   00000623  A$kpdlcdtestPCA$2403               kpdlcdtestPCA
C:   00000625  A$kpdlcdtestPCA$2404               kpdlcdtestPCA
C:   00000627  A$kpdlcdtestPCA$2405               kpdlcdtestPCA
C:   00000629  A$kpdlcdtestPCA$2406               kpdlcdtestPCA
ASxxxx Linker V03.00 + NoICE + sdld,  page 46.
Hexadecimal  [32-Bits]

Area                                    Addr        Size        Decimal Bytes (Attributes)
--------------------------------        ----        ----        ------- ----- ------------
CSEG                                000000AD    00000DE9 =        3561. bytes (REL,CON,CODE)

      Value  Global                              Global Defined In Module
      -----  --------------------------------   ------------------------
C:   0000062C  A$kpdlcdtestPCA$2407               kpdlcdtestPCA
C:   0000062E  A$kpdlcdtestPCA$2408               kpdlcdtestPCA
C:   00000630  A$kpdlcdtestPCA$2409               kpdlcdtestPCA
C:   00000632  A$kpdlcdtestPCA$2410               kpdlcdtestPCA
C:   00000634  A$kpdlcdtestPCA$2413               kpdlcdtestPCA
C:   00000634  C$kpdlcdtestPCA.c$87$2$123         kpdlcdtestPCA
C:   00000637  A$kpdlcdtestPCA$2414               kpdlcdtestPCA
C:   00000639  A$kpdlcdtestPCA$2418               kpdlcdtestPCA
C:   00000639  C$kpdlcdtestPCA.c$91$3$124         kpdlcdtestPCA
C:   0000063B  A$kpdlcdtestPCA$2419               kpdlcdtestPCA
C:   0000063E  A$kpdlcdtestPCA$2420               kpdlcdtestPCA
C:   00000640  A$kpdlcdtestPCA$2423               kpdlcdtestPCA
C:   00000640  C$kpdlcdtestPCA.c$92$3$124         kpdlcdtestPCA
C:   00000642  A$kpdlcdtestPCA$2424               kpdlcdtestPCA
C:   00000644  A$kpdlcdtestPCA$2425               kpdlcdtestPCA
C:   00000646  A$kpdlcdtestPCA$2426               kpdlcdtestPCA
C:   00000648  A$kpdlcdtestPCA$2427               kpdlcdtestPCA
C:   0000064A  A$kpdlcdtestPCA$2428               kpdlcdtestPCA
C:   0000064C  A$kpdlcdtestPCA$2429               kpdlcdtestPCA
C:   0000064E  A$kpdlcdtestPCA$2430               kpdlcdtestPCA
C:   00000650  A$kpdlcdtestPCA$2431               kpdlcdtestPCA
C:   00000652  A$kpdlcdtestPCA$2432               kpdlcdtestPCA
C:   00000654  A$kpdlcdtestPCA$2433               kpdlcdtestPCA
C:   00000656  A$kpdlcdtestPCA$2434               kpdlcdtestPCA
C:   00000658  A$kpdlcdtestPCA$2435               kpdlcdtestPCA
C:   0000065A  A$kpdlcdtestPCA$2436               kpdlcdtestPCA
C:   0000065C  A$kpdlcdtestPCA$2437               kpdlcdtestPCA
C:   0000065E  A$kpdlcdtestPCA$2438               kpdlcdtestPCA
C:   00000661  A$kpdlcdtestPCA$2439               kpdlcdtestPCA
C:   00000663  A$kpdlcdtestPCA$2440               kpdlcdtestPCA
C:   00000665  A$kpdlcdtestPCA$2441               kpdlcdtestPCA
C:   00000667  A$kpdlcdtestPCA$2442               kpdlcdtestPCA
C:   00000669  A$kpdlcdtestPCA$2443               kpdlcdtestPCA
C:   0000066B  A$kpdlcdtestPCA$2446               kpdlcdtestPCA
C:   0000066B  C$kpdlcdtestPCA.c$93$3$124         kpdlcdtestPCA
C:   0000066D  A$kpdlcdtestPCA$2447               kpdlcdtestPCA
C:   0000066F  A$kpdlcdtestPCA$2448               kpdlcdtestPCA
C:   00000671  A$kpdlcdtestPCA$2449               kpdlcdtestPCA
C:   00000673  A$kpdlcdtestPCA$2450               kpdlcdtestPCA
C:   00000675  A$kpdlcdtestPCA$2451               kpdlcdtestPCA
C:   00000677  A$kpdlcdtestPCA$2452               kpdlcdtestPCA
C:   00000679  A$kpdlcdtestPCA$2453               kpdlcdtestPCA
C:   0000067B  A$kpdlcdtestPCA$2454               kpdlcdtestPCA
C:   0000067D  A$kpdlcdtestPCA$2455               kpdlcdtestPCA
C:   0000067F  A$kpdlcdtestPCA$2456               kpdlcdtestPCA
C:   00000682  A$kpdlcdtestPCA$2457               kpdlcdtestPCA
C:   00000684  A$kpdlcdtestPCA$2458               kpdlcdtestPCA
C:   00000686  A$kpdlcdtestPCA$2459               kpdlcdtestPCA
C:   00000688  A$kpdlcdtestPCA$2460               kpdlcdtestPCA
C:   0000068A  A$kpdlcdtestPCA$2463               kpdlcdtestPCA
C:   0000068A  C$kpdlcdtestPCA.c$94$3$124         kpdlcdtestPCA
ASxxxx Linker V03.00 + NoICE + sdld,  page 47.
Hexadecimal  [32-Bits]

Area                                    Addr        Size        Decimal Bytes (Attributes)
--------------------------------        ----        ----        ------- ----- ------------
CSEG                                000000AD    00000DE9 =        3561. bytes (REL,CON,CODE)

      Value  Global                              Global Defined In Module
      -----  --------------------------------   ------------------------
C:   0000068B  A$kpdlcdtestPCA$2464               kpdlcdtestPCA
C:   0000068D  A$kpdlcdtestPCA$2465               kpdlcdtestPCA
C:   00000690  A$kpdlcdtestPCA$2467               kpdlcdtestPCA
C:   00000692  A$kpdlcdtestPCA$2468               kpdlcdtestPCA
C:   00000694  A$kpdlcdtestPCA$2469               kpdlcdtestPCA
C:   00000696  A$kpdlcdtestPCA$2470               kpdlcdtestPCA
C:   00000698  A$kpdlcdtestPCA$2471               kpdlcdtestPCA
C:   0000069A  A$kpdlcdtestPCA$2472               kpdlcdtestPCA
C:   0000069C  A$kpdlcdtestPCA$2473               kpdlcdtestPCA
C:   0000069F  A$kpdlcdtestPCA$2474               kpdlcdtestPCA
C:   000006A1  A$kpdlcdtestPCA$2475               kpdlcdtestPCA
C:   000006A3  A$kpdlcdtestPCA$2476               kpdlcdtestPCA
C:   000006A5  A$kpdlcdtestPCA$2477               kpdlcdtestPCA
C:   000006A8  A$kpdlcdtestPCA$2480               kpdlcdtestPCA
C:   000006A8  C$kpdlcdtestPCA.c$97$1$122         kpdlcdtestPCA
C:   000006A8  XG$main$0$0                        kpdlcdtestPCA
C:   000006A9  A$kpdlcdtestPCA$2493               kpdlcdtestPCA
C:   000006A9  C$kpdlcdtestPCA.c$100$1$122        kpdlcdtestPCA
C:   000006A9  C$kpdlcdtestPCA.c$102$1$126        kpdlcdtestPCA
C:   000006A9  G$Port_Init$0$0                    kpdlcdtestPCA
C:   000006A9  _Port_Init                         kpdlcdtestPCA
C:   000006AC  A$kpdlcdtestPCA$2496               kpdlcdtestPCA
C:   000006AC  C$kpdlcdtestPCA.c$103$1$126        kpdlcdtestPCA
C:   000006AC  XG$Port_Init$0$0                   kpdlcdtestPCA
C:   000006AD  A$kpdlcdtestPCA$2509               kpdlcdtestPCA
C:   000006AD  C$kpdlcdtestPCA.c$105$1$126        kpdlcdtestPCA
C:   000006AD  C$kpdlcdtestPCA.c$107$1$128        kpdlcdtestPCA
C:   000006AD  G$Interrupt_Init$0$0               kpdlcdtestPCA
C:   000006AD  _Interrupt_Init                    kpdlcdtestPCA
C:   000006B0  A$kpdlcdtestPCA$2512               kpdlcdtestPCA
C:   000006B0  C$kpdlcdtestPCA.c$108$1$128        kpdlcdtestPCA
C:   000006B3  A$kpdlcdtestPCA$2515               kpdlcdtestPCA
C:   000006B3  C$kpdlcdtestPCA.c$109$1$128        kpdlcdtestPCA
C:   000006B5  A$kpdlcdtestPCA$2518               kpdlcdtestPCA
C:   000006B5  C$kpdlcdtestPCA.c$110$1$128        kpdlcdtestPCA
C:   000006B5  XG$Interrupt_Init$0$0              kpdlcdtestPCA
C:   000006B6  A$kpdlcdtestPCA$2531               kpdlcdtestPCA
C:   000006B6  C$kpdlcdtestPCA.c$112$1$128        kpdlcdtestPCA
C:   000006B6  C$kpdlcdtestPCA.c$114$1$130        kpdlcdtestPCA
C:   000006B6  G$PCA_Init$0$0                     kpdlcdtestPCA
C:   000006B6  _PCA_Init                          kpdlcdtestPCA
C:   000006B9  A$kpdlcdtestPCA$2534               kpdlcdtestPCA
C:   000006B9  C$kpdlcdtestPCA.c$116$1$130        kpdlcdtestPCA
C:   000006BC  A$kpdlcdtestPCA$2537               kpdlcdtestPCA
C:   000006BC  C$kpdlcdtestPCA.c$117$1$130        kpdlcdtestPCA
C:   000006BC  XG$PCA_Init$0$0                    kpdlcdtestPCA
C:   000006BD  A$kpdlcdtestPCA$2550               kpdlcdtestPCA
C:   000006BD  C$kpdlcdtestPCA.c$119$1$130        kpdlcdtestPCA
C:   000006BD  C$kpdlcdtestPCA.c$121$1$132        kpdlcdtestPCA
C:   000006BD  G$SMB0_Init$0$0                    kpdlcdtestPCA
C:   000006BD  _SMB0_Init                         kpdlcdtestPCA
ASxxxx Linker V03.00 + NoICE + sdld,  page 48.
Hexadecimal  [32-Bits]

Area                                    Addr        Size        Decimal Bytes (Attributes)
--------------------------------        ----        ----        ------- ----- ------------
CSEG                                000000AD    00000DE9 =        3561. bytes (REL,CON,CODE)

      Value  Global                              Global Defined In Module
      -----  --------------------------------   ------------------------
C:   000006C0  A$kpdlcdtestPCA$2553               kpdlcdtestPCA
C:   000006C0  C$kpdlcdtestPCA.c$122$1$132        kpdlcdtestPCA
C:   000006C2  A$kpdlcdtestPCA$2556               kpdlcdtestPCA
C:   000006C2  C$kpdlcdtestPCA.c$123$1$132        kpdlcdtestPCA
C:   000006C2  XG$SMB0_Init$0$0                   kpdlcdtestPCA
C:   000006C3  A$kpdlcdtestPCA$2567               kpdlcdtestPCA
C:   000006C3  C$kpdlcdtestPCA.c$125$1$132        kpdlcdtestPCA
C:   000006C3  G$PCA_ISR$0$0                      kpdlcdtestPCA
C:   000006C3  _PCA_ISR                           kpdlcdtestPCA
C:   000006C5  A$kpdlcdtestPCA$2568               kpdlcdtestPCA
C:   000006C7  A$kpdlcdtestPCA$2573               kpdlcdtestPCA
C:   000006C7  C$kpdlcdtestPCA.c$127$1$134        kpdlcdtestPCA
C:   000006C7  C$kpdlcdtestPCA.c$129$2$135        kpdlcdtestPCA
C:   000006CA  A$kpdlcdtestPCA$2574               kpdlcdtestPCA
C:   000006CC  A$kpdlcdtestPCA$2578               kpdlcdtestPCA
C:   000006CC  C$kpdlcdtestPCA.c$130$2$135        kpdlcdtestPCA
C:   000006CE  A$kpdlcdtestPCA$2579               kpdlcdtestPCA
C:   000006CF  A$kpdlcdtestPCA$2580               kpdlcdtestPCA
C:   000006D2  A$kpdlcdtestPCA$2581               kpdlcdtestPCA
C:   000006D4  A$kpdlcdtestPCA$2585               kpdlcdtestPCA
C:   000006D4  C$kpdlcdtestPCA.c$131$2$135        kpdlcdtestPCA
C:   000006D6  A$kpdlcdtestPCA$2586               kpdlcdtestPCA
C:   000006D7  A$kpdlcdtestPCA$2587               kpdlcdtestPCA
C:   000006DA  A$kpdlcdtestPCA$2588               kpdlcdtestPCA
C:   000006DC  A$kpdlcdtestPCA$2592               kpdlcdtestPCA
C:   000006DC  C$kpdlcdtestPCA.c$132$2$135        kpdlcdtestPCA
C:   000006DF  A$kpdlcdtestPCA$2595               kpdlcdtestPCA
C:   000006DF  C$kpdlcdtestPCA.c$133$2$135        kpdlcdtestPCA
C:   000006E2  A$kpdlcdtestPCA$2598               kpdlcdtestPCA
C:   000006E2  C$kpdlcdtestPCA.c$134$2$135        kpdlcdtestPCA
C:   000006E3  A$kpdlcdtestPCA$2599               kpdlcdtestPCA
C:   000006E5  A$kpdlcdtestPCA$2600               kpdlcdtestPCA
C:   000006E7  A$kpdlcdtestPCA$2601               kpdlcdtestPCA
C:   000006E8  A$kpdlcdtestPCA$2602               kpdlcdtestPCA
C:   000006EA  A$kpdlcdtestPCA$2603               kpdlcdtestPCA
C:   000006EC  A$kpdlcdtestPCA$2606               kpdlcdtestPCA
C:   000006EC  C$kpdlcdtestPCA.c$136$3$136        kpdlcdtestPCA
C:   000006ED  A$kpdlcdtestPCA$2607               kpdlcdtestPCA
C:   000006EF  A$kpdlcdtestPCA$2608               kpdlcdtestPCA
C:   000006F1  A$kpdlcdtestPCA$2611               kpdlcdtestPCA
C:   000006F1  C$kpdlcdtestPCA.c$137$3$136        kpdlcdtestPCA
C:   000006F3  A$kpdlcdtestPCA$2613               kpdlcdtestPCA
C:   000006F6  A$kpdlcdtestPCA$2614               kpdlcdtestPCA
C:   000006F8  A$kpdlcdtestPCA$2615               kpdlcdtestPCA
C:   000006FA  A$kpdlcdtestPCA$2619               kpdlcdtestPCA
C:   000006FA  C$kpdlcdtestPCA.c$140$1$134        kpdlcdtestPCA
C:   000006FD  A$kpdlcdtestPCA$2621               kpdlcdtestPCA
C:   000006FF  A$kpdlcdtestPCA$2622               kpdlcdtestPCA
C:   00000701  A$kpdlcdtestPCA$2625               kpdlcdtestPCA
C:   00000701  C$kpdlcdtestPCA.c$141$1$134        kpdlcdtestPCA
C:   00000701  XG$PCA_ISR$0$0                     kpdlcdtestPCA
ASxxxx Linker V03.00 + NoICE + sdld,  page 49.
Hexadecimal  [32-Bits]

Area                                    Addr        Size        Decimal Bytes (Attributes)
--------------------------------        ----        ----        ------- ----- ------------
CSEG                                000000AD    00000DE9 =        3561. bytes (REL,CON,CODE)

      Value  Global                              Global Defined In Module
      -----  --------------------------------   ------------------------
C:   00000702  A$kpdlcdtestPCA$2642               kpdlcdtestPCA
C:   00000702  C$kpdlcdtestPCA.c$143$1$134        kpdlcdtestPCA
C:   00000702  C$kpdlcdtestPCA.c$145$1$138        kpdlcdtestPCA
C:   00000702  G$pause$0$0                        kpdlcdtestPCA
C:   00000702  _pause                             kpdlcdtestPCA
C:   00000703  A$kpdlcdtestPCA$2643               kpdlcdtestPCA
C:   00000705  A$kpdlcdtestPCA$2644               kpdlcdtestPCA
C:   00000707  A$kpdlcdtestPCA$2648               kpdlcdtestPCA
C:   00000707  C$kpdlcdtestPCA.c$146$1$138        kpdlcdtestPCA
C:   00000708  A$kpdlcdtestPCA$2649               kpdlcdtestPCA
C:   0000070A  A$kpdlcdtestPCA$2650               kpdlcdtestPCA
C:   0000070C  A$kpdlcdtestPCA$2651               kpdlcdtestPCA
C:   0000070E  A$kpdlcdtestPCA$2652               kpdlcdtestPCA
C:   00000710  A$kpdlcdtestPCA$2653               kpdlcdtestPCA
C:   00000712  A$kpdlcdtestPCA$2656               kpdlcdtestPCA
C:   00000712  C$kpdlcdtestPCA.c$147$1$138        kpdlcdtestPCA
C:   00000712  XG$pause$0$0                       kpdlcdtestPCA
C:   00000713  A$kpdlcdtestPCA$2669               kpdlcdtestPCA
C:   00000713  C$kpdlcdtestPCA.c$149$1$138        kpdlcdtestPCA
C:   00000713  C$kpdlcdtestPCA.c$151$1$140        kpdlcdtestPCA
C:   00000713  G$wait$0$0                         kpdlcdtestPCA
C:   00000713  _wait                              kpdlcdtestPCA
C:   00000714  A$kpdlcdtestPCA$2670               kpdlcdtestPCA
C:   00000716  A$kpdlcdtestPCA$2671               kpdlcdtestPCA
C:   00000718  A$kpdlcdtestPCA$2675               kpdlcdtestPCA
C:   00000718  C$kpdlcdtestPCA.c$152$1$140        kpdlcdtestPCA
C:   00000719  A$kpdlcdtestPCA$2676               kpdlcdtestPCA
C:   0000071B  A$kpdlcdtestPCA$2677               kpdlcdtestPCA
C:   0000071D  A$kpdlcdtestPCA$2678               kpdlcdtestPCA
C:   0000071F  A$kpdlcdtestPCA$2679               kpdlcdtestPCA
C:   00000721  A$kpdlcdtestPCA$2680               kpdlcdtestPCA
C:   00000723  A$kpdlcdtestPCA$2683               kpdlcdtestPCA
C:   00000723  C$kpdlcdtestPCA.c$153$1$140        kpdlcdtestPCA
C:   00000723  XG$wait$0$0                        kpdlcdtestPCA
C:   00000724  __gptrput                          _gptrput
C:   0000073F  __mulint                           _mulint
C:   0000073F  __mulint_dummy                     _mulint
C:   000007CC  _vsprintf                          sprintf
C:   00000809  _sprintf                           sprintf
C:   00000862  _vprintf                           vprintf
C:   0000087B  _printf                            vprintf
C:   00000952  __print_format                     printf_large
C:   00000E5E  _strlen                            _strlen
C:   00000E76  __gptrget                          _gptrget
C:   00000E92  __sdcc_external_startup            _startup

ASxxxx Linker V03.00 + NoICE + sdld,  page 50.
Hexadecimal  [32-Bits]

Area                                    Addr        Size        Decimal Bytes (Attributes)
--------------------------------        ----        ----        ------- ----- ------------
CONST                               00000E96    000000DE =         222. bytes (REL,CON,CODE)

      Value  Global                              Global Defined In Module
      -----  --------------------------------   ------------------------
C:   00000E96  FkpdlcdtestPCA$__str_0$0$0         kpdlcdtestPCA
C:   00000EAC  FkpdlcdtestPCA$__str_1$0$0         kpdlcdtestPCA
C:   00000EBC  FkpdlcdtestPCA$__str_2$0$0         kpdlcdtestPCA
C:   00000EBF  FkpdlcdtestPCA$__str_3$0$0         kpdlcdtestPCA
C:   00000EC8  FkpdlcdtestPCA$__str_4$0$0         kpdlcdtestPCA
C:   00000EFC  FkpdlcdtestPCA$__str_5$0$0         kpdlcdtestPCA
C:   00000F02  FkpdlcdtestPCA$__str_6$0$0         kpdlcdtestPCA
C:   00000F09  FkpdlcdtestPCA$__str_7$0$0         kpdlcdtestPCA
C:   00000F26  FkpdlcdtestPCA$__str_8$0$0         kpdlcdtestPCA
C:   00000F44  FkpdlcdtestPCA$__str_9$0$0         kpdlcdtestPCA

ASxxxx Linker V03.00 + NoICE + sdld,  page 51.

Files Linked                              [ module(s) ]

C:\Users\Victor\Documents\RPI\LITEC\lab4\prelab\kpdlcdtestPCA.rel
                                          [  ]


Libraries Linked                          [ object file ]

C:\Program Files\SDCC\bin\..\lib\small/mcs51.lib
                                          [ crtclear.rel ]
C:\Program Files\SDCC\bin\..\lib\small/mcs51.lib
                                          [ crtxinit.rel ]
C:\Program Files\SDCC\bin\..\lib\small/libsdcc.lib
                                          [ _gptrput.rel ]
C:\Program Files\SDCC\bin\..\lib\small/libint.lib
                                          [ _mulint.rel ]
C:\Program Files\SDCC\bin\..\lib\small/libsdcc.lib
                                          [ sprintf.rel ]
C:\Program Files\SDCC\bin\..\lib\small/mcs51.lib
                                          [ crtxclear.rel ]
C:\Program Files\SDCC\bin\..\lib\small/libsdcc.lib
                                          [ _bp.rel ]
C:\Program Files\SDCC\bin\..\lib\small/libsdcc.lib
                                          [ vprintf.rel ]
C:\Program Files\SDCC\bin\..\lib\small/libsdcc.lib
                                          [ printf_large.rel ]
C:\Program Files\SDCC\bin\..\lib\small/libsdcc.lib
                                          [ _strlen.rel ]
C:\Program Files\SDCC\bin\..\lib\small/mcs51.lib
                                          [ crtstart.rel ]
C:\Program Files\SDCC\bin\..\lib\small/libsdcc.lib
                                          [ _gptrget.rel ]
C:\Program Files\SDCC\bin\..\lib\small/libsdcc.lib
                                          [ _startup.rel ]

ASxxxx Linker V03.00 + NoICE + sdld,  page 52.

User Base Address Definitions

HOME = 0x0000
XSEG = 0x0001
PSEG = 0x0001
ISEG = 0x0000
BSEG = 0x0000

